<html>
<body>
<pre>
<h1>µVision Build Log</h1>
<h2>Tool Versions:</h2>
IDE-Version: µVision V5.26.2.0
Copyright (C) 2018 ARM Ltd and ARM Germany GmbH. All rights reserved.
License Information: Nikita Dubrovsky, IP Dubrovsky, LIC=WHY9U-SL2RL-IHY8E-5HLEI-HLE2Z-RWCW0
 
Tool Versions:
Toolchain:       MDK-ARM Plus  Version: 5.26.2.0
Toolchain Path:  C:\Keil_v5\ARM\ARMCC\Bin
C Compiler:      Armcc.exe V5.06 update 6 (build 750)
Assembler:       Armasm.exe V5.06 update 6 (build 750)
Linker/Locator:  ArmLink.exe V5.06 update 6 (build 750)
Library Manager: ArmAr.exe V5.06 update 6 (build 750)
Hex Converter:   FromElf.exe V5.06 update 6 (build 750)
CPU DLL:         SARMCM3.DLL V5.26.2.0
Dialog DLL:      DARMCM1.DLL V1.19.1.0
Target DLL:      STLink\ST-LINKIII-KEIL_SWO.dll V3.0.5.0
Dialog DLL:      TARMCM1.DLL V1.14.0.0
 
<h2>Project:</h2>
C:\Users\dubrovsky\Desktop\Project_KBK_V3\Project_KBK_V3\f072.uvprojx
Project File Date:  04/22/2021

<h2>Output:</h2>
*** Using Compiler 'V5.06 update 6 (build 750)', folder: 'C:\Keil_v5\ARM\ARMCC\Bin'
Rebuild target 'Target 1'
compiling ADC.c...
compiling CAN.c...
user\CAN.c(95): warning:  #61-D: integer operation result is out of range
  	CAN_FilterInitStructure.CAN_FilterIdLow = 			(uint16_t)(serial_num_CAN_ID<<3) | CAN_IDE_32;	// Ìëàäøàÿ ÷àñòü èäåíòèôèêàòîðà ¹5
user\CAN.c: 1 warning, 0 errors
compiling buttons.c...
compiling i2c.c...
compiling timers.c...
compiling messages.c...
compiling main.c...
main.c(2957): warning:  #550-D: variable "status"  was set but never used
  	int32_t status = HASH_SUCCESS;
main.c: 1 warning, 0 errors
compiling led.c...
compiling MicroMenu.c...
compiling AT45DB.c...
compiling hd44780.c...
compiling stm32f0xx_adc.c...
compiling stm32f0xx_can.c...
compiling stm32f0xx_dma.c...
compiling stm32f0xx_flash.c...
compiling stm32f0xx_gpio.c...
compiling stm32f0xx_i2c.c...
compiling stm32f0xx_misc.c...
compiling stm32f0xx_rcc.c...
compiling stm32f0xx_spi.c...
compiling stm32f0xx_iwdg.c...
compiling stm32f0xx_usart.c...
compiling stm32f0xx_tim.c...
compiling stm32f0xx_syscfg.c...
compiling stm32f0xx_crc.c...
compiling diskio.c...
compiling SPI_MSD_Driver.c...
compiling usbd_storage_if.c...
compiling ff.c...
compiling usbd_msc_cdc.c...
compiling usbd_msc.c...
compiling usbd_msc_bot.c...
compiling usbd_msc_data.c...
compiling usbd_msc_scsi.c...
compiling usbd_conf.c...
compiling usbd_core.c...
compiling usbd_ctlreq.c...
compiling usbd_ioreq.c...
compiling usbd_desc.c...
compiling usbd_cdc.c...
assembling startup_stm32f072xb.s...
compiling usbd_cdc_if.c...
compiling stm32f0xx_hal_pcd.c...
compiling stm32f0xx_hal_pcd_ex.c...
compiling system_stm32f0xx.c...
compiling stm32f0xx_ll_usb.c...
linking...
Program Size: Code=68472 RO-data=9340 RW-data=1144 ZI-data=8532  
FromELF: creating hex file...
After Build - User command #1: ".\crc_keil.bat"
C:\Users\dubrovsky\Desktop\Project_KBK_V3\Project_KBK_V3>ï»¿
"ï»¿" ­¥ ï¢«ï¥âáï ¢­ãâà¥­­¥© ¨«¨ ¢­¥è­¥©
ª®¬ ­¤®©, ¨á¯®«­ï¥¬®© ¯à®£à ¬¬®© ¨«¨ ¯ ª¥â­ë¬ ä ©«®¬.
C:\Users\dubrovsky\Desktop\Project_KBK_V3\Project_KBK_V3>.\bin\srec_cat .\Objects\f072.hex -intel -STM32_Little_Endian -maximum-addr .\Objects\f072.hex -intel -o .\Objects\f072.hex -intel 
C:\Users\dubrovsky\Desktop\Project_KBK_V3\Project_KBK_V3>.\bin\srec_cat .\Objects\f072.hex -intel -offset - -minimum-addr .\Objects\f072.hex -intel -o program.bin -binary 
C:\Users\dubrovsky\Desktop\Project_KBK_V3\Project_KBK_V3>.\bin\srec_cat .\BOOTLOADER\Objects\f072.hex -intel -fill 0xFF 0x8000000 0x8004000 .\Objects\f072.hex -intel -o KBK3_BootAndMainProg.hex -intel 
".\Objects\f072.axf" - 0 Error(s), 2 Warning(s).

<h2>Software Packages used:</h2>

Package Vendor: ARM
                http://www.keil.com/pack/ARM.CMSIS.5.4.0.pack
                ARM.CMSIS.5.4.0
                CMSIS (Cortex Microcontroller Software Interface Standard)
   * Component: CORE Version: 5.1.2

Package Vendor: Keil
                http://www.keil.com/pack/Keil.STM32F0xx_DFP.2.0.0.pack
                Keil.STM32F0xx_DFP.2.0.0
                STMicroelectronics STM32F0 Series Device Support, Drivers and Examples
   * Component: Startup Version: 1.0.0

<h2>Collection of Component include folders:</h2>
  .\RTE\_Target_1
  C:\Keil_v5\ARM\PACK\ARM\CMSIS\5.4.0\CMSIS\Core\Include
  C:\Keil_v5\ARM\PACK\Keil\STM32F0xx_DFP\2.0.0\Drivers\CMSIS\Device\ST\STM32F0xx\Include

<h2>Collection of Component Files used:</h2>

   * Component: ARM::CMSIS:CORE:5.1.2

   * Component: Keil.Standalone::Device:Startup:1.0.0
      Include file:  Drivers\CMSIS\Device\ST\STM32F0xx\Include\stm32f0xx.h
      Source file:   MDK\Device\Source\ARM\STM32F0xx_OPT.s
      Source file:   Drivers\CMSIS\Device\ST\STM32F0xx\Source\Templates\system_stm32f0xx.c
      Source file:   Drivers\CMSIS\Device\ST\STM32F0xx\Source\Templates\arm\startup_stm32f072xb.s
Build Time Elapsed:  00:00:05
</pre>
</body>
</html>
