Component: ARM Compiler 5.06 update 6 (build 750) Tool: armlink [4d35ed]

==============================================================================

Section Cross References

    main.o(i.GPIO_USB_Init) refers to stm32f0xx_gpio.o(i.GPIO_Init) for GPIO_Init
    main.o(i.GPIO_USB_Init) refers to stm32f0xx_gpio.o(i.GPIO_ResetBits) for GPIO_ResetBits
    main.o(i.Init_RCC) refers to stm32f0xx_rcc.o(i.RCC_DeInit) for RCC_DeInit
    main.o(i.Init_RCC) refers to stm32f0xx_rcc.o(i.RCC_HSEConfig) for RCC_HSEConfig
    main.o(i.Init_RCC) refers to stm32f0xx_rcc.o(i.RCC_WaitForHSEStartUp) for RCC_WaitForHSEStartUp
    main.o(i.Init_RCC) refers to stm32f0xx_rcc.o(i.RCC_PREDIV1Config) for RCC_PREDIV1Config
    main.o(i.Init_RCC) refers to stm32f0xx_rcc.o(i.RCC_PLLConfig) for RCC_PLLConfig
    main.o(i.Init_RCC) refers to stm32f0xx_rcc.o(i.RCC_PLLCmd) for RCC_PLLCmd
    main.o(i.Init_RCC) refers to stm32f0xx_rcc.o(i.RCC_SYSCLKConfig) for RCC_SYSCLKConfig
    main.o(i.Init_RCC) refers to stm32f0xx_rcc.o(i.RCC_HCLKConfig) for RCC_HCLKConfig
    main.o(i.Init_RCC) refers to stm32f0xx_rcc.o(i.RCC_PCLKConfig) for RCC_PCLKConfig
    main.o(i.Init_RCC) refers to stm32f0xx_flash.o(i.FLASH_SetLatency) for FLASH_SetLatency
    main.o(i.Init_RCC) refers to stm32f0xx_flash.o(i.FLASH_PrefetchBufferCmd) for FLASH_PrefetchBufferCmd
    main.o(i.Init_RCC) refers to stm32f0xx_rcc.o(i.RCC_AHBPeriphClockCmd) for RCC_AHBPeriphClockCmd
    main.o(i.Init_leds) refers to stm32f0xx_gpio.o(i.GPIO_Init) for GPIO_Init
    main.o(i.Led_show) refers to stm32f0xx_gpio.o(i.GPIO_ResetBits) for GPIO_ResetBits
    main.o(i.Led_show) refers to stm32f0xx_gpio.o(i.GPIO_SetBits) for GPIO_SetBits
    main.o(i.Led_show) refers to main.o(.bss) for led_status
    main.o(i.ResetKey) refers to stm32f0xx_flash.o(i.FLASH_Unlock) for FLASH_Unlock
    main.o(i.ResetKey) refers to stm32f0xx_flash.o(i.FLASH_ErasePage) for FLASH_ErasePage
    main.o(i.ResetKey) refers to stm32f0xx_flash.o(i.FLASH_Lock) for FLASH_Lock
    main.o(i.SetKey) refers to stm32f0xx_flash.o(i.FLASH_Unlock) for FLASH_Unlock
    main.o(i.SetKey) refers to stm32f0xx_flash.o(i.FLASH_ProgramWord) for FLASH_ProgramWord
    main.o(i.SetKey) refers to stm32f0xx_flash.o(i.FLASH_Lock) for FLASH_Lock
    main.o(i.delay_ms) refers to hd44780.o(i.delay_micros) for delay_micros
    main.o(i.main) refers to main.o(i.Init_RCC) for Init_RCC
    main.o(i.main) refers to main.o(i.GPIO_USB_Init) for GPIO_USB_Init
    main.o(i.main) refers to main.o(i.Init_leds) for Init_leds
    main.o(i.main) refers to main.o(i.Led_show) for Led_show
    main.o(i.main) refers to hd44780.o(i.lcd44780_init_pins) for lcd44780_init_pins
    main.o(i.main) refers to hd44780.o(i.lcd44780_init) for lcd44780_init
    main.o(i.main) refers to main.o(i.ReadKey) for ReadKey
    main.o(i.main) refers to main.o(i.ResetKey) for ResetKey
    main.o(i.main) refers to hd44780.o(i.lcd44780_SetLCDPosition) for lcd44780_SetLCDPosition
    main.o(i.main) refers to hd44780.o(i.lcd44780_ShowStr) for lcd44780_ShowStr
    main.o(i.main) refers to main.o(i.delay_ms) for delay_ms
    main.o(i.main) refers to spi_msd_driver.o(i.MSD_SPI_Configuration) for MSD_SPI_Configuration
    main.o(i.main) refers to ff.o(i.f_mount) for f_mount
    main.o(i.main) refers to ff.o(i.f_open) for f_open
    main.o(i.main) refers to stm32f0xx_flash.o(i.FLASH_Unlock) for FLASH_Unlock
    main.o(i.main) refers to stm32f0xx_flash.o(i.FLASH_ErasePage) for FLASH_ErasePage
    main.o(i.main) refers to ff.o(i.f_read) for f_read
    main.o(i.main) refers to stm32f0xx_flash.o(i.FLASH_ProgramWord) for FLASH_ProgramWord
    main.o(i.main) refers to stm32f0xx_flash.o(i.FLASH_Lock) for FLASH_Lock
    main.o(i.main) refers to ff.o(i.f_close) for f_close
    main.o(i.main) refers to ff.o(i.f_unlink) for f_unlink
    main.o(i.main) refers to main.o(i.SetKey) for SetKey
    main.o(i.main) refers to main.o(i.__NVIC_SystemReset) for __NVIC_SystemReset
    main.o(i.main) refers to main.o(.bss) for led_status
    main.o(i.main) refers to main.o(.data) for jumpAddress
    main.o(.data) refers to main.o(.bss) for fs
    hd44780.o(i.Set_CGRAM_Symbol) refers to hd44780.o(i.lcd44780_WriteByte) for lcd44780_WriteByte
    hd44780.o(i.Write_command) refers to hd44780.o(i.lcd44780_WriteByte) for lcd44780_WriteByte
    hd44780.o(i.lcd44780_ClearLCD) refers to hd44780.o(i.lcd44780_WriteByte) for lcd44780_WriteByte
    hd44780.o(i.lcd44780_ClearLCD) refers to hd44780.o(i.delay_micros) for delay_micros
    hd44780.o(i.lcd44780_ClearLCD) refers to hd44780.o(i.lcd44780_GoToLine) for lcd44780_GoToLine
    hd44780.o(i.lcd44780_GoToLine) refers to hd44780.o(i.lcd44780_WriteByte) for lcd44780_WriteByte
    hd44780.o(i.lcd44780_GoToLine) refers to hd44780.o(.constdata) for lcd44780_addLUT
    hd44780.o(i.lcd44780_GoToLine) refers to hd44780.o(.data) for lcd44780_Address
    hd44780.o(i.lcd44780_SetLCDPosition) refers to hd44780.o(i.lcd44780_WriteByte) for lcd44780_WriteByte
[...]
    diskio.o(i.disk_read) refers to spi_msd_driver.o(i.MSD_ReadMultiBlock) for MSD_ReadMultiBlock
    diskio.o(i.disk_write) refers to spi_msd_driver.o(i.MSD_WriteSingleBlock) for MSD_WriteSingleBlock
    diskio.o(i.disk_write) refers to spi_msd_driver.o(i.MSD_WriteMultiBlock) for MSD_WriteMultiBlock
    ff.o(i.check_fs) refers to diskio.o(i.disk_read) for disk_read
    ff.o(i.chk_mounted) refers to diskio.o(i.disk_status) for disk_status
    ff.o(i.chk_mounted) refers to diskio.o(i.disk_initialize) for disk_initialize
    ff.o(i.chk_mounted) refers to ff.o(i.check_fs) for check_fs
    ff.o(i.chk_mounted) refers to uidiv.o(.text) for __aeabi_uidivmod
    ff.o(i.chk_mounted) refers to diskio.o(i.disk_read) for disk_read
    ff.o(i.chk_mounted) refers to ff.o(.data) for FatFs
    ff.o(i.create_chain) refers to ff.o(i.get_fat) for get_fat
    ff.o(i.create_chain) refers to ff.o(i.put_fat) for put_fat
    ff.o(i.create_name) refers to ff.o(i.mem_set) for mem_set
    ff.o(i.create_name) refers to ff.o(i.chk_chr) for chk_chr
    ff.o(i.dir_find) refers to ff.o(i.dir_sdi) for dir_sdi
    ff.o(i.dir_find) refers to ff.o(i.move_window) for move_window
    ff.o(i.dir_find) refers to ff.o(i.mem_cmp) for mem_cmp
    ff.o(i.dir_find) refers to ff.o(i.dir_next) for dir_next
    ff.o(i.dir_next) refers to ff.o(i.get_fat) for get_fat
    ff.o(i.dir_next) refers to ff.o(i.create_chain) for create_chain
    ff.o(i.dir_next) refers to ff.o(i.move_window) for move_window
    ff.o(i.dir_next) refers to ff.o(i.mem_set) for mem_set
    ff.o(i.dir_next) refers to ff.o(i.clust2sect) for clust2sect
    ff.o(i.dir_read) refers to ff.o(i.move_window) for move_window
    ff.o(i.dir_read) refers to ff.o(i.dir_next) for dir_next
    ff.o(i.dir_register) refers to ff.o(i.dir_sdi) for dir_sdi
    ff.o(i.dir_register) refers to ff.o(i.move_window) for move_window
    ff.o(i.dir_register) refers to ff.o(i.dir_next) for dir_next
    ff.o(i.dir_register) refers to ff.o(i.mem_set) for mem_set
    ff.o(i.dir_register) refers to ff.o(i.mem_cpy) for mem_cpy
    ff.o(i.dir_remove) refers to ff.o(i.dir_sdi) for dir_sdi
    ff.o(i.dir_remove) refers to ff.o(i.move_window) for move_window
    ff.o(i.dir_sdi) refers to ff.o(i.get_fat) for get_fat
    ff.o(i.dir_sdi) refers to ff.o(i.clust2sect) for clust2sect
    ff.o(i.f_chmod) refers to ff.o(i.chk_mounted) for chk_mounted
    ff.o(i.f_chmod) refers to ff.o(i.follow_path) for follow_path
    ff.o(i.f_chmod) refers to ff.o(i.sync) for sync
    ff.o(i.f_close) refers to ff.o(i.f_sync) for f_sync
    ff.o(i.f_getfree) refers to ff.o(i.chk_mounted) for chk_mounted
    ff.o(i.f_getfree) refers to ff.o(i.get_fat) for get_fat
    ff.o(i.f_getfree) refers to ff.o(i.move_window) for move_window
    ff.o(i.f_lseek) refers to ff.o(i.validate) for validate
    ff.o(i.f_lseek) refers to uidiv.o(.text) for __aeabi_uidivmod
    ff.o(i.f_lseek) refers to ff.o(i.create_chain) for create_chain
    ff.o(i.f_lseek) refers to ff.o(i.get_fat) for get_fat
    ff.o(i.f_lseek) refers to ff.o(i.clust2sect) for clust2sect
    ff.o(i.f_lseek) refers to diskio.o(i.disk_write) for disk_write
    ff.o(i.f_lseek) refers to diskio.o(i.disk_read) for disk_read
    ff.o(i.f_mkdir) refers to diskio.o(i.get_fattime) for get_fattime
    ff.o(i.f_mkdir) refers to ff.o(i.chk_mounted) for chk_mounted
    ff.o(i.f_mkdir) refers to ff.o(i.follow_path) for follow_path
    ff.o(i.f_mkdir) refers to ff.o(i.create_chain) for create_chain
    ff.o(i.f_mkdir) refers to ff.o(i.move_window) for move_window
    ff.o(i.f_mkdir) refers to ff.o(i.clust2sect) for clust2sect
    ff.o(i.f_mkdir) refers to ff.o(i.mem_set) for mem_set
    ff.o(i.f_mkdir) refers to ff.o(i.mem_cpy) for mem_cpy
    ff.o(i.f_mkdir) refers to ff.o(i.dir_register) for dir_register
    ff.o(i.f_mkdir) refers to ff.o(i.remove_chain) for remove_chain
    ff.o(i.f_mkdir) refers to ff.o(i.sync) for sync
    ff.o(i.f_mount) refers to ff.o(.data) for FatFs
    ff.o(i.f_open) refers to ff.o(i.chk_mounted) for chk_mounted
    ff.o(i.f_open) refers to ff.o(i.follow_path) for follow_path
    ff.o(i.f_open) refers to ff.o(i.dir_register) for dir_register
    ff.o(i.f_open) refers to diskio.o(i.get_fattime) for get_fattime
    ff.o(i.f_open) refers to ff.o(i.remove_chain) for remove_chain
    ff.o(i.f_open) refers to ff.o(i.move_window) for move_window
    ff.o(i.f_opendir) refers to ff.o(i.chk_mounted) for chk_mounted
    ff.o(i.f_opendir) refers to ff.o(i.follow_path) for follow_path
    ff.o(i.f_opendir) refers to ff.o(i.dir_sdi) for dir_sdi
    ff.o(i.f_read) refers to ff.o(i.validate) for validate
    ff.o(i.f_read) refers to ff.o(i.get_fat) for get_fat
    ff.o(i.f_read) refers to ff.o(i.clust2sect) for clust2sect
    ff.o(i.f_read) refers to diskio.o(i.disk_read) for disk_read
    ff.o(i.f_read) refers to ff.o(i.mem_cpy) for mem_cpy
    ff.o(i.f_read) refers to diskio.o(i.disk_write) for disk_write
    ff.o(i.f_readdir) refers to ff.o(i.validate) for validate
    ff.o(i.f_readdir) refers to ff.o(i.dir_sdi) for dir_sdi
    ff.o(i.f_readdir) refers to ff.o(i.dir_read) for dir_read
    ff.o(i.f_readdir) refers to ff.o(i.get_fileinfo) for get_fileinfo
    ff.o(i.f_readdir) refers to ff.o(i.dir_next) for dir_next
    ff.o(i.f_rename) refers to ff.o(i.chk_mounted) for chk_mounted
    ff.o(i.f_rename) refers to ff.o(i.follow_path) for follow_path
    ff.o(i.f_rename) refers to ff.o(i.mem_cpy) for mem_cpy
    ff.o(i.f_rename) refers to ff.o(i.dir_register) for dir_register
    ff.o(i.f_rename) refers to ff.o(i.clust2sect) for clust2sect
    ff.o(i.f_rename) refers to ff.o(i.move_window) for move_window
    ff.o(i.f_rename) refers to ff.o(i.dir_remove) for dir_remove
    ff.o(i.f_rename) refers to ff.o(i.sync) for sync
    ff.o(i.f_stat) refers to ff.o(i.chk_mounted) for chk_mounted
    ff.o(i.f_stat) refers to ff.o(i.follow_path) for follow_path
    ff.o(i.f_stat) refers to ff.o(i.get_fileinfo) for get_fileinfo
    ff.o(i.f_sync) refers to ff.o(i.validate) for validate
    ff.o(i.f_sync) refers to diskio.o(i.disk_write) for disk_write
    ff.o(i.f_sync) refers to ff.o(i.move_window) for move_window
    ff.o(i.f_sync) refers to diskio.o(i.get_fattime) for get_fattime
    ff.o(i.f_sync) refers to ff.o(i.sync) for sync
    ff.o(i.f_truncate) refers to ff.o(i.validate) for validate
    ff.o(i.f_truncate) refers to ff.o(i.remove_chain) for remove_chain
    ff.o(i.f_truncate) refers to ff.o(i.get_fat) for get_fat
    ff.o(i.f_truncate) refers to ff.o(i.put_fat) for put_fat
    ff.o(i.f_unlink) refers to ff.o(i.chk_mounted) for chk_mounted
    ff.o(i.f_unlink) refers to ff.o(i.follow_path) for follow_path
    ff.o(i.f_unlink) refers to ff.o(i.mem_cpy) for mem_cpy
    ff.o(i.f_unlink) refers to ff.o(i.dir_sdi) for dir_sdi
    ff.o(i.f_unlink) refers to ff.o(i.dir_read) for dir_read
    ff.o(i.f_unlink) refers to ff.o(i.dir_remove) for dir_remove
    ff.o(i.f_unlink) refers to ff.o(i.remove_chain) for remove_chain
    ff.o(i.f_unlink) refers to ff.o(i.sync) for sync
    ff.o(i.f_utime) refers to ff.o(i.chk_mounted) for chk_mounted
    ff.o(i.f_utime) refers to ff.o(i.follow_path) for follow_path
    ff.o(i.f_utime) refers to ff.o(i.sync) for sync
    ff.o(i.f_write) refers to ff.o(i.validate) for validate
    ff.o(i.f_write) refers to ff.o(i.create_chain) for create_chain
    ff.o(i.f_write) refers to diskio.o(i.disk_write) for disk_write
    ff.o(i.f_write) refers to ff.o(i.clust2sect) for clust2sect
    ff.o(i.f_write) refers to ff.o(i.mem_cpy) for mem_cpy
    ff.o(i.f_write) refers to diskio.o(i.disk_read) for disk_read
    ff.o(i.follow_path) refers to ff.o(i.dir_sdi) for dir_sdi
    ff.o(i.follow_path) refers to ff.o(i.create_name) for create_name
    ff.o(i.follow_path) refers to ff.o(i.dir_find) for dir_find
    ff.o(i.get_fat) refers to ff.o(i.move_window) for move_window
    ff.o(i.move_window) refers to diskio.o(i.disk_write) for disk_write
    ff.o(i.move_window) refers to diskio.o(i.disk_read) for disk_read
    ff.o(i.put_fat) refers to ff.o(i.move_window) for move_window
    ff.o(i.remove_chain) refers to ff.o(i.get_fat) for get_fat
    ff.o(i.remove_chain) refers to ff.o(i.put_fat) for put_fat
    ff.o(i.sync) refers to ff.o(i.move_window) for move_window
    ff.o(i.sync) refers to ff.o(i.mem_set) for mem_set
    ff.o(i.sync) refers to diskio.o(i.disk_write) for disk_write
    ff.o(i.sync) refers to diskio.o(i.disk_ioctl) for disk_ioctl
    ff.o(i.validate) refers to diskio.o(i.disk_status) for disk_status
    startup_stm32f072xb.o(RESET) refers to startup_stm32f072xb.o(STACK) for __initial_sp
    startup_stm32f072xb.o(RESET) refers to startup_stm32f072xb.o(.text) for Reset_Handler
    startup_stm32f072xb.o(.text) refers to system_stm32f0xx.o(i.SystemInit) for SystemInit
    startup_stm32f072xb.o(.text) refers to entry.o(.ARM.Collect$$$$00000000) for __main
    system_stm32f0xx.o(i.SystemCoreClockUpdate) refers to uidiv.o(.text) for __aeabi_uidivmod
    system_stm32f0xx.o(i.SystemCoreClockUpdate) refers to system_stm32f0xx.o(.data) for SystemCoreClock
    system_stm32f0xx.o(i.SystemCoreClockUpdate) refers to system_stm32f0xx.o(.constdata) for AHBPrescTable
    entry.o(.ARM.Collect$$$$00000000) refers (Special) to entry10a.o(.ARM.Collect$$$$0000000D) for __rt_final_cpp
    entry.o(.ARM.Collect$$$$00000000) refers (Special) to entry11a.o(.ARM.Collect$$$$0000000F) for __rt_final_exit
    entry.o(.ARM.Collect$$$$00000000) refers (Special) to entry7b.o(.ARM.Collect$$$$00000008) for _main_clock
    entry.o(.ARM.Collect$$$$00000000) refers (Special) to entry8b.o(.ARM.Collect$$$$0000000A) for _main_cpp_init
    entry.o(.ARM.Collect$$$$00000000) refers (Special) to entry9a.o(.ARM.Collect$$$$0000000B) for _main_init
    entry.o(.ARM.Collect$$$$00000000) refers (Special) to entry5.o(.ARM.Collect$$$$00000004) for _main_scatterload
    entry.o(.ARM.Collect$$$$00000000) refers (Special) to entry2.o(.ARM.Collect$$$$00000001) for _main_stk
    entry2.o(.ARM.Collect$$$$00000001) refers to entry2.o(.ARM.Collect$$$$00002712) for __lit__00000000
    entry2.o(.ARM.Collect$$$$00002712) refers to startup_stm32f072xb.o(STACK) for __initial_sp
    entry2.o(__vectab_stack_and_reset_area) refers to startup_stm32f072xb.o(STACK) for __initial_sp
    entry2.o(__vectab_stack_and_reset_area) refers to entry.o(.ARM.Collect$$$$00000000) for __main
    entry5.o(.ARM.Collect$$$$00000004) refers to init.o(.text) for __scatterload
    entry9a.o(.ARM.Collect$$$$0000000B) refers to main.o(i.main) for main
    entry9b.o(.ARM.Collect$$$$0000000C) refers to main.o(i.main) for main
    init.o(.text) refers to entry5.o(.ARM.Collect$$$$00000004) for __main_after_scatterload


==============================================================================

Removing Unused input sections from the image.

    Removing main.o(.rev16_text), (4 bytes).
    Removing main.o(.revsh_text), (4 bytes).
    Removing hd44780.o(.rev16_text), (4 bytes).
    Removing hd44780.o(.revsh_text), (4 bytes).
    Removing stm32f0xx_adc.o(.rev16_text), (4 bytes).
    Removing stm32f0xx_adc.o(.revsh_text), (4 bytes).
    Removing stm32f0xx_adc.o(i.ADC_AnalogWatchdogCmd), (28 bytes).
    Removing stm32f0xx_adc.o(i.ADC_AnalogWatchdogSingleChannelCmd), (28 bytes).
    Removing stm32f0xx_adc.o(i.ADC_AnalogWatchdogSingleChannelConfig), (28 bytes).
    Removing stm32f0xx_adc.o(i.ADC_AnalogWatchdogThresholdsConfig), (8 bytes).
    Removing stm32f0xx_adc.o(i.ADC_AutoPowerOffCmd), (28 bytes).
    Removing stm32f0xx_adc.o(i.ADC_ChannelConfig), (24 bytes).
    Removing stm32f0xx_adc.o(i.ADC_ClearFlag), (4 bytes).
    Removing stm32f0xx_adc.o(i.ADC_ClearITPendingBit), (4 bytes).
    Removing stm32f0xx_adc.o(i.ADC_ClockModeConfig), (4 bytes).
    Removing stm32f0xx_adc.o(i.ADC_Cmd), (24 bytes).
    Removing stm32f0xx_adc.o(i.ADC_ContinuousModeCmd), (28 bytes).
    Removing stm32f0xx_adc.o(i.ADC_DMACmd), (24 bytes).
    Removing stm32f0xx_adc.o(i.ADC_DMARequestModeConfig), (16 bytes).
    Removing stm32f0xx_adc.o(i.ADC_DeInit), (32 bytes).
    Removing stm32f0xx_adc.o(i.ADC_DiscModeCmd), (28 bytes).
    Removing stm32f0xx_adc.o(i.ADC_GetCalibrationFactor), (60 bytes).
    Removing stm32f0xx_adc.o(i.ADC_GetConversionValue), (8 bytes).
    Removing stm32f0xx_adc.o(i.ADC_GetFlagStatus), (48 bytes).
    Removing stm32f0xx_adc.o(i.ADC_GetITStatus), (34 bytes).
    Removing stm32f0xx_adc.o(i.ADC_ITConfig), (20 bytes).
    Removing stm32f0xx_adc.o(i.ADC_Init), (44 bytes).
    Removing stm32f0xx_adc.o(i.ADC_JitterCmd), (20 bytes).
    Removing stm32f0xx_adc.o(i.ADC_OverrunModeCmd), (28 bytes).
    Removing stm32f0xx_adc.o(i.ADC_StartOfConversion), (10 bytes).
    Removing stm32f0xx_adc.o(i.ADC_StopOfConversion), (10 bytes).
    Removing stm32f0xx_adc.o(i.ADC_StructInit), (16 bytes).
    Removing stm32f0xx_adc.o(i.ADC_TempSensorCmd), (40 bytes).
    Removing stm32f0xx_adc.o(i.ADC_VbatCmd), (40 bytes).
    Removing stm32f0xx_adc.o(i.ADC_VrefintCmd), (40 bytes).
    Removing stm32f0xx_adc.o(i.ADC_WaitModeCmd), (28 bytes).
    Removing stm32f0xx_can.o(.rev16_text), (4 bytes).
    Removing stm32f0xx_can.o(.revsh_text), (4 bytes).
    Removing stm32f0xx_can.o(i.CAN_CancelTransmit), (54 bytes).
    Removing stm32f0xx_can.o(i.CAN_ClearFlag), (68 bytes).
    Removing stm32f0xx_can.o(i.CAN_ClearITPendingBit), (188 bytes).
    Removing stm32f0xx_can.o(i.CAN_DBGFreeze), (28 bytes).
    Removing stm32f0xx_can.o(i.CAN_DeInit), (24 bytes).
    Removing stm32f0xx_can.o(i.CAN_FIFORelease), (24 bytes).
    Removing stm32f0xx_can.o(i.CAN_FilterInit), (252 bytes).
    Removing stm32f0xx_can.o(i.CAN_GetFlagStatus), (146 bytes).
    Removing stm32f0xx_can.o(i.CAN_GetITStatus), (312 bytes).
    Removing stm32f0xx_can.o(i.CAN_GetLSBTransmitErrorCounter), (16 bytes).
    Removing stm32f0xx_can.o(i.CAN_GetLastErrorCode), (14 bytes).
    Removing stm32f0xx_can.o(i.CAN_GetReceiveErrorCounter), (10 bytes).
    Removing stm32f0xx_can.o(i.CAN_ITConfig), (20 bytes).
    Removing stm32f0xx_can.o(i.CAN_Init), (284 bytes).
    Removing stm32f0xx_can.o(i.CAN_MessagePending), (32 bytes).
    Removing stm32f0xx_can.o(i.CAN_OperatingModeRequest), (172 bytes).
    Removing stm32f0xx_can.o(i.CAN_Receive), (262 bytes).
    Removing stm32f0xx_can.o(i.CAN_SlaveStartBank), (56 bytes).
    Removing stm32f0xx_can.o(i.CAN_Sleep), (30 bytes).
    Removing stm32f0xx_can.o(i.CAN_StructInit), (32 bytes).
    Removing stm32f0xx_can.o(i.CAN_TTComModeCmd), (128 bytes).
    Removing stm32f0xx_can.o(i.CAN_Transmit), (308 bytes).
    Removing stm32f0xx_can.o(i.CAN_TransmitStatus), (176 bytes).
    Removing stm32f0xx_can.o(i.CAN_WakeUp), (52 bytes).
    Removing stm32f0xx_can.o(i.CheckITStatus), (20 bytes).
    Removing stm32f0xx_dma.o(.rev16_text), (4 bytes).
    Removing stm32f0xx_dma.o(.revsh_text), (4 bytes).
    Removing stm32f0xx_dma.o(i.DMA_ClearFlag), (32 bytes).
    Removing stm32f0xx_dma.o(i.DMA_ClearITPendingBit), (32 bytes).
    Removing stm32f0xx_dma.o(i.DMA_Cmd), (28 bytes).
    Removing stm32f0xx_dma.o(i.DMA_DeInit), (356 bytes).
    Removing stm32f0xx_dma.o(i.DMA_GetCurrDataCounter), (8 bytes).
    Removing stm32f0xx_dma.o(i.DMA_GetFlagStatus), (52 bytes).
    Removing stm32f0xx_dma.o(i.DMA_GetITStatus), (52 bytes).
    Removing stm32f0xx_dma.o(i.DMA_ITConfig), (20 bytes).
    Removing stm32f0xx_dma.o(i.DMA_Init), (64 bytes).
    Removing stm32f0xx_dma.o(i.DMA_RemapConfig), (52 bytes).
    Removing stm32f0xx_dma.o(i.DMA_SetCurrDataCounter), (4 bytes).
    Removing stm32f0xx_dma.o(i.DMA_StructInit), (26 bytes).
    Removing stm32f0xx_flash.o(.rev16_text), (4 bytes).
    Removing stm32f0xx_flash.o(.revsh_text), (4 bytes).
    Removing stm32f0xx_flash.o(i.FLASH_ClearFlag), (12 bytes).
    Removing stm32f0xx_flash.o(i.FLASH_EraseAllPages), (72 bytes).
    Removing stm32f0xx_flash.o(i.FLASH_GetFlagStatus), (28 bytes).
    Removing stm32f0xx_flash.o(i.FLASH_GetPrefetchBufferStatus), (28 bytes).
    Removing stm32f0xx_flash.o(i.FLASH_ITConfig), (32 bytes).
    Removing stm32f0xx_flash.o(i.FLASH_OB_BOOT0Config), (80 bytes).
    Removing stm32f0xx_flash.o(i.FLASH_OB_BOOT0SWConfig), (80 bytes).
    Removing stm32f0xx_flash.o(i.FLASH_OB_BOOTConfig), (80 bytes).
    Removing stm32f0xx_flash.o(i.FLASH_OB_EnableWRP), (184 bytes).
    Removing stm32f0xx_flash.o(i.FLASH_OB_Erase), (152 bytes).
    Removing stm32f0xx_flash.o(i.FLASH_OB_GetRDP), (28 bytes).
    Removing stm32f0xx_flash.o(i.FLASH_OB_GetUser), (16 bytes).
    Removing stm32f0xx_flash.o(i.FLASH_OB_GetWRP), (12 bytes).
    Removing stm32f0xx_flash.o(i.FLASH_OB_Launch), (20 bytes).
    Removing stm32f0xx_flash.o(i.FLASH_OB_Lock), (20 bytes).
    Removing stm32f0xx_flash.o(i.FLASH_OB_ProgramData), (72 bytes).
    Removing stm32f0xx_flash.o(i.FLASH_OB_RDPConfig), (144 bytes).
    Removing stm32f0xx_flash.o(i.FLASH_OB_SRAMParityConfig), (80 bytes).
    Removing stm32f0xx_flash.o(i.FLASH_OB_Unlock), (40 bytes).
    Removing stm32f0xx_flash.o(i.FLASH_OB_UserConfig), (88 bytes).
    Removing stm32f0xx_flash.o(i.FLASH_OB_VDDAConfig), (80 bytes).
    Removing stm32f0xx_flash.o(i.FLASH_OB_WriteUser), (76 bytes).
    Removing stm32f0xx_flash.o(i.FLASH_ProgramHalfWord), (68 bytes).
    Removing stm32f0xx_gpio.o(.rev16_text), (4 bytes).
    Removing stm32f0xx_gpio.o(.revsh_text), (4 bytes).
    Removing stm32f0xx_gpio.o(i.GPIO_DeInit), (176 bytes).
    Removing stm32f0xx_gpio.o(i.GPIO_PinLockConfig), (34 bytes).
    Removing stm32f0xx_gpio.o(i.GPIO_ReadInputData), (6 bytes).
    Removing stm32f0xx_gpio.o(i.GPIO_ReadInputDataBit), (20 bytes).
    Removing stm32f0xx_gpio.o(i.GPIO_ReadOutputData), (6 bytes).
    Removing stm32f0xx_gpio.o(i.GPIO_ReadOutputDataBit), (20 bytes).
    Removing stm32f0xx_gpio.o(i.GPIO_StructInit), (24 bytes).
    Removing stm32f0xx_gpio.o(i.GPIO_Write), (4 bytes).
    Removing stm32f0xx_gpio.o(i.GPIO_WriteBit), (12 bytes).
    Removing stm32f0xx_i2c.o(.rev16_text), (4 bytes).
    Removing stm32f0xx_i2c.o(.revsh_text), (4 bytes).
    Removing stm32f0xx_i2c.o(i.I2C_10BitAddressHeaderCmd), (28 bytes).
    Removing stm32f0xx_i2c.o(i.I2C_10BitAddressingModeCmd), (28 bytes).
    Removing stm32f0xx_i2c.o(i.I2C_AcknowledgeConfig), (28 bytes).
    Removing stm32f0xx_i2c.o(i.I2C_AutoEndCmd), (28 bytes).
    Removing stm32f0xx_i2c.o(i.I2C_CalculatePEC), (28 bytes).
    Removing stm32f0xx_i2c.o(i.I2C_ClearFlag), (4 bytes).
    Removing stm32f0xx_i2c.o(i.I2C_ClearITPendingBit), (4 bytes).
    Removing stm32f0xx_i2c.o(i.I2C_ClockTimeoutCmd), (28 bytes).
    Removing stm32f0xx_i2c.o(i.I2C_Cmd), (24 bytes).
    Removing stm32f0xx_i2c.o(i.I2C_DMACmd), (20 bytes).
    Removing stm32f0xx_i2c.o(i.I2C_DeInit), (56 bytes).
    Removing stm32f0xx_i2c.o(i.I2C_DualAddressCmd), (28 bytes).
    Removing stm32f0xx_i2c.o(i.I2C_ExtendedClockTimeoutCmd), (26 bytes).
    Removing stm32f0xx_i2c.o(i.I2C_GeneralCallCmd), (28 bytes).
    Removing stm32f0xx_i2c.o(i.I2C_GenerateSTART), (28 bytes).
    Removing stm32f0xx_i2c.o(i.I2C_GenerateSTOP), (28 bytes).
    Removing stm32f0xx_i2c.o(i.I2C_GetAddressMatched), (14 bytes).
    Removing stm32f0xx_i2c.o(i.I2C_GetFlagStatus), (28 bytes).
    Removing stm32f0xx_i2c.o(i.I2C_GetITStatus), (78 bytes).
    Removing stm32f0xx_i2c.o(i.I2C_GetPEC), (8 bytes).
    Removing stm32f0xx_i2c.o(i.I2C_GetTransferDirection), (30 bytes).
    Removing stm32f0xx_i2c.o(i.I2C_ITConfig), (20 bytes).
    Removing stm32f0xx_i2c.o(i.I2C_IdleClockTimeoutCmd), (28 bytes).
    Removing stm32f0xx_i2c.o(i.I2C_Init), (108 bytes).
    Removing stm32f0xx_i2c.o(i.I2C_MasterRequestConfig), (28 bytes).
    Removing stm32f0xx_i2c.o(i.I2C_NumberOfBytesConfig), (28 bytes).
    Removing stm32f0xx_i2c.o(i.I2C_OwnAddress2Config), (36 bytes).
    Removing stm32f0xx_i2c.o(i.I2C_PECRequestCmd), (28 bytes).
    Removing stm32f0xx_i2c.o(i.I2C_ReadRegister), (22 bytes).
    Removing stm32f0xx_i2c.o(i.I2C_ReceiveData), (8 bytes).
    Removing stm32f0xx_i2c.o(i.I2C_ReloadCmd), (28 bytes).
    Removing stm32f0xx_i2c.o(i.I2C_SMBusAlertCmd), (28 bytes).
    Removing stm32f0xx_i2c.o(i.I2C_SendData), (4 bytes).
    Removing stm32f0xx_i2c.o(i.I2C_SlaveAddressConfig), (20 bytes).
    Removing stm32f0xx_i2c.o(i.I2C_SlaveByteControlCmd), (28 bytes).
    Removing stm32f0xx_i2c.o(i.I2C_SoftwareResetCmd), (20 bytes).
    Removing stm32f0xx_i2c.o(i.I2C_StopModeCmd), (28 bytes).
    Removing stm32f0xx_i2c.o(i.I2C_StretchClockCmd), (28 bytes).
    Removing stm32f0xx_i2c.o(i.I2C_StructInit), (24 bytes).
    Removing stm32f0xx_i2c.o(i.I2C_TimeoutAConfig), (20 bytes).
    Removing stm32f0xx_i2c.o(i.I2C_TimeoutBConfig), (32 bytes).
    Removing stm32f0xx_i2c.o(i.I2C_TransferHandling), (44 bytes).
    Removing stm32f0xx_misc.o(.rev16_text), (4 bytes).
    Removing stm32f0xx_misc.o(.revsh_text), (4 bytes).
    Removing stm32f0xx_misc.o(i.NVIC_Init), (112 bytes).
    Removing stm32f0xx_misc.o(i.NVIC_SystemLPConfig), (32 bytes).
    Removing stm32f0xx_misc.o(i.SysTick_CLKSourceConfig), (36 bytes).
    Removing stm32f0xx_rcc.o(.rev16_text), (4 bytes).
    Removing stm32f0xx_rcc.o(.revsh_text), (4 bytes).
    Removing stm32f0xx_rcc.o(i.RCC_ADCCLKConfig), (56 bytes).
    Removing stm32f0xx_rcc.o(i.RCC_AHBPeriphResetCmd), (32 bytes).
    Removing stm32f0xx_rcc.o(i.RCC_APB1PeriphClockCmd), (32 bytes).
    Removing stm32f0xx_rcc.o(i.RCC_APB1PeriphResetCmd), (32 bytes).
    Removing stm32f0xx_rcc.o(i.RCC_APB2PeriphResetCmd), (32 bytes).
    Removing stm32f0xx_rcc.o(i.RCC_AdjustHSI14CalibrationValue), (32 bytes).
    Removing stm32f0xx_rcc.o(i.RCC_AdjustHSICalibrationValue), (32 bytes).
    Removing stm32f0xx_rcc.o(i.RCC_BackupResetCmd), (40 bytes).
    Removing stm32f0xx_rcc.o(i.RCC_CECCLKConfig), (28 bytes).
    Removing stm32f0xx_rcc.o(i.RCC_ClearFlag), (20 bytes).
    Removing stm32f0xx_rcc.o(i.RCC_ClearITPendingBit), (12 bytes).
    Removing stm32f0xx_rcc.o(i.RCC_ClockSecuritySystemCmd), (40 bytes).
    Removing stm32f0xx_rcc.o(i.RCC_GetClocksFreq), (584 bytes).
    Removing stm32f0xx_rcc.o(i.RCC_GetITStatus), (28 bytes).
    Removing stm32f0xx_rcc.o(i.RCC_GetSYSCLKSource), (16 bytes).
    Removing stm32f0xx_rcc.o(i.RCC_HSI14ADCRequestCmd), (36 bytes).
    Removing stm32f0xx_rcc.o(i.RCC_HSI14Cmd), (36 bytes).
    Removing stm32f0xx_rcc.o(i.RCC_HSI48Cmd), (40 bytes).
    Removing stm32f0xx_rcc.o(i.RCC_HSICmd), (36 bytes).
    Removing stm32f0xx_rcc.o(i.RCC_I2CCLKConfig), (28 bytes).
    Removing stm32f0xx_rcc.o(i.RCC_ITConfig), (32 bytes).
    Removing stm32f0xx_rcc.o(i.RCC_LSEConfig), (40 bytes).
    Removing stm32f0xx_rcc.o(i.RCC_LSEDriveConfig), (28 bytes).
    Removing stm32f0xx_rcc.o(i.RCC_LSICmd), (36 bytes).
    Removing stm32f0xx_rcc.o(i.RCC_MCOConfig), (28 bytes).
    Removing stm32f0xx_rcc.o(i.RCC_RTCCLKCmd), (40 bytes).
    Removing stm32f0xx_rcc.o(i.RCC_RTCCLKConfig), (16 bytes).
    Removing stm32f0xx_rcc.o(i.RCC_USARTCLKConfig), (72 bytes).
    Removing stm32f0xx_rcc.o(i.RCC_USBCLKConfig), (28 bytes).
    Removing stm32f0xx_rcc.o(.data), (16 bytes).
    Removing stm32f0xx_spi.o(.rev16_text), (4 bytes).
    Removing stm32f0xx_spi.o(.revsh_text), (4 bytes).
    Removing stm32f0xx_spi.o(i.I2S_Cmd), (32 bytes).
    Removing stm32f0xx_spi.o(i.I2S_Init), (232 bytes).
    Removing stm32f0xx_spi.o(i.I2S_StructInit), (20 bytes).
    Removing stm32f0xx_spi.o(i.SPI_BiDirectionalLineConfig), (32 bytes).
    Removing stm32f0xx_spi.o(i.SPI_CRCLengthConfig), (20 bytes).
    Removing stm32f0xx_spi.o(i.SPI_CalculateCRC), (32 bytes).
    Removing stm32f0xx_spi.o(i.SPI_DataSizeConfig), (24 bytes).
    Removing stm32f0xx_spi.o(i.SPI_GetCRC), (16 bytes).
    Removing stm32f0xx_spi.o(i.SPI_GetCRCPolynomial), (6 bytes).
    Removing stm32f0xx_spi.o(i.SPI_GetReceptionFIFOStatus), (12 bytes).
    Removing stm32f0xx_spi.o(i.SPI_GetTransmissionFIFOStatus), (12 bytes).
    Removing stm32f0xx_spi.o(i.SPI_I2S_ClearFlag), (6 bytes).
    Removing stm32f0xx_spi.o(i.SPI_I2S_DMACmd), (20 bytes).
    Removing stm32f0xx_spi.o(i.SPI_I2S_DeInit), (60 bytes).
    Removing stm32f0xx_spi.o(i.SPI_I2S_GetITStatus), (56 bytes).
    Removing stm32f0xx_spi.o(i.SPI_I2S_ITConfig), (34 bytes).
    Removing stm32f0xx_spi.o(i.SPI_I2S_ReceiveData16), (6 bytes).
    Removing stm32f0xx_spi.o(i.SPI_I2S_SendData16), (4 bytes).
    Removing stm32f0xx_spi.o(i.SPI_LastDMATransferCmd), (20 bytes).
    Removing stm32f0xx_spi.o(i.SPI_NSSInternalSoftwareConfig), (32 bytes).
    Removing stm32f0xx_spi.o(i.SPI_NSSPulseModeCmd), (28 bytes).
    Removing stm32f0xx_spi.o(i.SPI_SSOutputCmd), (28 bytes).
    Removing stm32f0xx_spi.o(i.SPI_StructInit), (30 bytes).
    Removing stm32f0xx_spi.o(i.SPI_TIModeCmd), (28 bytes).
    Removing stm32f0xx_spi.o(i.SPI_TransmitCRC), (12 bytes).
    Removing stm32f0xx_tim.o(.rev16_text), (4 bytes).
    Removing stm32f0xx_tim.o(.revsh_text), (4 bytes).
    Removing stm32f0xx_tim.o(i.TI1_Config), (56 bytes).
    Removing stm32f0xx_tim.o(i.TI2_Config), (76 bytes).
    Removing stm32f0xx_tim.o(i.TI3_Config), (72 bytes).
    Removing stm32f0xx_tim.o(i.TI4_Config), (80 bytes).
    Removing stm32f0xx_tim.o(i.TIM_ARRPreloadConfig), (28 bytes).
    Removing stm32f0xx_tim.o(i.TIM_BDTRConfig), (32 bytes).
    Removing stm32f0xx_tim.o(i.TIM_BDTRStructInit), (18 bytes).
    Removing stm32f0xx_tim.o(i.TIM_CCPreloadControl), (28 bytes).
    Removing stm32f0xx_tim.o(i.TIM_CCxCmd), (30 bytes).
    Removing stm32f0xx_tim.o(i.TIM_CCxNCmd), (30 bytes).
    Removing stm32f0xx_tim.o(i.TIM_ClearFlag), (6 bytes).
    Removing stm32f0xx_tim.o(i.TIM_ClearITPendingBit), (6 bytes).
    Removing stm32f0xx_tim.o(i.TIM_ClearOC1Ref), (24 bytes).
    Removing stm32f0xx_tim.o(i.TIM_ClearOC2Ref), (20 bytes).
    Removing stm32f0xx_tim.o(i.TIM_ClearOC3Ref), (24 bytes).
    Removing stm32f0xx_tim.o(i.TIM_ClearOC4Ref), (20 bytes).
    Removing stm32f0xx_tim.o(i.TIM_Cmd), (28 bytes).
    Removing stm32f0xx_tim.o(i.TIM_CounterModeConfig), (24 bytes).
    Removing stm32f0xx_tim.o(i.TIM_CtrlPWMOutputs), (34 bytes).
    Removing stm32f0xx_tim.o(i.TIM_DMACmd), (20 bytes).
    Removing stm32f0xx_tim.o(i.TIM_DMAConfig), (12 bytes).
    Removing stm32f0xx_tim.o(i.TIM_DeInit), (260 bytes).
    Removing stm32f0xx_tim.o(i.TIM_ETRClockMode1Config), (52 bytes).
    Removing stm32f0xx_tim.o(i.TIM_ETRClockMode2Config), (34 bytes).
    Removing stm32f0xx_tim.o(i.TIM_ETRConfig), (24 bytes).
    Removing stm32f0xx_tim.o(i.TIM_EncoderInterfaceConfig), (68 bytes).
    Removing stm32f0xx_tim.o(i.TIM_ForcedOC1Config), (24 bytes).
    Removing stm32f0xx_tim.o(i.TIM_ForcedOC2Config), (24 bytes).
    Removing stm32f0xx_tim.o(i.TIM_ForcedOC3Config), (24 bytes).
    Removing stm32f0xx_tim.o(i.TIM_ForcedOC4Config), (24 bytes).
    Removing stm32f0xx_tim.o(i.TIM_GenerateEvent), (4 bytes).
    Removing stm32f0xx_tim.o(i.TIM_GetCapture1), (6 bytes).
    Removing stm32f0xx_tim.o(i.TIM_GetCapture2), (6 bytes).
    Removing stm32f0xx_tim.o(i.TIM_GetCapture3), (6 bytes).
    Removing stm32f0xx_tim.o(i.TIM_GetCapture4), (6 bytes).
    Removing stm32f0xx_tim.o(i.TIM_GetCounter), (6 bytes).
    Removing stm32f0xx_tim.o(i.TIM_GetFlagStatus), (20 bytes).
    Removing stm32f0xx_tim.o(i.TIM_GetITStatus), (38 bytes).
    Removing stm32f0xx_tim.o(i.TIM_GetPrescaler), (6 bytes).
    Removing stm32f0xx_tim.o(i.TIM_ICInit), (112 bytes).
    Removing stm32f0xx_tim.o(i.TIM_ICStructInit), (18 bytes).
    Removing stm32f0xx_tim.o(i.TIM_ITConfig), (20 bytes).
    Removing stm32f0xx_tim.o(i.TIM_ITRxExternalClockConfig), (24 bytes).
    Removing stm32f0xx_tim.o(i.TIM_InternalClockConfig), (16 bytes).
    Removing stm32f0xx_tim.o(i.TIM_OC1FastConfig), (24 bytes).
    Removing stm32f0xx_tim.o(i.TIM_OC1Init), (148 bytes).
    Removing stm32f0xx_tim.o(i.TIM_OC1NPolarityConfig), (24 bytes).
    Removing stm32f0xx_tim.o(i.TIM_OC1PolarityConfig), (24 bytes).
    Removing stm32f0xx_tim.o(i.TIM_OC1PreloadConfig), (24 bytes).
    Removing stm32f0xx_tim.o(i.TIM_OC2FastConfig), (24 bytes).
    Removing stm32f0xx_tim.o(i.TIM_OC2Init), (172 bytes).
    Removing stm32f0xx_tim.o(i.TIM_OC2NPolarityConfig), (24 bytes).
    Removing stm32f0xx_tim.o(i.TIM_OC2PolarityConfig), (24 bytes).
    Removing stm32f0xx_tim.o(i.TIM_OC2PreloadConfig), (24 bytes).
    Removing stm32f0xx_tim.o(i.TIM_OC3FastConfig), (24 bytes).
    Removing stm32f0xx_tim.o(i.TIM_OC3Init), (152 bytes).
    Removing stm32f0xx_tim.o(i.TIM_OC3NPolarityConfig), (24 bytes).
    Removing stm32f0xx_tim.o(i.TIM_OC3PolarityConfig), (24 bytes).
    Removing stm32f0xx_tim.o(i.TIM_OC3PreloadConfig), (24 bytes).
    Removing stm32f0xx_tim.o(i.TIM_OC4FastConfig), (24 bytes).
    Removing stm32f0xx_tim.o(i.TIM_OC4Init), (112 bytes).
    Removing stm32f0xx_tim.o(i.TIM_OC4PolarityConfig), (24 bytes).
    Removing stm32f0xx_tim.o(i.TIM_OC4PreloadConfig), (24 bytes).
    Removing stm32f0xx_tim.o(i.TIM_OCStructInit), (20 bytes).
    Removing stm32f0xx_tim.o(i.TIM_PWMIConfig), (124 bytes).
    Removing stm32f0xx_tim.o(i.TIM_PrescalerConfig), (6 bytes).
    Removing stm32f0xx_tim.o(i.TIM_RemapConfig), (6 bytes).
    Removing stm32f0xx_tim.o(i.TIM_SelectCCDMA), (28 bytes).
    Removing stm32f0xx_tim.o(i.TIM_SelectCOM), (28 bytes).
    Removing stm32f0xx_tim.o(i.TIM_SelectHallSensor), (28 bytes).
    Removing stm32f0xx_tim.o(i.TIM_SelectInputTrigger), (24 bytes).
    Removing stm32f0xx_tim.o(i.TIM_SelectMasterSlaveMode), (20 bytes).
    Removing stm32f0xx_tim.o(i.TIM_SelectOCREFClear), (20 bytes).
    Removing stm32f0xx_tim.o(i.TIM_SelectOCxM), (82 bytes).
    Removing stm32f0xx_tim.o(i.TIM_SelectOnePulseMode), (20 bytes).
    Removing stm32f0xx_tim.o(i.TIM_SelectOutputTrigger), (20 bytes).
    Removing stm32f0xx_tim.o(i.TIM_SelectSlaveMode), (20 bytes).
    Removing stm32f0xx_tim.o(i.TIM_SetAutoreload), (4 bytes).
    Removing stm32f0xx_tim.o(i.TIM_SetClockDivision), (20 bytes).
    Removing stm32f0xx_tim.o(i.TIM_SetCompare1), (4 bytes).
    Removing stm32f0xx_tim.o(i.TIM_SetCompare2), (4 bytes).
    Removing stm32f0xx_tim.o(i.TIM_SetCompare3), (4 bytes).
    Removing stm32f0xx_tim.o(i.TIM_SetCompare4), (4 bytes).
    Removing stm32f0xx_tim.o(i.TIM_SetCounter), (4 bytes).
    Removing stm32f0xx_tim.o(i.TIM_SetIC1Prescaler), (20 bytes).
    Removing stm32f0xx_tim.o(i.TIM_SetIC2Prescaler), (24 bytes).
    Removing stm32f0xx_tim.o(i.TIM_SetIC3Prescaler), (20 bytes).
    Removing stm32f0xx_tim.o(i.TIM_SetIC4Prescaler), (24 bytes).
    Removing stm32f0xx_tim.o(i.TIM_TIxExternalClockConfig), (58 bytes).
    Removing stm32f0xx_tim.o(i.TIM_TimeBaseInit), (124 bytes).
    Removing stm32f0xx_tim.o(i.TIM_TimeBaseStructInit), (18 bytes).
    Removing stm32f0xx_tim.o(i.TIM_UpdateDisableConfig), (28 bytes).
    Removing stm32f0xx_tim.o(i.TIM_UpdateRequestConfig), (28 bytes).
    Removing stm32f0xx_usart.o(.rev16_text), (4 bytes).
    Removing stm32f0xx_usart.o(.revsh_text), (4 bytes).
    Removing stm32f0xx_usart.o(i.USART_AddressDetectionConfig), (16 bytes).
    Removing stm32f0xx_usart.o(i.USART_AutoBaudRateCmd), (28 bytes).
    Removing stm32f0xx_usart.o(i.USART_AutoBaudRateConfig), (18 bytes).
    Removing stm32f0xx_usart.o(i.USART_ClearFlag), (4 bytes).
    Removing stm32f0xx_usart.o(i.USART_ClearITPendingBit), (18 bytes).
    Removing stm32f0xx_usart.o(i.USART_ClockInit), (36 bytes).
    Removing stm32f0xx_usart.o(i.USART_ClockStructInit), (12 bytes).
    Removing stm32f0xx_usart.o(i.USART_Cmd), (24 bytes).
    Removing stm32f0xx_usart.o(i.USART_DECmd), (28 bytes).
    Removing stm32f0xx_usart.o(i.USART_DEPolarityConfig), (18 bytes).
    Removing stm32f0xx_usart.o(i.USART_DMACmd), (20 bytes).
    Removing stm32f0xx_usart.o(i.USART_DMAReceptionErrorConfig), (18 bytes).
    Removing stm32f0xx_usart.o(i.USART_DataInvCmd), (28 bytes).
    Removing stm32f0xx_usart.o(i.USART_DeInit), (240 bytes).
    Removing stm32f0xx_usart.o(i.USART_DirectionModeCmd), (20 bytes).
    Removing stm32f0xx_usart.o(i.USART_GetFlagStatus), (20 bytes).
    Removing stm32f0xx_usart.o(i.USART_GetITStatus), (78 bytes).
    Removing stm32f0xx_usart.o(i.USART_HalfDuplexCmd), (24 bytes).
    Removing stm32f0xx_usart.o(i.USART_ITConfig), (66 bytes).
    Removing stm32f0xx_usart.o(i.USART_Init), (248 bytes).
    Removing stm32f0xx_usart.o(i.USART_InvPinCmd), (20 bytes).
    Removing stm32f0xx_usart.o(i.USART_IrDACmd), (24 bytes).
    Removing stm32f0xx_usart.o(i.USART_IrDAConfig), (16 bytes).
    Removing stm32f0xx_usart.o(i.USART_LINBreakDetectLengthConfig), (16 bytes).
    Removing stm32f0xx_usart.o(i.USART_LINCmd), (28 bytes).
    Removing stm32f0xx_usart.o(i.USART_MSBFirstCmd), (28 bytes).
    Removing stm32f0xx_usart.o(i.USART_MuteModeCmd), (28 bytes).
    Removing stm32f0xx_usart.o(i.USART_MuteModeWakeUpConfig), (18 bytes).
    Removing stm32f0xx_usart.o(i.USART_OneBitMethodCmd), (28 bytes).
    Removing stm32f0xx_usart.o(i.USART_OverSampling8Cmd), (28 bytes).
    Removing stm32f0xx_usart.o(i.USART_OverrunDetectionConfig), (18 bytes).
    Removing stm32f0xx_usart.o(i.USART_ReceiveData), (10 bytes).
    Removing stm32f0xx_usart.o(i.USART_ReceiverTimeOutCmd), (28 bytes).
    Removing stm32f0xx_usart.o(i.USART_RequestCmd), (20 bytes).
    Removing stm32f0xx_usart.o(i.USART_STOPModeCmd), (24 bytes).
    Removing stm32f0xx_usart.o(i.USART_SWAPPinCmd), (28 bytes).
    Removing stm32f0xx_usart.o(i.USART_SendData), (8 bytes).
    Removing stm32f0xx_usart.o(i.USART_SetAddress), (18 bytes).
    Removing stm32f0xx_usart.o(i.USART_SetAutoRetryCount), (20 bytes).
    Removing stm32f0xx_usart.o(i.USART_SetBlockLength), (18 bytes).
    Removing stm32f0xx_usart.o(i.USART_SetDEAssertionTime), (20 bytes).
    Removing stm32f0xx_usart.o(i.USART_SetDEDeassertionTime), (20 bytes).
    Removing stm32f0xx_usart.o(i.USART_SetGuardTime), (16 bytes).
    Removing stm32f0xx_usart.o(i.USART_SetPrescaler), (18 bytes).
    Removing stm32f0xx_usart.o(i.USART_SetReceiverTimeOut), (16 bytes).
    Removing stm32f0xx_usart.o(i.USART_SmartCardCmd), (24 bytes).
    Removing stm32f0xx_usart.o(i.USART_SmartCardNACKCmd), (24 bytes).
    Removing stm32f0xx_usart.o(i.USART_StopModeWakeUpSourceConfig), (18 bytes).
    Removing stm32f0xx_usart.o(i.USART_StructInit), (24 bytes).
    Removing stm32f0xx_iwdg.o(.rev16_text), (4 bytes).
    Removing stm32f0xx_iwdg.o(.revsh_text), (4 bytes).
    Removing stm32f0xx_iwdg.o(i.IWDG_Enable), (16 bytes).
    Removing stm32f0xx_iwdg.o(i.IWDG_GetFlagStatus), (28 bytes).
    Removing stm32f0xx_iwdg.o(i.IWDG_ReloadCounter), (16 bytes).
    Removing stm32f0xx_iwdg.o(i.IWDG_SetPrescaler), (12 bytes).
    Removing stm32f0xx_iwdg.o(i.IWDG_SetReload), (12 bytes).
    Removing stm32f0xx_iwdg.o(i.IWDG_SetWindowValue), (12 bytes).
    Removing stm32f0xx_iwdg.o(i.IWDG_WriteAccessCmd), (12 bytes).
    Removing stm32f0xx_crc.o(.rev16_text), (4 bytes).
    Removing stm32f0xx_crc.o(.revsh_text), (4 bytes).
    Removing stm32f0xx_crc.o(i.CRC_CalcBlockCRC), (36 bytes).
    Removing stm32f0xx_crc.o(i.CRC_CalcCRC), (16 bytes).
    Removing stm32f0xx_crc.o(i.CRC_CalcCRC16bits), (16 bytes).
    Removing stm32f0xx_crc.o(i.CRC_CalcCRC8bits), (16 bytes).
    Removing stm32f0xx_crc.o(i.CRC_DeInit), (36 bytes).
    Removing stm32f0xx_crc.o(i.CRC_GetCRC), (12 bytes).
    Removing stm32f0xx_crc.o(i.CRC_GetIDRegister), (12 bytes).
    Removing stm32f0xx_crc.o(i.CRC_PolynomialSizeSelect), (32 bytes).
    Removing stm32f0xx_crc.o(i.CRC_ResetDR), (20 bytes).
    Removing stm32f0xx_crc.o(i.CRC_ReverseInputDataSelect), (32 bytes).
    Removing stm32f0xx_crc.o(i.CRC_ReverseOutputDataCmd), (36 bytes).
    Removing stm32f0xx_crc.o(i.CRC_SetIDRegister), (12 bytes).
    Removing stm32f0xx_crc.o(i.CRC_SetInitRegister), (12 bytes).
    Removing stm32f0xx_crc.o(i.CRC_SetPolynomial), (12 bytes).
    Removing spi_msd_driver.o(.rev16_text), (4 bytes).
    Removing spi_msd_driver.o(.revsh_text), (4 bytes).
    Removing diskio.o(.rev16_text), (4 bytes).
    Removing diskio.o(.revsh_text), (4 bytes).
    Removing ff.o(.rev16_text), (4 bytes).
    Removing ff.o(.revsh_text), (4 bytes).
    Removing ff.o(i.f_chmod), (90 bytes).
    Removing ff.o(i.f_getfree), (284 bytes).
    Removing ff.o(i.f_lseek), (478 bytes).
    Removing ff.o(i.f_mkdir), (422 bytes).
    Removing ff.o(i.f_opendir), (124 bytes).
    Removing ff.o(i.f_readdir), (94 bytes).
    Removing ff.o(i.f_rename), (304 bytes).
    Removing ff.o(i.f_stat), (64 bytes).
    Removing ff.o(i.f_truncate), (176 bytes).
    Removing ff.o(i.f_utime), (92 bytes).
    Removing ff.o(i.f_write), (558 bytes).
    Removing ff.o(i.get_fileinfo), (144 bytes).
    Removing startup_stm32f072xb.o(HEAP), (1024 bytes).
    Removing system_stm32f0xx.o(.rev16_text), (4 bytes).
    Removing system_stm32f0xx.o(.revsh_text), (4 bytes).
    Removing system_stm32f0xx.o(i.SystemCoreClockUpdate), (208 bytes).
    Removing system_stm32f0xx.o(.constdata), (24 bytes).
    Removing system_stm32f0xx.o(.data), (4 bytes).

416 unused section(s) (total 19162 bytes) removed from the image.

==============================================================================

Image Symbol Table

    Local Symbols

    Symbol Name                              Value     Ov Type        Size  Object(Section)

    ../clib/microlib/division.c              0x00000000   Number         0  uidiv.o ABSOLUTE
    ../clib/microlib/init/entry.s            0x00000000   Number         0  entry11b.o ABSOLUTE
    ../clib/microlib/init/entry.s            0x00000000   Number         0  entry11a.o ABSOLUTE
    ../clib/microlib/init/entry.s            0x00000000   Number         0  entry10b.o ABSOLUTE
    ../clib/microlib/init/entry.s            0x00000000   Number         0  entry10a.o ABSOLUTE
    ../clib/microlib/init/entry.s            0x00000000   Number         0  entry8b.o ABSOLUTE
    ../clib/microlib/init/entry.s            0x00000000   Number         0  entry.o ABSOLUTE
    ../clib/microlib/init/entry.s            0x00000000   Number         0  entry9b.o ABSOLUTE
    ../clib/microlib/init/entry.s            0x00000000   Number         0  entry8a.o ABSOLUTE
    ../clib/microlib/init/entry.s            0x00000000   Number         0  entry7b.o ABSOLUTE
    ../clib/microlib/init/entry.s            0x00000000   Number         0  entry7a.o ABSOLUTE
    ../clib/microlib/init/entry.s            0x00000000   Number         0  entry9a.o ABSOLUTE
    ../clib/microlib/init/entry.s            0x00000000   Number         0  entry5.o ABSOLUTE
    ../clib/microlib/init/entry.s            0x00000000   Number         0  entry2.o ABSOLUTE
    RTE\Device\STM32F072CBTx\startup_stm32f072xb.s 0x00000000   Number         0  startup_stm32f072xb.o ABSOLUTE
    RTE\Device\STM32F072CBTx\system_stm32f0xx.c 0x00000000   Number         0  system_stm32f0xx.o ABSOLUTE
    RTE\\Device\\STM32F072CBTx\\system_stm32f0xx.c 0x00000000   Number         0  system_stm32f0xx.o ABSOLUTE
    STM32F0xx_StdPeriph_Lib_V1.5.0\Libraries\STM32F0xx_StdPeriph_Driver\src\stm32f0xx_adc.c 0x00000000   Number         0  stm32f0xx_adc.o ABSOLUTE
    STM32F0xx_StdPeriph_Lib_V1.5.0\Libraries\STM32F0xx_StdPeriph_Driver\src\stm32f0xx_can.c 0x00000000   Number         0  stm32f0xx_can.o ABSOLUTE
    STM32F0xx_StdPeriph_Lib_V1.5.0\Libraries\STM32F0xx_StdPeriph_Driver\src\stm32f0xx_crc.c 0x00000000   Number         0  stm32f0xx_crc.o ABSOLUTE
    STM32F0xx_StdPeriph_Lib_V1.5.0\Libraries\STM32F0xx_StdPeriph_Driver\src\stm32f0xx_dma.c 0x00000000   Number         0  stm32f0xx_dma.o ABSOLUTE
    STM32F0xx_StdPeriph_Lib_V1.5.0\Libraries\STM32F0xx_StdPeriph_Driver\src\stm32f0xx_flash.c 0x00000000   Number         0  stm32f0xx_flash.o ABSOLUTE
    STM32F0xx_StdPeriph_Lib_V1.5.0\Libraries\STM32F0xx_StdPeriph_Driver\src\stm32f0xx_gpio.c 0x00000000   Number         0  stm32f0xx_gpio.o ABSOLUTE
    STM32F0xx_StdPeriph_Lib_V1.5.0\Libraries\STM32F0xx_StdPeriph_Driver\src\stm32f0xx_i2c.c 0x00000000   Number         0  stm32f0xx_i2c.o ABSOLUTE
    STM32F0xx_StdPeriph_Lib_V1.5.0\Libraries\STM32F0xx_StdPeriph_Driver\src\stm32f0xx_iwdg.c 0x00000000   Number         0  stm32f0xx_iwdg.o ABSOLUTE
    STM32F0xx_StdPeriph_Lib_V1.5.0\Libraries\STM32F0xx_StdPeriph_Driver\src\stm32f0xx_misc.c 0x00000000   Number         0  stm32f0xx_misc.o ABSOLUTE
    STM32F0xx_StdPeriph_Lib_V1.5.0\Libraries\STM32F0xx_StdPeriph_Driver\src\stm32f0xx_rcc.c 0x00000000   Number         0  stm32f0xx_rcc.o ABSOLUTE
    STM32F0xx_StdPeriph_Lib_V1.5.0\Libraries\STM32F0xx_StdPeriph_Driver\src\stm32f0xx_spi.c 0x00000000   Number         0  stm32f0xx_spi.o ABSOLUTE
    STM32F0xx_StdPeriph_Lib_V1.5.0\Libraries\STM32F0xx_StdPeriph_Driver\src\stm32f0xx_tim.c 0x00000000   Number         0  stm32f0xx_tim.o ABSOLUTE
    STM32F0xx_StdPeriph_Lib_V1.5.0\Libraries\STM32F0xx_StdPeriph_Driver\src\stm32f0xx_usart.c 0x00000000   Number         0  stm32f0xx_usart.o ABSOLUTE
    STM32F0xx_StdPeriph_Lib_V1.5.0\\Libraries\\STM32F0xx_StdPeriph_Driver\\src\\stm32f0xx_adc.c 0x00000000   Number         0  stm32f0xx_adc.o ABSOLUTE
    STM32F0xx_StdPeriph_Lib_V1.5.0\\Libraries\\STM32F0xx_StdPeriph_Driver\\src\\stm32f0xx_can.c 0x00000000   Number         0  stm32f0xx_can.o ABSOLUTE
    STM32F0xx_StdPeriph_Lib_V1.5.0\\Libraries\\STM32F0xx_StdPeriph_Driver\\src\\stm32f0xx_crc.c 0x00000000   Number         0  stm32f0xx_crc.o ABSOLUTE
    STM32F0xx_StdPeriph_Lib_V1.5.0\\Libraries\\STM32F0xx_StdPeriph_Driver\\src\\stm32f0xx_dma.c 0x00000000   Number         0  stm32f0xx_dma.o ABSOLUTE
    STM32F0xx_StdPeriph_Lib_V1.5.0\\Libraries\\STM32F0xx_StdPeriph_Driver\\src\\stm32f0xx_flash.c 0x00000000   Number         0  stm32f0xx_flash.o ABSOLUTE
    STM32F0xx_StdPeriph_Lib_V1.5.0\\Libraries\\STM32F0xx_StdPeriph_Driver\\src\\stm32f0xx_gpio.c 0x00000000   Number         0  stm32f0xx_gpio.o ABSOLUTE
    STM32F0xx_StdPeriph_Lib_V1.5.0\\Libraries\\STM32F0xx_StdPeriph_Driver\\src\\stm32f0xx_i2c.c 0x00000000   Number         0  stm32f0xx_i2c.o ABSOLUTE
    STM32F0xx_StdPeriph_Lib_V1.5.0\\Libraries\\STM32F0xx_StdPeriph_Driver\\src\\stm32f0xx_iwdg.c 0x00000000   Number         0  stm32f0xx_iwdg.o ABSOLUTE
    STM32F0xx_StdPeriph_Lib_V1.5.0\\Libraries\\STM32F0xx_StdPeriph_Driver\\src\\stm32f0xx_misc.c 0x00000000   Number         0  stm32f0xx_misc.o ABSOLUTE
    STM32F0xx_StdPeriph_Lib_V1.5.0\\Libraries\\STM32F0xx_StdPeriph_Driver\\src\\stm32f0xx_rcc.c 0x00000000   Number         0  stm32f0xx_rcc.o ABSOLUTE
    STM32F0xx_StdPeriph_Lib_V1.5.0\\Libraries\\STM32F0xx_StdPeriph_Driver\\src\\stm32f0xx_spi.c 0x00000000   Number         0  stm32f0xx_spi.o ABSOLUTE
    STM32F0xx_StdPeriph_Lib_V1.5.0\\Libraries\\STM32F0xx_StdPeriph_Driver\\src\\stm32f0xx_tim.c 0x00000000   Number         0  stm32f0xx_tim.o ABSOLUTE
    STM32F0xx_StdPeriph_Lib_V1.5.0\\Libraries\\STM32F0xx_StdPeriph_Driver\\src\\stm32f0xx_usart.c 0x00000000   Number         0  stm32f0xx_usart.o ABSOLUTE
    dc.s                                     0x00000000   Number         0  dc.o ABSOLUTE
    handlers.s                               0x00000000   Number         0  handlers.o ABSOLUTE
    init.s                                   0x00000000   Number         0  init.o ABSOLUTE
    main.c                                   0x00000000   Number         0  main.o ABSOLUTE
    main.c                                   0x00000000   Number         0  main.o ABSOLUTE
    user\FATFS_V0.08A\src\diskio.c           0x00000000   Number         0  diskio.o ABSOLUTE
    user\FATFS_V0.08A\src\ff.c               0x00000000   Number         0  ff.o ABSOLUTE
    user\SPI_SD_Card\SPI_MSD_Driver.c        0x00000000   Number         0  spi_msd_driver.o ABSOLUTE
    user\\FATFS_V0.08A\\src\\diskio.c        0x00000000   Number         0  diskio.o ABSOLUTE
    user\\FATFS_V0.08A\\src\\ff.c            0x00000000   Number         0  ff.o ABSOLUTE
    user\\SPI_SD_Card\\SPI_MSD_Driver.c      0x00000000   Number         0  spi_msd_driver.o ABSOLUTE
    user\\hd44780.c                          0x00000000   Number         0  hd44780.o ABSOLUTE
    user\hd44780.c                           0x00000000   Number         0  hd44780.o ABSOLUTE
    RESET                                    0x08000000   Section      192  startup_stm32f072xb.o(RESET)
    .ARM.Collect$$$$00000000                 0x080000c0   Section        0  entry.o(.ARM.Collect$$$$00000000)
    .ARM.Collect$$$$00000001                 0x080000c0   Section        4  entry2.o(.ARM.Collect$$$$00000001)
    .ARM.Collect$$$$00000004                 0x080000c4   Section        4  entry5.o(.ARM.Collect$$$$00000004)
    .ARM.Collect$$$$00000008                 0x080000c8   Section        0  entry7b.o(.ARM.Collect$$$$00000008)
    .ARM.Collect$$$$0000000A                 0x080000c8   Section        0  entry8b.o(.ARM.Collect$$$$0000000A)
    .ARM.Collect$$$$0000000B                 0x080000c8   Section        8  entry9a.o(.ARM.Collect$$$$0000000B)
    .ARM.Collect$$$$0000000D                 0x080000d0   Section        0  entry10a.o(.ARM.Collect$$$$0000000D)
    .ARM.Collect$$$$0000000F                 0x080000d0   Section        0  entry11a.o(.ARM.Collect$$$$0000000F)
    .ARM.Collect$$$$00002712                 0x080000d0   Section        4  entry2.o(.ARM.Collect$$$$00002712)
    __lit__00000000                          0x080000d0   Data           4  entry2.o(.ARM.Collect$$$$00002712)
    .text                                    0x080000d4   Section       28  startup_stm32f072xb.o(.text)
    .text                                    0x080000f0   Section        0  uidiv.o(.text)
    .text                                    0x0800011c   Section       36  init.o(.text)
    i.FLASH_ErasePage                        0x08000140   Section        0  stm32f0xx_flash.o(i.FLASH_ErasePage)
    i.FLASH_GetStatus                        0x0800018c   Section        0  stm32f0xx_flash.o(i.FLASH_GetStatus)
    i.FLASH_Lock                             0x080001c8   Section        0  stm32f0xx_flash.o(i.FLASH_Lock)
    i.FLASH_PrefetchBufferCmd                0x080001dc   Section        0  stm32f0xx_flash.o(i.FLASH_PrefetchBufferCmd)
    i.FLASH_ProgramWord                      0x08000200   Section        0  stm32f0xx_flash.o(i.FLASH_ProgramWord)
    i.FLASH_SetLatency                       0x0800026c   Section        0  stm32f0xx_flash.o(i.FLASH_SetLatency)
    i.FLASH_Unlock                           0x08000288   Section        0  stm32f0xx_flash.o(i.FLASH_Unlock)
    i.FLASH_WaitForLastOperation             0x080002ac   Section        0  stm32f0xx_flash.o(i.FLASH_WaitForLastOperation)
    i.GPIO_Init                              0x080002d4   Section        0  stm32f0xx_gpio.o(i.GPIO_Init)
    i.GPIO_PinAFConfig                       0x08000364   Section        0  stm32f0xx_gpio.o(i.GPIO_PinAFConfig)
    i.GPIO_ResetBits                         0x080003a8   Section        0  stm32f0xx_gpio.o(i.GPIO_ResetBits)
    i.GPIO_SetBits                           0x080003ac   Section        0  stm32f0xx_gpio.o(i.GPIO_SetBits)
    i.GPIO_USB_Init                          0x080003b0   Section        0  main.o(i.GPIO_USB_Init)
    i.Init_RCC                               0x080003de   Section        0  main.o(i.Init_RCC)
    i.Init_leds                              0x08000430   Section        0  main.o(i.Init_leds)
    i.Led_show                               0x08000458   Section        0  main.o(i.Led_show)
    i.MSD_GetCardInfo                        0x080004c0   Section        0  spi_msd_driver.o(i.MSD_GetCardInfo)
    i.MSD_Init                               0x080007e4   Section        0  spi_msd_driver.o(i.MSD_Init)
    i.MSD_ReadMultiBlock                     0x08000a1c   Section        0  spi_msd_driver.o(i.MSD_ReadMultiBlock)
    i.MSD_ReadSingleBlock                    0x08000a98   Section        0  spi_msd_driver.o(i.MSD_ReadSingleBlock)
    i.MSD_SPIHighSpeed                       0x08000adc   Section        0  spi_msd_driver.o(i.MSD_SPIHighSpeed)
    i.MSD_SPI_Configuration                  0x08000b34   Section        0  spi_msd_driver.o(i.MSD_SPI_Configuration)
    i.MSD_WriteMultiBlock                    0x08000bc8   Section        0  spi_msd_driver.o(i.MSD_WriteMultiBlock)
    i.MSD_WriteSingleBlock                   0x08000d00   Section        0  spi_msd_driver.o(i.MSD_WriteSingleBlock)
    i.RCC_AHBPeriphClockCmd                  0x08000dcc   Section        0  stm32f0xx_rcc.o(i.RCC_AHBPeriphClockCmd)
    i.RCC_APB2PeriphClockCmd                 0x08000dec   Section        0  stm32f0xx_rcc.o(i.RCC_APB2PeriphClockCmd)
    i.RCC_DeInit                             0x08000e0c   Section        0  stm32f0xx_rcc.o(i.RCC_DeInit)
    i.RCC_GetFlagStatus                      0x08000e84   Section        0  stm32f0xx_rcc.o(i.RCC_GetFlagStatus)
    i.RCC_HCLKConfig                         0x08000ecc   Section        0  stm32f0xx_rcc.o(i.RCC_HCLKConfig)
    i.RCC_HSEConfig                          0x08000eec   Section        0  stm32f0xx_rcc.o(i.RCC_HSEConfig)
    i.RCC_PCLKConfig                         0x08000efc   Section        0  stm32f0xx_rcc.o(i.RCC_PCLKConfig)
    i.RCC_PLLCmd                             0x08000f20   Section        0  stm32f0xx_rcc.o(i.RCC_PLLCmd)
    i.RCC_PLLConfig                          0x08000f48   Section        0  stm32f0xx_rcc.o(i.RCC_PLLConfig)
    i.RCC_PREDIV1Config                      0x08000f6c   Section        0  stm32f0xx_rcc.o(i.RCC_PREDIV1Config)
    i.RCC_SYSCLKConfig                       0x08000f88   Section        0  stm32f0xx_rcc.o(i.RCC_SYSCLKConfig)
    i.RCC_WaitForHSEStartUp                  0x08000fa4   Section        0  stm32f0xx_rcc.o(i.RCC_WaitForHSEStartUp)
    i.ReadKey                                0x08000fe0   Section        0  main.o(i.ReadKey)
    i.ResetKey                               0x08000fec   Section        0  main.o(i.ResetKey)
    i.SPI_Cmd                                0x08001004   Section        0  stm32f0xx_spi.o(i.SPI_Cmd)
    i.SPI_I2S_GetFlagStatus                  0x08001020   Section        0  stm32f0xx_spi.o(i.SPI_I2S_GetFlagStatus)
    i.SPI_Init                               0x08001034   Section        0  stm32f0xx_spi.o(i.SPI_Init)
    i.SPI_ReceiveData8                       0x0800108c   Section        0  stm32f0xx_spi.o(i.SPI_ReceiveData8)
    i.SPI_RxFIFOThresholdConfig              0x08001098   Section        0  stm32f0xx_spi.o(i.SPI_RxFIFOThresholdConfig)
    i.SPI_SendData8                          0x080010ac   Section        0  stm32f0xx_spi.o(i.SPI_SendData8)
    i.SetKey                                 0x080010b8   Section        0  main.o(i.SetKey)
    i.Set_CGRAM_Symbol                       0x080010d4   Section        0  hd44780.o(i.Set_CGRAM_Symbol)
    i.SystemInit                             0x08001110   Section        0  system_stm32f0xx.o(i.SystemInit)
    i.Write_command                          0x08001188   Section        0  hd44780.o(i.Write_command)
    i.__ARM_common_switch8                   0x080011ac   Section        0  diskio.o(i.__ARM_common_switch8)
    i.__NVIC_SystemReset                     0x080011c8   Section        0  main.o(i.__NVIC_SystemReset)
    __NVIC_SystemReset                       0x080011c9   Thumb Code    44  main.o(i.__NVIC_SystemReset)
    i.__scatterload_copy                     0x080011fc   Section       14  handlers.o(i.__scatterload_copy)
    i.__scatterload_null                     0x0800120a   Section        2  handlers.o(i.__scatterload_null)
    i.__scatterload_zeroinit                 0x0800120c   Section       14  handlers.o(i.__scatterload_zeroinit)
    i._read_buffer                           0x0800121a   Section        0  spi_msd_driver.o(i._read_buffer)
    i._send_command                          0x0800129c   Section        0  spi_msd_driver.o(i._send_command)
    i._send_command_hold                     0x0800130e   Section        0  spi_msd_driver.o(i._send_command_hold)
    i._spi_read_write                        0x08001370   Section        0  spi_msd_driver.o(i._spi_read_write)
    i.check_fs                               0x080013c4   Section        0  ff.o(i.check_fs)
    check_fs                                 0x080013c5   Thumb Code   150  ff.o(i.check_fs)
    i.chk_chr                                0x08001464   Section        0  ff.o(i.chk_chr)
    chk_chr                                  0x08001465   Thumb Code    22  ff.o(i.chk_chr)
    i.chk_mounted                            0x0800147c   Section        0  ff.o(i.chk_mounted)
    chk_mounted                              0x0800147d   Thumb Code  1012  ff.o(i.chk_mounted)
    i.clust2sect                             0x0800188c   Section        0  ff.o(i.clust2sect)
    i.create_chain                           0x080018a8   Section        0  ff.o(i.create_chain)
    create_chain                             0x080018a9   Thumb Code   202  ff.o(i.create_chain)
    i.create_name                            0x08001978   Section        0  ff.o(i.create_name)
    create_name                              0x08001979   Thumb Code   318  ff.o(i.create_name)
    i.delay_micros                           0x08001ac8   Section        0  hd44780.o(i.delay_micros)
    i.delay_ms                               0x08001ae0   Section        0  main.o(i.delay_ms)
    i.dir_find                               0x08001af8   Section        0  ff.o(i.dir_find)
    dir_find                                 0x08001af9   Thumb Code    98  ff.o(i.dir_find)
    i.dir_next                               0x08001b5a   Section        0  ff.o(i.dir_next)
    dir_next                                 0x08001b5b   Thumb Code   288  ff.o(i.dir_next)
    i.dir_read                               0x08001c7a   Section        0  ff.o(i.dir_read)
    dir_read                                 0x08001c7b   Thumb Code    92  ff.o(i.dir_read)
    i.dir_register                           0x08001cd6   Section        0  ff.o(i.dir_register)
    dir_register                             0x08001cd7   Thumb Code   116  ff.o(i.dir_register)
    i.dir_remove                             0x08001d4a   Section        0  ff.o(i.dir_remove)
    dir_remove                               0x08001d4b   Thumb Code    48  ff.o(i.dir_remove)
    i.dir_sdi                                0x08001d7a   Section        0  ff.o(i.dir_sdi)
    dir_sdi                                  0x08001d7b   Thumb Code   156  ff.o(i.dir_sdi)
    i.disk_initialize                        0x08001e16   Section        0  diskio.o(i.disk_initialize)
    i.disk_ioctl                             0x08001e44   Section        0  diskio.o(i.disk_ioctl)
    i.disk_read                              0x08001eac   Section        0  diskio.o(i.disk_read)
    i.disk_status                            0x08001f02   Section        0  diskio.o(i.disk_status)
    i.disk_write                             0x08001f26   Section        0  diskio.o(i.disk_write)
    i.f_close                                0x08001f76   Section        0  ff.o(i.f_close)
    i.f_mount                                0x08001f8c   Section        0  ff.o(i.f_mount)
    i.f_open                                 0x08001fbc   Section        0  ff.o(i.f_open)
    i.f_read                                 0x08002146   Section        0  ff.o(i.f_read)
    i.f_sync                                 0x08002336   Section        0  ff.o(i.f_sync)
    i.f_unlink                               0x080023fa   Section        0  ff.o(i.f_unlink)
    i.follow_path                            0x080024c0   Section        0  ff.o(i.follow_path)
    follow_path                              0x080024c1   Thumb Code   166  ff.o(i.follow_path)
    i.get_fat                                0x08002566   Section        0  ff.o(i.get_fat)
    i.get_fattime                            0x0800264e   Section        0  diskio.o(i.get_fattime)
    i.lcd44780_ClearLCD                      0x08002650   Section        0  hd44780.o(i.lcd44780_ClearLCD)
    i.lcd44780_GoToLine                      0x08002680   Section        0  hd44780.o(i.lcd44780_GoToLine)
    i.lcd44780_SetLCDPosition                0x080026c4   Section        0  hd44780.o(i.lcd44780_SetLCDPosition)
    i.lcd44780_ShowChar                      0x08002708   Section        0  hd44780.o(i.lcd44780_ShowChar)
    i.lcd44780_ShowStr                       0x08002768   Section        0  hd44780.o(i.lcd44780_ShowStr)
    i.lcd44780_WriteByte                     0x08002788   Section        0  hd44780.o(i.lcd44780_WriteByte)
    i.lcd44780_WriteNibble                   0x0800279c   Section        0  hd44780.o(i.lcd44780_WriteNibble)
    i.lcd44780_init                          0x080027d0   Section        0  hd44780.o(i.lcd44780_init)
    i.lcd44780_init_pins                     0x08002878   Section        0  hd44780.o(i.lcd44780_init_pins)
    i.main                                   0x080028c8   Section        0  main.o(i.main)
    i.mem_cmp                                0x08002c00   Section        0  ff.o(i.mem_cmp)
    mem_cmp                                  0x08002c01   Thumb Code    42  ff.o(i.mem_cmp)
    i.mem_cpy                                0x08002c2a   Section        0  ff.o(i.mem_cpy)
    mem_cpy                                  0x08002c2b   Thumb Code    26  ff.o(i.mem_cpy)
    i.mem_set                                0x08002c44   Section        0  ff.o(i.mem_set)
    mem_set                                  0x08002c45   Thumb Code    20  ff.o(i.mem_set)
    i.move_window                            0x08002c58   Section        0  ff.o(i.move_window)
    move_window                              0x08002c59   Thumb Code   118  ff.o(i.move_window)
    i.put_fat                                0x08002cce   Section        0  ff.o(i.put_fat)
    i.remove_chain                           0x08002e14   Section        0  ff.o(i.remove_chain)
    remove_chain                             0x08002e15   Thumb Code   108  ff.o(i.remove_chain)
    i.sync                                   0x08002e80   Section        0  ff.o(i.sync)
    sync                                     0x08002e81   Thumb Code   300  ff.o(i.sync)
    i.validate                               0x08002fac   Section        0  ff.o(i.validate)
    validate                                 0x08002fad   Thumb Code    48  ff.o(i.validate)
    .constdata                               0x08002fdc   Section      260  hd44780.o(.constdata)
    .data                                    0x20000000   Section       56  main.o(.data)
    .data                                    0x20000038   Section       44  hd44780.o(.data)
    .data                                    0x20000064   Section        2  spi_msd_driver.o(.data)
    .data                                    0x20000068   Section        6  ff.o(.data)
    FatFs                                    0x20000068   Data           4  ff.o(.data)
    Fsid                                     0x2000006c   Data           2  ff.o(.data)
    .bss                                     0x20000070   Section     1734  main.o(.bss)
    .bss                                     0x20000738   Section       88  spi_msd_driver.o(.bss)
    STACK                                    0x20000790   Section     1536  startup_stm32f072xb.o(STACK)

    Global Symbols

    Symbol Name                              Value     Ov Type        Size  Object(Section)

    BuildAttributes$$THM_ISAv3M$S$PE$A:L22$X:L11$S22$IEEE1$IW$USESV6$~STKCKD$USESV7$~SHL$OSPACE$EBA8$MICROLIB$REQ8$PRES8$EABIv2 0x00000000   Number         0  anon$$obj.o ABSOLUTE
    __ARM_use_no_argv                        0x00000000   Number         0  main.o ABSOLUTE
    __cpp_initialize__aeabi_                  - Undefined Weak Reference
    __cxa_finalize                            - Undefined Weak Reference
    __decompress                              - Undefined Weak Reference
    _clock_init                               - Undefined Weak Reference
    _microlib_exit                            - Undefined Weak Reference
    __Vectors_Size                           0x000000c0   Number         0  startup_stm32f072xb.o ABSOLUTE
    __Vectors                                0x08000000   Data           4  startup_stm32f072xb.o(RESET)
    __Vectors_End                            0x080000c0   Data           0  startup_stm32f072xb.o(RESET)
    __main                                   0x080000c1   Thumb Code     0  entry.o(.ARM.Collect$$$$00000000)
    _main_stk                                0x080000c1   Thumb Code     0  entry2.o(.ARM.Collect$$$$00000001)
    _main_scatterload                        0x080000c5   Thumb Code     0  entry5.o(.ARM.Collect$$$$00000004)
    __main_after_scatterload                 0x080000c9   Thumb Code     0  entry5.o(.ARM.Collect$$$$00000004)
    _main_clock                              0x080000c9   Thumb Code     0  entry7b.o(.ARM.Collect$$$$00000008)
    _main_cpp_init                           0x080000c9   Thumb Code     0  entry8b.o(.ARM.Collect$$$$0000000A)
    _main_init                               0x080000c9   Thumb Code     0  entry9a.o(.ARM.Collect$$$$0000000B)
    __rt_final_cpp                           0x080000d1   Thumb Code     0  entry10a.o(.ARM.Collect$$$$0000000D)
    __rt_final_exit                          0x080000d1   Thumb Code     0  entry11a.o(.ARM.Collect$$$$0000000F)
    Reset_Handler                            0x080000d5   Thumb Code     8  startup_stm32f072xb.o(.text)
    NMI_Handler                              0x080000dd   Thumb Code     2  startup_stm32f072xb.o(.text)
    HardFault_Handler                        0x080000df   Thumb Code     2  startup_stm32f072xb.o(.text)
    SVC_Handler                              0x080000e1   Thumb Code     2  startup_stm32f072xb.o(.text)
    PendSV_Handler                           0x080000e3   Thumb Code     2  startup_stm32f072xb.o(.text)
    SysTick_Handler                          0x080000e5   Thumb Code     2  startup_stm32f072xb.o(.text)
    ADC1_COMP_IRQHandler                     0x080000e7   Thumb Code     0  startup_stm32f072xb.o(.text)
    CEC_CAN_IRQHandler                       0x080000e7   Thumb Code     0  startup_stm32f072xb.o(.text)
    DMA1_Channel1_IRQHandler                 0x080000e7   Thumb Code     0  startup_stm32f072xb.o(.text)
    DMA1_Channel2_3_IRQHandler               0x080000e7   Thumb Code     0  startup_stm32f072xb.o(.text)
    DMA1_Channel4_5_6_7_IRQHandler           0x080000e7   Thumb Code     0  startup_stm32f072xb.o(.text)
    EXTI0_1_IRQHandler                       0x080000e7   Thumb Code     0  startup_stm32f072xb.o(.text)
    EXTI2_3_IRQHandler                       0x080000e7   Thumb Code     0  startup_stm32f072xb.o(.text)
    EXTI4_15_IRQHandler                      0x080000e7   Thumb Code     0  startup_stm32f072xb.o(.text)
    FLASH_IRQHandler                         0x080000e7   Thumb Code     0  startup_stm32f072xb.o(.text)
    I2C1_IRQHandler                          0x080000e7   Thumb Code     0  startup_stm32f072xb.o(.text)
    I2C2_IRQHandler                          0x080000e7   Thumb Code     0  startup_stm32f072xb.o(.text)
    PVD_VDDIO2_IRQHandler                    0x080000e7   Thumb Code     0  startup_stm32f072xb.o(.text)
    RCC_CRS_IRQHandler                       0x080000e7   Thumb Code     0  startup_stm32f072xb.o(.text)
    RTC_IRQHandler                           0x080000e7   Thumb Code     0  startup_stm32f072xb.o(.text)
    SPI1_IRQHandler                          0x080000e7   Thumb Code     0  startup_stm32f072xb.o(.text)
    SPI2_IRQHandler                          0x080000e7   Thumb Code     0  startup_stm32f072xb.o(.text)
    TIM14_IRQHandler                         0x080000e7   Thumb Code     0  startup_stm32f072xb.o(.text)
    TIM15_IRQHandler                         0x080000e7   Thumb Code     0  startup_stm32f072xb.o(.text)
    TIM16_IRQHandler                         0x080000e7   Thumb Code     0  startup_stm32f072xb.o(.text)
    TIM17_IRQHandler                         0x080000e7   Thumb Code     0  startup_stm32f072xb.o(.text)
    TIM1_BRK_UP_TRG_COM_IRQHandler           0x080000e7   Thumb Code     0  startup_stm32f072xb.o(.text)
    TIM1_CC_IRQHandler                       0x080000e7   Thumb Code     0  startup_stm32f072xb.o(.text)
    TIM2_IRQHandler                          0x080000e7   Thumb Code     0  startup_stm32f072xb.o(.text)
    TIM3_IRQHandler                          0x080000e7   Thumb Code     0  startup_stm32f072xb.o(.text)
    TIM6_DAC_IRQHandler                      0x080000e7   Thumb Code     0  startup_stm32f072xb.o(.text)
    TIM7_IRQHandler                          0x080000e7   Thumb Code     0  startup_stm32f072xb.o(.text)
    TSC_IRQHandler                           0x080000e7   Thumb Code     0  startup_stm32f072xb.o(.text)
    USART1_IRQHandler                        0x080000e7   Thumb Code     0  startup_stm32f072xb.o(.text)
    USART2_IRQHandler                        0x080000e7   Thumb Code     0  startup_stm32f072xb.o(.text)
    USART3_4_IRQHandler                      0x080000e7   Thumb Code     0  startup_stm32f072xb.o(.text)
    USB_IRQHandler                           0x080000e7   Thumb Code     0  startup_stm32f072xb.o(.text)
    WWDG_IRQHandler                          0x080000e7   Thumb Code     0  startup_stm32f072xb.o(.text)
    __aeabi_uidiv                            0x080000f1   Thumb Code     0  uidiv.o(.text)
    __aeabi_uidivmod                         0x080000f1   Thumb Code    44  uidiv.o(.text)
    __scatterload                            0x0800011d   Thumb Code    28  init.o(.text)
    __scatterload_rt2                        0x0800011d   Thumb Code     0  init.o(.text)
    FLASH_ErasePage                          0x08000141   Thumb Code    72  stm32f0xx_flash.o(i.FLASH_ErasePage)
    FLASH_GetStatus                          0x0800018d   Thumb Code    54  stm32f0xx_flash.o(i.FLASH_GetStatus)
    FLASH_Lock                               0x080001c9   Thumb Code    14  stm32f0xx_flash.o(i.FLASH_Lock)
    FLASH_PrefetchBufferCmd                  0x080001dd   Thumb Code    32  stm32f0xx_flash.o(i.FLASH_PrefetchBufferCmd)
    FLASH_ProgramWord                        0x08000201   Thumb Code   104  stm32f0xx_flash.o(i.FLASH_ProgramWord)
    FLASH_SetLatency                         0x0800026d   Thumb Code    24  stm32f0xx_flash.o(i.FLASH_SetLatency)
    FLASH_Unlock                             0x08000289   Thumb Code    24  stm32f0xx_flash.o(i.FLASH_Unlock)
    FLASH_WaitForLastOperation               0x080002ad   Thumb Code    40  stm32f0xx_flash.o(i.FLASH_WaitForLastOperation)
    GPIO_Init                                0x080002d5   Thumb Code   144  stm32f0xx_gpio.o(i.GPIO_Init)
    GPIO_PinAFConfig                         0x08000365   Thumb Code    68  stm32f0xx_gpio.o(i.GPIO_PinAFConfig)
    GPIO_ResetBits                           0x080003a9   Thumb Code     4  stm32f0xx_gpio.o(i.GPIO_ResetBits)
    GPIO_SetBits                             0x080003ad   Thumb Code     4  stm32f0xx_gpio.o(i.GPIO_SetBits)
    GPIO_USB_Init                            0x080003b1   Thumb Code    46  main.o(i.GPIO_USB_Init)
    Init_RCC                                 0x080003df   Thumb Code    80  main.o(i.Init_RCC)
    Init_leds                                0x08000431   Thumb Code    36  main.o(i.Init_leds)
    Led_show                                 0x08000459   Thumb Code    94  main.o(i.Led_show)
    MSD_GetCardInfo                          0x080004c1   Thumb Code   804  spi_msd_driver.o(i.MSD_GetCardInfo)
    MSD_Init                                 0x080007e5   Thumb Code   558  spi_msd_driver.o(i.MSD_Init)
    MSD_ReadMultiBlock                       0x08000a1d   Thumb Code   120  spi_msd_driver.o(i.MSD_ReadMultiBlock)
    MSD_ReadSingleBlock                      0x08000a99   Thumb Code    62  spi_msd_driver.o(i.MSD_ReadSingleBlock)
    MSD_SPIHighSpeed                         0x08000add   Thumb Code    84  spi_msd_driver.o(i.MSD_SPIHighSpeed)
    MSD_SPI_Configuration                    0x08000b35   Thumb Code   144  spi_msd_driver.o(i.MSD_SPI_Configuration)
    MSD_WriteMultiBlock                      0x08000bc9   Thumb Code   306  spi_msd_driver.o(i.MSD_WriteMultiBlock)
    MSD_WriteSingleBlock                     0x08000d01   Thumb Code   200  spi_msd_driver.o(i.MSD_WriteSingleBlock)
    RCC_AHBPeriphClockCmd                    0x08000dcd   Thumb Code    28  stm32f0xx_rcc.o(i.RCC_AHBPeriphClockCmd)
    RCC_APB2PeriphClockCmd                   0x08000ded   Thumb Code    28  stm32f0xx_rcc.o(i.RCC_APB2PeriphClockCmd)
    RCC_DeInit                               0x08000e0d   Thumb Code   102  stm32f0xx_rcc.o(i.RCC_DeInit)
    RCC_GetFlagStatus                        0x08000e85   Thumb Code    68  stm32f0xx_rcc.o(i.RCC_GetFlagStatus)
    RCC_HCLKConfig                           0x08000ecd   Thumb Code    28  stm32f0xx_rcc.o(i.RCC_HCLKConfig)
    RCC_HSEConfig                            0x08000eed   Thumb Code    12  stm32f0xx_rcc.o(i.RCC_HSEConfig)
    RCC_PCLKConfig                           0x08000efd   Thumb Code    30  stm32f0xx_rcc.o(i.RCC_PCLKConfig)
    RCC_PLLCmd                               0x08000f21   Thumb Code    36  stm32f0xx_rcc.o(i.RCC_PLLCmd)
    RCC_PLLConfig                            0x08000f49   Thumb Code    30  stm32f0xx_rcc.o(i.RCC_PLLConfig)
    RCC_PREDIV1Config                        0x08000f6d   Thumb Code    24  stm32f0xx_rcc.o(i.RCC_PREDIV1Config)
    RCC_SYSCLKConfig                         0x08000f89   Thumb Code    24  stm32f0xx_rcc.o(i.RCC_SYSCLKConfig)
    RCC_WaitForHSEStartUp                    0x08000fa5   Thumb Code    60  stm32f0xx_rcc.o(i.RCC_WaitForHSEStartUp)
    ReadKey                                  0x08000fe1   Thumb Code     6  main.o(i.ReadKey)
    ResetKey                                 0x08000fed   Thumb Code    18  main.o(i.ResetKey)
    SPI_Cmd                                  0x08001005   Thumb Code    24  stm32f0xx_spi.o(i.SPI_Cmd)
    SPI_I2S_GetFlagStatus                    0x08001021   Thumb Code    20  stm32f0xx_spi.o(i.SPI_I2S_GetFlagStatus)
    SPI_Init                                 0x08001035   Thumb Code    76  stm32f0xx_spi.o(i.SPI_Init)
    SPI_ReceiveData8                         0x0800108d   Thumb Code    12  stm32f0xx_spi.o(i.SPI_ReceiveData8)
    SPI_RxFIFOThresholdConfig                0x08001099   Thumb Code    16  stm32f0xx_spi.o(i.SPI_RxFIFOThresholdConfig)
    SPI_SendData8                            0x080010ad   Thumb Code    10  stm32f0xx_spi.o(i.SPI_SendData8)
    SetKey                                   0x080010b9   Thumb Code    20  main.o(i.SetKey)
    Set_CGRAM_Symbol                         0x080010d5   Thumb Code    54  hd44780.o(i.Set_CGRAM_Symbol)
    SystemInit                               0x08001111   Thumb Code   102  system_stm32f0xx.o(i.SystemInit)
    Write_command                            0x08001189   Thumb Code    30  hd44780.o(i.Write_command)
    __ARM_common_switch8                     0x080011ad   Thumb Code    28  diskio.o(i.__ARM_common_switch8)
    __scatterload_copy                       0x080011fd   Thumb Code    14  handlers.o(i.__scatterload_copy)
    __scatterload_null                       0x0800120b   Thumb Code     2  handlers.o(i.__scatterload_null)
    __scatterload_zeroinit                   0x0800120d   Thumb Code    14  handlers.o(i.__scatterload_zeroinit)
    _read_buffer                             0x0800121b   Thumb Code   130  spi_msd_driver.o(i._read_buffer)
    _send_command                            0x0800129d   Thumb Code   114  spi_msd_driver.o(i._send_command)
    _send_command_hold                       0x0800130f   Thumb Code    98  spi_msd_driver.o(i._send_command_hold)
    _spi_read_write                          0x08001371   Thumb Code    76  spi_msd_driver.o(i._spi_read_write)
    clust2sect                               0x0800188d   Thumb Code    26  ff.o(i.clust2sect)
    delay_micros                             0x08001ac9   Thumb Code    18  hd44780.o(i.delay_micros)
    delay_ms                                 0x08001ae1   Thumb Code    24  main.o(i.delay_ms)
    disk_initialize                          0x08001e17   Thumb Code    46  diskio.o(i.disk_initialize)
    disk_ioctl                               0x08001e45   Thumb Code    98  diskio.o(i.disk_ioctl)
    disk_read                                0x08001ead   Thumb Code    86  diskio.o(i.disk_read)
    disk_status                              0x08001f03   Thumb Code    36  diskio.o(i.disk_status)
    disk_write                               0x08001f27   Thumb Code    80  diskio.o(i.disk_write)
    f_close                                  0x08001f77   Thumb Code    22  ff.o(i.f_close)
    f_mount                                  0x08001f8d   Thumb Code    44  ff.o(i.f_mount)
    f_open                                   0x08001fbd   Thumb Code   394  ff.o(i.f_open)
    f_read                                   0x08002147   Thumb Code   496  ff.o(i.f_read)
    f_sync                                   0x08002337   Thumb Code   196  ff.o(i.f_sync)
    f_unlink                                 0x080023fb   Thumb Code   198  ff.o(i.f_unlink)
    get_fat                                  0x08002567   Thumb Code   232  ff.o(i.get_fat)
    get_fattime                              0x0800264f   Thumb Code     2  diskio.o(i.get_fattime)
    lcd44780_ClearLCD                        0x08002651   Thumb Code    42  hd44780.o(i.lcd44780_ClearLCD)
    lcd44780_GoToLine                        0x08002681   Thumb Code    52  hd44780.o(i.lcd44780_GoToLine)
    lcd44780_SetLCDPosition                  0x080026c5   Thumb Code    50  hd44780.o(i.lcd44780_SetLCDPosition)
    lcd44780_ShowChar                        0x08002709   Thumb Code    86  hd44780.o(i.lcd44780_ShowChar)
    lcd44780_ShowStr                         0x08002769   Thumb Code    26  hd44780.o(i.lcd44780_ShowStr)
    lcd44780_WriteByte                       0x08002789   Thumb Code    20  hd44780.o(i.lcd44780_WriteByte)
    lcd44780_WriteNibble                     0x0800279d   Thumb Code    46  hd44780.o(i.lcd44780_WriteNibble)
    lcd44780_init                            0x080027d1   Thumb Code   138  hd44780.o(i.lcd44780_init)
    lcd44780_init_pins                       0x08002879   Thumb Code    72  hd44780.o(i.lcd44780_init_pins)
    main                                     0x080028c9   Thumb Code   606  main.o(i.main)
    put_fat                                  0x08002ccf   Thumb Code   326  ff.o(i.put_fat)
    lcd44780_addLUT                          0x08002fdc   Data           4  hd44780.o(.constdata)
    ansii_table_for_epson                    0x08002fe0   Data         256  hd44780.o(.constdata)
    Region$$Table$$Base                      0x080030e0   Number         0  anon$$obj.o(Region$$Table)
    Region$$Table$$Limit                     0x08003100   Number         0  anon$$obj.o(Region$$Table)
    result                                   0x20000000   Data           1  main.o(.data)
    br                                       0x20000004   Data           4  main.o(.data)
    fs_ptr                                   0x20000008   Data           4  main.o(.data)
    fre_clust                                0x2000000c   Data           4  main.o(.data)
    fre_sect                                 0x20000010   Data           4  main.o(.data)
    tot_sect                                 0x20000014   Data           4  main.o(.data)
    avalible_SD                              0x20000018   Data           4  main.o(.data)
    total_SD                                 0x2000001c   Data           4  main.o(.data)
    Jump_To_Application                      0x20000020   Data           4  main.o(.data)
    jumpAddress                              0x20000024   Data           4  main.o(.data)
    programBytesToRead                       0x20000028   Data           4  main.o(.data)
    programBytesCounter                      0x2000002c   Data           4  main.o(.data)
    currentAddress                           0x20000030   Data           4  main.o(.data)
    readBytes                                0x20000034   Data           4  main.o(.data)
    lcd44780_Address                         0x20000038   Data           1  hd44780.o(.data)
    lcd44780_Line                            0x20000039   Data           1  hd44780.o(.data)
    lcd44780_GPIO_InitStructure              0x2000003c   Data           8  hd44780.o(.data)
    symbol_degree                            0x20000044   Data           8  hd44780.o(.data)
    symbol_gamma                             0x2000004c   Data           8  hd44780.o(.data)
    symbol_alpha                             0x20000054   Data           8  hd44780.o(.data)
    symbol_beta                              0x2000005c   Data           8  hd44780.o(.data)
    Timeout_SPI                              0x20000064   Data           2  spi_msd_driver.o(.data)
    fsrc                                     0x20000070   Data         548  main.o(.bss)
    fs                                       0x20000294   Data         560  main.o(.bss)
    dir                                      0x200004c4   Data          28  main.o(.bss)
    fileInfo                                 0x200004e0   Data          24  main.o(.bss)
    readBuffer                               0x200004f8   Data         512  main.o(.bss)
    led_status                               0x200006f8   Data          62  main.o(.bss)
    CardInfo                                 0x20000738   Data          88  spi_msd_driver.o(.bss)
    __initial_sp                             0x20000d90   Data           0  startup_stm32f072xb.o(STACK)



==============================================================================

Memory Map of the image

  Image Entry point : 0x080000c1

  Load Region LR_IROM1 (Base: 0x08000000, Size: 0x00003170, Max: 0x00020000, ABSOLUTE)

    Execution Region ER_IROM1 (Exec base: 0x08000000, Load base: 0x08000000, Size: 0x00003100, Max: 0x00020000, ABSOLUTE)

    Exec Addr    Load Addr    Size         Type   Attr      Idx    E Section Name        Object

    0x08000000   0x08000000   0x000000c0   Data   RO         3211    RESET               startup_stm32f072xb.o
    0x080000c0   0x080000c0   0x00000000   Code   RO         3249  * .ARM.Collect$$$$00000000  mc_p.l(entry.o)
    0x080000c0   0x080000c0   0x00000004   Code   RO         3254    .ARM.Collect$$$$00000001  mc_p.l(entry2.o)
    0x080000c4   0x080000c4   0x00000004   Code   RO         3257    .ARM.Collect$$$$00000004  mc_p.l(entry5.o)
    0x080000c8   0x080000c8   0x00000000   Code   RO         3259    .ARM.Collect$$$$00000008  mc_p.l(entry7b.o)
    0x080000c8   0x080000c8   0x00000000   Code   RO         3261    .ARM.Collect$$$$0000000A  mc_p.l(entry8b.o)
    0x080000c8   0x080000c8   0x00000008   Code   RO         3262    .ARM.Collect$$$$0000000B  mc_p.l(entry9a.o)
    0x080000d0   0x080000d0   0x00000000   Code   RO         3264    .ARM.Collect$$$$0000000D  mc_p.l(entry10a.o)
    0x080000d0   0x080000d0   0x00000000   Code   RO         3266    .ARM.Collect$$$$0000000F  mc_p.l(entry11a.o)
    0x080000d0   0x080000d0   0x00000004   Code   RO         3255    .ARM.Collect$$$$00002712  mc_p.l(entry2.o)
    0x080000d4   0x080000d4   0x0000001c   Code   RO         3212    .text               startup_stm32f072xb.o
    0x080000f0   0x080000f0   0x0000002c   Code   RO         3252    .text               mc_p.l(uidiv.o)
    0x0800011c   0x0800011c   0x00000024   Code   RO         3268    .text               mc_p.l(init.o)
    0x08000140   0x08000140   0x0000004c   Code   RO          733    i.FLASH_ErasePage   stm32f0xx_flash.o
    0x0800018c   0x0800018c   0x0000003c   Code   RO          736    i.FLASH_GetStatus   stm32f0xx_flash.o
    0x080001c8   0x080001c8   0x00000014   Code   RO          738    i.FLASH_Lock        stm32f0xx_flash.o
    0x080001dc   0x080001dc   0x00000024   Code   RO          756    i.FLASH_PrefetchBufferCmd  stm32f0xx_flash.o
    0x08000200   0x08000200   0x0000006c   Code   RO          758    i.FLASH_ProgramWord  stm32f0xx_flash.o
    0x0800026c   0x0800026c   0x0000001c   Code   RO          759    i.FLASH_SetLatency  stm32f0xx_flash.o
    0x08000288   0x08000288   0x00000024   Code   RO          760    i.FLASH_Unlock      stm32f0xx_flash.o
    0x080002ac   0x080002ac   0x00000028   Code   RO          761    i.FLASH_WaitForLastOperation  stm32f0xx_flash.o
    0x080002d4   0x080002d4   0x00000090   Code   RO          932    i.GPIO_Init         stm32f0xx_gpio.o
    0x08000364   0x08000364   0x00000044   Code   RO          933    i.GPIO_PinAFConfig  stm32f0xx_gpio.o
    0x080003a8   0x080003a8   0x00000004   Code   RO          939    i.GPIO_ResetBits    stm32f0xx_gpio.o
    0x080003ac   0x080003ac   0x00000004   Code   RO          940    i.GPIO_SetBits      stm32f0xx_gpio.o
    0x080003b0   0x080003b0   0x0000002e   Code   RO            3    i.GPIO_USB_Init     main.o
    0x080003de   0x080003de   0x00000050   Code   RO            4    i.Init_RCC          main.o
    0x0800042e   0x0800042e   0x00000002   PAD
    0x08000430   0x08000430   0x00000028   Code   RO            5    i.Init_leds         main.o
    0x08000458   0x08000458   0x00000068   Code   RO            6    i.Led_show          main.o
    0x080004c0   0x080004c0   0x00000324   Code   RO         2813    i.MSD_GetCardInfo   spi_msd_driver.o
    0x080007e4   0x080007e4   0x00000238   Code   RO         2814    i.MSD_Init          spi_msd_driver.o
    0x08000a1c   0x08000a1c   0x0000007c   Code   RO         2815    i.MSD_ReadMultiBlock  spi_msd_driver.o
    0x08000a98   0x08000a98   0x00000044   Code   RO         2816    i.MSD_ReadSingleBlock  spi_msd_driver.o
    0x08000adc   0x08000adc   0x00000058   Code   RO         2817    i.MSD_SPIHighSpeed  spi_msd_driver.o
    0x08000b34   0x08000b34   0x00000094   Code   RO         2818    i.MSD_SPI_Configuration  spi_msd_driver.o
    0x08000bc8   0x08000bc8   0x00000138   Code   RO         2819    i.MSD_WriteMultiBlock  spi_msd_driver.o
    0x08000d00   0x08000d00   0x000000cc   Code   RO         2820    i.MSD_WriteSingleBlock  spi_msd_driver.o
    0x08000dcc   0x08000dcc   0x00000020   Code   RO         1322    i.RCC_AHBPeriphClockCmd  stm32f0xx_rcc.o
    0x08000dec   0x08000dec   0x00000020   Code   RO         1326    i.RCC_APB2PeriphClockCmd  stm32f0xx_rcc.o
    0x08000e0c   0x08000e0c   0x00000078   Code   RO         1335    i.RCC_DeInit        stm32f0xx_rcc.o
    0x08000e84   0x08000e84   0x00000048   Code   RO         1337    i.RCC_GetFlagStatus  stm32f0xx_rcc.o
    0x08000ecc   0x08000ecc   0x00000020   Code   RO         1340    i.RCC_HCLKConfig    stm32f0xx_rcc.o
    0x08000eec   0x08000eec   0x00000010   Code   RO         1341    i.RCC_HSEConfig     stm32f0xx_rcc.o
    0x08000efc   0x08000efc   0x00000024   Code   RO         1352    i.RCC_PCLKConfig    stm32f0xx_rcc.o
    0x08000f20   0x08000f20   0x00000028   Code   RO         1353    i.RCC_PLLCmd        stm32f0xx_rcc.o
    0x08000f48   0x08000f48   0x00000024   Code   RO         1354    i.RCC_PLLConfig     stm32f0xx_rcc.o
    0x08000f6c   0x08000f6c   0x0000001c   Code   RO         1355    i.RCC_PREDIV1Config  stm32f0xx_rcc.o
    0x08000f88   0x08000f88   0x0000001c   Code   RO         1358    i.RCC_SYSCLKConfig  stm32f0xx_rcc.o
    0x08000fa4   0x08000fa4   0x0000003c   Code   RO         1361    i.RCC_WaitForHSEStartUp  stm32f0xx_rcc.o
    0x08000fe0   0x08000fe0   0x0000000c   Code   RO            7    i.ReadKey           main.o
    0x08000fec   0x08000fec   0x00000018   Code   RO            8    i.ResetKey          main.o
    0x08001004   0x08001004   0x0000001c   Code   RO         1589    i.SPI_Cmd           stm32f0xx_spi.o
    0x08001020   0x08001020   0x00000014   Code   RO         1598    i.SPI_I2S_GetFlagStatus  stm32f0xx_spi.o
    0x08001034   0x08001034   0x00000058   Code   RO         1603    i.SPI_Init          stm32f0xx_spi.o
    0x0800108c   0x0800108c   0x0000000c   Code   RO         1607    i.SPI_ReceiveData8  stm32f0xx_spi.o
    0x08001098   0x08001098   0x00000014   Code   RO         1608    i.SPI_RxFIFOThresholdConfig  stm32f0xx_spi.o
    0x080010ac   0x080010ac   0x0000000a   Code   RO         1610    i.SPI_SendData8     stm32f0xx_spi.o
    0x080010b6   0x080010b6   0x00000002   PAD
    0x080010b8   0x080010b8   0x0000001c   Code   RO            9    i.SetKey            main.o
    0x080010d4   0x080010d4   0x0000003c   Code   RO          192    i.Set_CGRAM_Symbol  hd44780.o
    0x08001110   0x08001110   0x00000078   Code   RO         3219    i.SystemInit        system_stm32f0xx.o
    0x08001188   0x08001188   0x00000024   Code   RO          193    i.Write_command     hd44780.o
    0x080011ac   0x080011ac   0x0000001c   Code   RO         2955    i.__ARM_common_switch8  diskio.o
    0x080011c8   0x080011c8   0x00000034   Code   RO           10    i.__NVIC_SystemReset  main.o
    0x080011fc   0x080011fc   0x0000000e   Code   RO         3272    i.__scatterload_copy  mc_p.l(handlers.o)
    0x0800120a   0x0800120a   0x00000002   Code   RO         3273    i.__scatterload_null  mc_p.l(handlers.o)
    0x0800120c   0x0800120c   0x0000000e   Code   RO         3274    i.__scatterload_zeroinit  mc_p.l(handlers.o)
    0x0800121a   0x0800121a   0x00000082   Code   RO         2821    i._read_buffer      spi_msd_driver.o
    0x0800129c   0x0800129c   0x00000072   Code   RO         2822    i._send_command     spi_msd_driver.o
    0x0800130e   0x0800130e   0x00000062   Code   RO         2823    i._send_command_hold  spi_msd_driver.o
    0x08001370   0x08001370   0x00000054   Code   RO         2824    i._spi_read_write   spi_msd_driver.o
    0x080013c4   0x080013c4   0x000000a0   Code   RO         2969    i.check_fs          ff.o
    0x08001464   0x08001464   0x00000016   Code   RO         2970    i.chk_chr           ff.o
    0x0800147a   0x0800147a   0x00000002   PAD
    0x0800147c   0x0800147c   0x00000410   Code   RO         2971    i.chk_mounted       ff.o
    0x0800188c   0x0800188c   0x0000001a   Code   RO         2972    i.clust2sect        ff.o
    0x080018a6   0x080018a6   0x00000002   PAD
    0x080018a8   0x080018a8   0x000000d0   Code   RO         2973    i.create_chain      ff.o
    0x08001978   0x08001978   0x00000150   Code   RO         2974    i.create_name       ff.o
    0x08001ac8   0x08001ac8   0x00000018   Code   RO          194    i.delay_micros      hd44780.o
    0x08001ae0   0x08001ae0   0x00000018   Code   RO           11    i.delay_ms          main.o
    0x08001af8   0x08001af8   0x00000062   Code   RO         2975    i.dir_find          ff.o
    0x08001b5a   0x08001b5a   0x00000120   Code   RO         2976    i.dir_next          ff.o
    0x08001c7a   0x08001c7a   0x0000005c   Code   RO         2977    i.dir_read          ff.o
    0x08001cd6   0x08001cd6   0x00000074   Code   RO         2978    i.dir_register      ff.o
    0x08001d4a   0x08001d4a   0x00000030   Code   RO         2979    i.dir_remove        ff.o
    0x08001d7a   0x08001d7a   0x0000009c   Code   RO         2980    i.dir_sdi           ff.o
    0x08001e16   0x08001e16   0x0000002e   Code   RO         2910    i.disk_initialize   diskio.o
    0x08001e44   0x08001e44   0x00000068   Code   RO         2911    i.disk_ioctl        diskio.o
    0x08001eac   0x08001eac   0x00000056   Code   RO         2912    i.disk_read         diskio.o
    0x08001f02   0x08001f02   0x00000024   Code   RO         2913    i.disk_status       diskio.o
    0x08001f26   0x08001f26   0x00000050   Code   RO         2914    i.disk_write        diskio.o
    0x08001f76   0x08001f76   0x00000016   Code   RO         2982    i.f_close           ff.o
    0x08001f8c   0x08001f8c   0x00000030   Code   RO         2986    i.f_mount           ff.o
    0x08001fbc   0x08001fbc   0x0000018a   Code   RO         2987    i.f_open            ff.o
    0x08002146   0x08002146   0x000001f0   Code   RO         2989    i.f_read            ff.o
    0x08002336   0x08002336   0x000000c4   Code   RO         2993    i.f_sync            ff.o
    0x080023fa   0x080023fa   0x000000c6   Code   RO         2995    i.f_unlink          ff.o
    0x080024c0   0x080024c0   0x000000a6   Code   RO         2998    i.follow_path       ff.o
    0x08002566   0x08002566   0x000000e8   Code   RO         2999    i.get_fat           ff.o
    0x0800264e   0x0800264e   0x00000002   Code   RO         2915    i.get_fattime       diskio.o
    0x08002650   0x08002650   0x00000030   Code   RO          195    i.lcd44780_ClearLCD  hd44780.o
    0x08002680   0x08002680   0x00000044   Code   RO          196    i.lcd44780_GoToLine  hd44780.o
    0x080026c4   0x080026c4   0x00000044   Code   RO          197    i.lcd44780_SetLCDPosition  hd44780.o
    0x08002708   0x08002708   0x00000060   Code   RO          198    i.lcd44780_ShowChar  hd44780.o
    0x08002768   0x08002768   0x00000020   Code   RO          199    i.lcd44780_ShowStr  hd44780.o
    0x08002788   0x08002788   0x00000014   Code   RO          200    i.lcd44780_WriteByte  hd44780.o
    0x0800279c   0x0800279c   0x00000034   Code   RO          201    i.lcd44780_WriteNibble  hd44780.o
    0x080027d0   0x080027d0   0x000000a8   Code   RO          202    i.lcd44780_init     hd44780.o
    0x08002878   0x08002878   0x00000050   Code   RO          203    i.lcd44780_init_pins  hd44780.o
    0x080028c8   0x080028c8   0x00000338   Code   RO           12    i.main              main.o
    0x08002c00   0x08002c00   0x0000002a   Code   RO         3001    i.mem_cmp           ff.o
    0x08002c2a   0x08002c2a   0x0000001a   Code   RO         3002    i.mem_cpy           ff.o
    0x08002c44   0x08002c44   0x00000014   Code   RO         3003    i.mem_set           ff.o
    0x08002c58   0x08002c58   0x00000076   Code   RO         3004    i.move_window       ff.o
    0x08002cce   0x08002cce   0x00000146   Code   RO         3005    i.put_fat           ff.o
    0x08002e14   0x08002e14   0x0000006c   Code   RO         3006    i.remove_chain      ff.o
    0x08002e80   0x08002e80   0x0000012c   Code   RO         3007    i.sync              ff.o
    0x08002fac   0x08002fac   0x00000030   Code   RO         3008    i.validate          ff.o
    0x08002fdc   0x08002fdc   0x00000104   Data   RO          204    .constdata          hd44780.o
    0x080030e0   0x080030e0   0x00000020   Data   RO         3270    Region$$Table       anon$$obj.o


    Execution Region RW_IRAM1 (Exec base: 0x20000000, Load base: 0x08003100, Size: 0x00000d90, Max: 0x00004000, ABSOLUTE)

    Exec Addr    Load Addr    Size         Type   Attr      Idx    E Section Name        Object

    0x20000000   0x08003100   0x00000038   Data   RW           14    .data               main.o
    0x20000038   0x08003138   0x0000002c   Data   RW          205    .data               hd44780.o
    0x20000064   0x08003164   0x00000002   Data   RW         2826    .data               spi_msd_driver.o
    0x20000066   0x08003166   0x00000002   PAD
    0x20000068   0x08003168   0x00000006   Data   RW         3009    .data               ff.o
    0x2000006e   0x0800316e   0x00000002   PAD
    0x20000070        -       0x000006c6   Zero   RW           13    .bss                main.o
    0x20000736   0x0800316e   0x00000002   PAD
    0x20000738        -       0x00000058   Zero   RW         2825    .bss                spi_msd_driver.o
    0x20000790        -       0x00000600   Zero   RW         3209    STACK               startup_stm32f072xb.o


==============================================================================

Image component sizes


      Code (inc. data)   RO Data    RW Data    ZI Data      Debug   Object Name

       382         24          0          0          0       5995   diskio.o
      5330         66          0          6          0      26699   ff.o
       752        118        260         44          0       7319   hd44780.o
      1234        260          0         56       1734     210077   main.o
      2742         46          0          2         88      12917   spi_msd_driver.o
        28          8        192          0       1536        656   startup_stm32f072xb.o
       404         40          0          0          0       5918   stm32f0xx_flash.o
       220          0          0          0          0       3487   stm32f0xx_gpio.o
       532         62          0          0          0       8676   stm32f0xx_rcc.o
       178         20          0          0          0       4808   stm32f0xx_spi.o
       120         18          0          0          0        497   system_stm32f0xx.o

    ----------------------------------------------------------------------
     11930        662        484        112       3360     287049   Object Totals
         0          0         32          0          0          0   (incl. Generated)
         8          0          0          4          2          0   (incl. Padding)

    ----------------------------------------------------------------------

      Code (inc. data)   RO Data    RW Data    ZI Data      Debug   Library Member Name

         0          0          0          0          0          0   entry.o
         0          0          0          0          0          0   entry10a.o
         0          0          0          0          0          0   entry11a.o
         8          4          0          0          0          0   entry2.o
         4          0          0          0          0          0   entry5.o
         0          0          0          0          0          0   entry7b.o
         0          0          0          0          0          0   entry8b.o
         8          4          0          0          0          0   entry9a.o
        30          0          0          0          0          0   handlers.o
        36          8          0          0          0         68   init.o
        44          0          0          0          0         72   uidiv.o

    ----------------------------------------------------------------------
       130         16          0          0          0        140   Library Totals
         0          0          0          0          0          0   (incl. Padding)

    ----------------------------------------------------------------------

      Code (inc. data)   RO Data    RW Data    ZI Data      Debug   Library Name

       130         16          0          0          0        140   mc_p.l

    ----------------------------------------------------------------------
       130         16          0          0          0        140   Library Totals

    ----------------------------------------------------------------------

==============================================================================


      Code (inc. data)   RO Data    RW Data    ZI Data      Debug   

     12060        678        484        112       3360     283161   Grand Totals
     12060        678        484        112       3360     283161   ELF Image Totals
     12060        678        484        112          0          0   ROM Totals

==============================================================================

    Total RO  Size (Code + RO Data)                12544 (  12.25kB)
    Total RW  Size (RW Data + ZI Data)              3472 (   3.39kB)
    Total ROM Size (Code + RO Data + RW Data)      12656 (  12.36kB)

==============================================================================

