Component: ARM Compiler 5.06 update 6 (build 750) Tool: armlink [4d35ed]

==============================================================================

Section Cross References

    main.o(i.CRC32_Config) refers to stm32f0xx_rcc.o(i.RCC_AHBPeriphClockCmd) for RCC_AHBPeriphClockCmd
    main.o(i.CRC32_Config) refers to stm32f0xx_crc.o(i.CRC_DeInit) for CRC_DeInit
    main.o(i.CRC32_Config) refers to stm32f0xx_crc.o(i.CRC_SetInitRegister) for CRC_SetInitRegister
    main.o(i.CRC32_Config) refers to stm32f0xx_crc.o(i.CRC_PolynomialSizeSelect) for CRC_PolynomialSizeSelect
    main.o(i.CRC32_Config) refers to stm32f0xx_crc.o(i.CRC_SetPolynomial) for CRC_SetPolynomial
    main.o(i.CRC_8BitsCompute) refers to stm32f0xx_crc.o(i.CRC_ResetDR) for CRC_ResetDR
    main.o(i.CRC_8BitsCompute) refers to stm32f0xx_crc.o(i.CRC_CalcCRC8bits) for CRC_CalcCRC8bits
    main.o(i.CRC_8BitsCompute) refers to stm32f0xx_crc.o(i.CRC_GetCRC) for CRC_GetCRC
    main.o(i.CRC_Config) refers to stm32f0xx_rcc.o(i.RCC_AHBPeriphClockCmd) for RCC_AHBPeriphClockCmd
    main.o(i.CRC_Config) refers to stm32f0xx_crc.o(i.CRC_DeInit) for CRC_DeInit
    main.o(i.CRC_Config) refers to stm32f0xx_crc.o(i.CRC_SetInitRegister) for CRC_SetInitRegister
    main.o(i.CRC_Config) refers to stm32f0xx_crc.o(i.CRC_PolynomialSizeSelect) for CRC_PolynomialSizeSelect
    main.o(i.CRC_Config) refers to stm32f0xx_crc.o(i.CRC_SetPolynomial) for CRC_SetPolynomial
    main.o(i.Check_CRC_program) refers to main.o(i.CRC32_Config) for CRC32_Config
    main.o(i.Check_CRC_program) refers to hd44780.o(i.lcd44780_SetLCDPosition) for lcd44780_SetLCDPosition
    main.o(i.Check_CRC_program) refers to hd44780.o(i.lcd44780_ShowStr) for lcd44780_ShowStr
    main.o(i.Check_CRC_program) refers to main.o(.data) for begin
    main.o(i.Check_password) refers to micromenu.o(i.Vise_Versa_Menu) for Vise_Versa_Menu
    main.o(i.Check_password) refers to micromenu.o(i.Set_Hided_Menu) for Set_Hided_Menu
    main.o(i.Check_password) refers to micromenu.o(i.Back_Through_Pass) for Back_Through_Pass
    main.o(i.Check_password) refers to main.o(.constdata) for Menu_1_4
    main.o(i.Check_password) refers to main.o(.data) for pass
    main.o(i.Crane_selection) refers to ffltui.o(.text) for __aeabi_ui2f
    main.o(i.Crane_selection) refers to main.o(i.edit_var) for edit_var
    main.o(i.Crane_selection) refers to ffixui.o(.text) for __aeabi_f2uiz
    main.o(i.Crane_selection) refers to main.o(i.__ARM_common_switch8) for __ARM_common_switch8
    main.o(i.Crane_selection) refers to hd44780.o(i.lcd44780_SetLCDPosition) for lcd44780_SetLCDPosition
    main.o(i.Crane_selection) refers to hd44780.o(i.lcd44780_ShowStr) for lcd44780_ShowStr
    main.o(i.Crane_selection) refers to main.o(.data) for erasable_params
    main.o(i.Crane_selection) refers to main.o(.bss) for params
    main.o(i.DEC_to_BCD) refers to idiv.o(.text) for __aeabi_idivmod
    main.o(i.Edit_Number_KBK) refers to micromenu.o(i.Vise_Versa_Menu) for Vise_Versa_Menu
    main.o(i.Edit_Number_KBK) refers to micromenu.o(i.NextParam) for NextParam
    main.o(i.Edit_Number_KBK) refers to main.o(.constdata) for Menu_Settings_Service
    main.o(i.Edit_Number_KBK) refers to main.o(i.save_params) for save_params
    main.o(i.Edit_Time) refers to micromenu.o(i.Vise_Versa_Menu) for Vise_Versa_Menu
    main.o(i.Edit_Time) refers to micromenu.o(i.NextParam) for NextParam
    main.o(i.Edit_Time) refers to main.o(.constdata) for Menu_Settings_Time
    main.o(i.Edit_Time) refers to main.o(i.save_date) for save_date
    main.o(i.FLASH_Read_erasable_parameters) refers to main.o(.data) for erasable_params
    main.o(i.FLASH_WriteSettings) refers to stm32f0xx_flash.o(i.FLASH_Unlock) for FLASH_Unlock
    main.o(i.FLASH_WriteSettings) refers to stm32f0xx_flash.o(i.FLASH_ErasePage) for FLASH_ErasePage
    main.o(i.FLASH_WriteSettings) refers to stm32f0xx_flash.o(i.FLASH_ProgramWord) for FLASH_ProgramWord
    main.o(i.FLASH_WriteSettings) refers to stm32f0xx_flash.o(i.FLASH_Lock) for FLASH_Lock
    main.o(i.FLASH_WriteSettings) refers to main.o(.bss) for params
    main.o(i.FLASH_Write_erasable_parameters) refers to stm32f0xx_flash.o(i.FLASH_Unlock) for FLASH_Unlock
    main.o(i.FLASH_Write_erasable_parameters) refers to stm32f0xx_flash.o(i.FLASH_ErasePage) for FLASH_ErasePage
    main.o(i.FLASH_Write_erasable_parameters) refers to stm32f0xx_flash.o(i.FLASH_ProgramWord) for FLASH_ProgramWord
    main.o(i.FLASH_Write_erasable_parameters) refers to stm32f0xx_flash.o(i.FLASH_Lock) for FLASH_Lock
    main.o(i.FLASH_Write_erasable_parameters) refers to main.o(.data) for erasable_params
    main.o(i.Flash_ReadParams) refers to main.o(.bss) for params
    main.o(i.Flash_Write_EepromEmulation) refers to main.o(i.flash_search_adress) for flash_search_adress
    main.o(i.Flash_Write_EepromEmulation) refers to stm32f0xx_flash.o(i.FLASH_Unlock) for FLASH_Unlock
    main.o(i.Flash_Write_EepromEmulation) refers to stm32f0xx_flash.o(i.FLASH_ErasePage) for FLASH_ErasePage
[...]
    erasable_params                          0x200002e8   Data           4  main.o(.data)
    protivoves                               0x200002ec   Data           1  main.o(.data)
    time_setup_count                         0x200002ee   Data           2  main.o(.data)
    ds3231_hour                              0x200002f0   Data           1  main.o(.data)
    ds3231_min                               0x200002f1   Data           1  main.o(.data)
    ds3231_sec                               0x200002f2   Data           1  main.o(.data)
    blinkflag                                0x200002f3   Data           1  main.o(.data)
    ds3231_day                               0x200002f4   Data           1  main.o(.data)
    ds3231_month                             0x200002f5   Data           1  main.o(.data)
    ds3231_year                              0x200002f6   Data           2  main.o(.data)
    DS3231_Buf                               0x200002f8   Data           7  main.o(.data)
    file_date                                0x20000300   Data           4  main.o(.data)
    file_err_num                             0x20000304   Data           2  main.o(.data)
    file_err_max_num                         0x20000306   Data           2  main.o(.data)
    beep_flag                                0x20000308   Data           1  main.o(.data)
    beep_off                                 0x20000309   Data           1  main.o(.data)
    flag_test                                0x2000030a   Data           1  main.o(.data)
    DT_ADC                                   0x2000030c   Data           4  main.o(.data)
    DT_C                                     0x20000310   Data           4  main.o(.data)
    ADCBuffer                                0x20000314   Data           2  main.o(.data)
    angle_alpha                              0x20000318   Data           4  main.o(.data)
    angle_gamma                              0x2000031c   Data           4  main.o(.data)
    angle_betta                              0x20000320   Data           4  main.o(.data)
    angle_gamma_rama                         0x20000324   Data           4  main.o(.data)
    angle_alpha_CAN                          0x20000328   Data           2  main.o(.data)
    angle_gamma_CAN                          0x2000032a   Data           2  main.o(.data)
    angle_betta_CAN                          0x2000032c   Data           2  main.o(.data)
    angle_alpha_CAN_USB                      0x2000032e   Data           1  main.o(.data)
    angle_betta_CAN_USB                      0x2000032f   Data           1  main.o(.data)
    USILIE_CAN_USB_L                         0x20000330   Data           1  main.o(.data)
    USILIE_CAN_USB_H                         0x20000331   Data           1  main.o(.data)
    angle_gamma_rad                          0x20000334   Data           4  main.o(.data)
    angle_betta_rad                          0x20000338   Data           4  main.o(.data)
    angle_gamma_rad_setup                    0x2000033c   Data           4  main.o(.data)
    angle_betta_rad_setup                    0x20000340   Data           4  main.o(.data)
    MzMAP                                    0x20000344   Data           2  main.o(.data)
    Mz                                       0x20000346   Data           2  main.o(.data)
    Mz_temp                                  0x20000348   Data           2  main.o(.data)
    R                                        0x2000034c   Data           4  main.o(.data)
    R_temp                                   0x20000350   Data           4  main.o(.data)
    R_display                                0x20000354   Data           4  main.o(.data)
    Q_display                                0x20000358   Data           4  main.o(.data)
    Qf2_display                              0x2000035c   Data           4  main.o(.data)
    mode                                     0x20000360   Data           1  main.o(.data)
    a                                        0x20000362   Data           2  main.o(.data)
    y0                                       0x20000364   Data           2  main.o(.data)
    Qmax                                     0x20000368   Data           4  main.o(.data)
    Q_massa_temp                             0x2000036c   Data           4  main.o(.data)
    Q_massa                                  0x20000370   Data           4  main.o(.data)
    Qf2                                      0x20000374   Data           4  main.o(.data)
    cnt_leds                                 0x20000378   Data           1  main.o(.data)
    CRC_DUG50_CAN                            0x20000379   Data           1  main.o(.data)
    CRC_DUG51_CAN                            0x2000037a   Data           1  main.o(.data)
    CRC_LEP_CAN                              0x2000037b   Data           1  main.o(.data)
    CRC_USILIE_CAN                           0x2000037c   Data           1  main.o(.data)
    CRC_JOY_CAN                              0x2000037d   Data           1  main.o(.data)
    NO_SENSORS                               0x2000037e   Data           1  main.o(.data)
    LEP_CAN                                  0x2000037f   Data           1  main.o(.data)
    USILIE_CAN                               0x20000380   Data           2  main.o(.data)
    KONCEVIK_LEP                             0x20000382   Data           1  main.o(.data)
    KONCEVIK_DUG_50                          0x20000383   Data           1  main.o(.data)
    KONCEVIK_DUG_51                          0x20000384   Data           1  main.o(.data)
    check_flash_params                       0x20000385   Data           1  main.o(.data)
    working_minutes                          0x20000388   Data           4  main.o(.data)
    adr_last_record                          0x2000038c   Data           4  main.o(.data)
    strela_up                                0x20000390   Data           1  main.o(.data)
    strela_up_CAN                            0x20000391   Data           1  main.o(.data)
    strela_down                              0x20000392   Data           1  main.o(.data)
    strela_down_CAN                          0x20000393   Data           1  main.o(.data)
    kruk_up                                  0x20000394   Data           1  main.o(.data)
    kruk_up_CAN                              0x20000395   Data           1  main.o(.data)
    kruk_down                                0x20000396   Data           1  main.o(.data)
    kruk_down_CAN                            0x20000397   Data           1  main.o(.data)
    KG_skladivanie                           0x20000398   Data           1  main.o(.data)
    KG_skladivanie_CAN                       0x20000399   Data           1  main.o(.data)
    KG_otkidivanie                           0x2000039a   Data           1  main.o(.data)
    KG_otkidivanie_CAN                       0x2000039b   Data           1  main.o(.data)
    angle_strely_max                         0x2000039c   Data           1  main.o(.data)
    MAX_Mz                                   0x2000039d   Data           1  main.o(.data)
    MAX_LEP                                  0x2000039e   Data           1  main.o(.data)
    MAX_ROLL                                 0x2000039f   Data           1  main.o(.data)
    MAX_PITCH                                0x200003a0   Data           1  main.o(.data)
    MAX_UP_STRELY                            0x200003a1   Data           1  main.o(.data)
    MAX_DOWN_STRELY                          0x200003a2   Data           1  main.o(.data)
    GRUZ_NA_KRUKE                            0x200003a3   Data           1  main.o(.data)
    konc_kruka                               0x200003a4   Data           1  main.o(.data)
    konc_streli                              0x200003a5   Data           1  main.o(.data)
    TS_kruka                                 0x200003a6   Data           1  main.o(.data)
    TS_strely                                0x200003a7   Data           1  main.o(.data)
    flag_button_unlocking                    0x200003a8   Data           1  main.o(.data)
    flag_unlocking                           0x200003a9   Data           1  main.o(.data)
    CAN_MESSAGE                              0x200003aa   Data           1  main.o(.data)
    CAN_MESSAGE_1                            0x200003ab   Data           1  main.o(.data)
    ATT_LEFT                                 0x200003ac   Data           1  main.o(.data)
    ATT_RIGHT                                0x200003ad   Data           1  main.o(.data)
    ATT_FWD                                  0x200003ae   Data           1  main.o(.data)
    ATT_REV                                  0x200003af   Data           1  main.o(.data)
    digit                                    0x200003b0   Data           6  main.o(.data)
    pass                                     0x200003b6   Data           4  main.o(.data)
    flag_lock_block                          0x200003ba   Data           1  main.o(.data)
    copy_data_to_SD                          0x200003bb   Data           1  main.o(.data)
    status_RCC                               0x200003bc   Data           1  main.o(.data)
    status_RTC                               0x200003bd   Data           1  main.o(.data)
    status_SD                                0x200003be   Data           1  main.o(.data)
    status_AT45                              0x200003bf   Data           1  main.o(.data)
    status_CAN_Transsiver                    0x200003c0   Data           1  main.o(.data)
    ChannelPulse                             0x200003c2   Data           2  main.o(.data)
    TimerPeriod                              0x200003c4   Data           2  main.o(.data)
    m_number                                 0x200003c6   Data           1  main.o(.data)
    ComputedCRC                              0x200003c7   Data           1  main.o(.data)
    page_write                               0x200003c8   Data           2  main.o(.data)
    NVIC_InitStructure                       0x200003ca   Data           3  main.o(.data)
    ds3231_hour_temp                         0x200003cd   Data           1  main.o(.data)
    ds3231_min_temp                          0x200003ce   Data           1  main.o(.data)
    ds3231_sec_temp                          0x200003cf   Data           1  main.o(.data)
    ds3231_day_temp                          0x200003d0   Data           1  main.o(.data)
    ds3231_month_temp                        0x200003d1   Data           1  main.o(.data)
    ds3231_year_temp                         0x200003d2   Data           2  main.o(.data)
    LEP_range_selection                      0x200003d4   Data           1  main.o(.data)
    string_lcd                               0x200003d5   Data          17  main.o(.data)
    state_scroll                             0x200003e6   Data           1  main.o(.data)
    SD_strings                               0x200003e8   Data           4  main.o(.data)
    SD_strings_1                             0x200003ec   Data           4  main.o(.data)
    len_str                                  0x200003f0   Data           2  main.o(.data)
    state_string_SD                          0x200003f2   Data           1  main.o(.data)
    temp_strings                             0x200003f4   Data           4  main.o(.data)
    main_CurrentMenu                         0x200003f8   Data           4  main.o(.data)
    main_HidedMenu1                          0x200003fc   Data           4  main.o(.data)
    main_HidedMenu2                          0x20000400   Data           4  main.o(.data)
    begin                                    0x20000404   Data           4  main.o(.data)
    calculated_crc                           0x20000408   Data           4  main.o(.data)
    TG_selection_strings                     0x2000040c   Data           4  main.o(.data)
    PRESS_Button                             0x20000410   Data           1  buttons.o(.data)
    HOLD_Button                              0x20000411   Data           1  buttons.o(.data)
    REPEAT_Button                            0x20000412   Data           1  buttons.o(.data)
    _key_state                               0x20000413   Data           1  buttons.o(.data)
    key_state                                0x20000414   Data           1  buttons.o(.data)
    key_code                                 0x20000415   Data           1  buttons.o(.data)
    _key_code                                0x20000416   Data           1  buttons.o(.data)
    debounce                                 0x20000417   Data           1  buttons.o(.data)
    first_delay                              0x20000418   Data           1  buttons.o(.data)
    auto_repeat                              0x20000419   Data           1  buttons.o(.data)
    seconds                                  0x2000041c   Data           1  i2c.o(.data)
    minutes                                  0x2000041d   Data           1  i2c.o(.data)
    hours                                    0x2000041e   Data           1  i2c.o(.data)
    Timeout                                  0x20000420   Data           4  i2c.o(.data)
    data                                     0x20000424   Data           2  led.o(.data)
    EndEnteringParams                        0x20000428   Data           4  micromenu.o(.data)
    str_number                               0x2000042c   Data           1  micromenu.o(.data)
    Cycle_Flag_done                          0x2000042d   Data           1  micromenu.o(.data)
    debug                                    0x2000042e   Data           1  micromenu.o(.data)
    list                                     0x2000042f   Data           1  micromenu.o(.data)
    total_list                               0x20000430   Data           1  micromenu.o(.data)
    old_list_numb                            0x20000431   Data           1  micromenu.o(.data)
    save                                     0x20000432   Data           1  micromenu.o(.data)
    load                                     0x20000433   Data           1  micromenu.o(.data)
    Position                                 0x20000434   Data           4  micromenu.o(.data)
    NextMenu                                 0x20000438   Data           4  micromenu.o(.data)
    PrevMenu                                 0x2000043c   Data           4  micromenu.o(.data)
    CurrMenu                                 0x20000440   Data           4  micromenu.o(.data)
    debugMenu                                0x20000444   Data           4  micromenu.o(.data)
    SavePassMenu                             0x20000448   Data           4  micromenu.o(.data)
    Menu_Level                               0x2000044c   Data           1  micromenu.o(.data)
    edit_init                                0x2000044d   Data           1  micromenu.o(.data)
    UserCallBack                             0x20000454   Data           4  micromenu.o(.data)
    nParam                                   0x20000458   Data           1  micromenu.o(.data)
    pop_flag                                 0x20000459   Data           1  micromenu.o(.data)
    Enter_edit                               0x2000045c   Data           4  micromenu.o(.data)
    menu_item_print                          0x20000460   Data           4  micromenu.o(.data)
    menu_item_edit                           0x20000464   Data           4  micromenu.o(.data)
    dunamic_data_print                       0x20000468   Data           4  micromenu.o(.data)
    dunamic_data_print_old                   0x2000046c   Data           4  micromenu.o(.data)
    exit_callback_f                          0x20000470   Data           4  micromenu.o(.data)
    show_time_f                              0x20000478   Data           4  micromenu.o(.data)
    show_version_f                           0x2000047c   Data           4  micromenu.o(.data)
    show_load_usb_f                          0x20000480   Data           4  micromenu.o(.data)
    time_flag                                0x20000484   Data           1  micromenu.o(.data)
    version_flag                             0x20000485   Data           1  micromenu.o(.data)
    load_usb_flag                            0x20000486   Data           1  micromenu.o(.data)
    N_page_data                              0x2000049a   Data           2  at45db.o(.data)
    N_adrr_data                              0x2000049c   Data           2  at45db.o(.data)
    N_page_NumPage                           0x2000049e   Data           2  at45db.o(.data)
    N_adrr_NumPage                           0x200004a0   Data           2  at45db.o(.data)
    lcd44780_Address                         0x200004a4   Data           1  hd44780.o(.data)
    lcd44780_Line                            0x200004a5   Data           1  hd44780.o(.data)
    lcd44780_GPIO_InitStructure              0x200004a8   Data           8  hd44780.o(.data)
    symbol_degree                            0x200004b0   Data           8  hd44780.o(.data)
    symbol_gamma                             0x200004b8   Data           8  hd44780.o(.data)
    symbol_alpha                             0x200004c0   Data           8  hd44780.o(.data)
    symbol_beta                              0x200004c8   Data           8  hd44780.o(.data)
    Timeout_SPI                              0x200004d0   Data           2  spi_msd_driver.o(.data)
    USBD_Storage_Interface_fops_FS           0x200004dc   Data          32  usbd_storage_if.o(.data)
    USBD_MSC_CDC_ClassDriver                 0x200004fc   Data          48  usbd_msc_cdc.o(.data)
    MessageDigest                            0x2000053c   Data          16  main.o(.bss)
    hUsbDeviceFS                             0x2000054c   Data         556  main.o(.bss)
    USB_TX_Fash                              0x20000778   Data          20  main.o(.bss)
    str_rx                                   0x2000078c   Data          21  main.o(.bss)
    fsrc                                     0x200007a4   Data         548  main.o(.bss)
    fs                                       0x200009c8   Data         560  main.o(.bss)
    dir                                      0x20000bf8   Data          28  main.o(.bss)
    fileInfo                                 0x20000c14   Data          24  main.o(.bss)
    params                                   0x20000c2c   Data          52  main.o(.bss)
    DS3231registers                          0x20000c60   Data          19  main.o(.bss)
    file_name                                0x20000c73   Data          13  main.o(.bss)
    led_status                               0x20000c80   Data          62  main.o(.bss)
    io_buff                                  0x20000cbe   Data         100  main.o(.bss)
    buf_AT45DB                               0x20000d22   Data         528  main.o(.bss)
    params_AT45DB                            0x20000f32   Data          13  main.o(.bss)
    buf_1                                    0x20000f3f   Data         528  main.o(.bss)
    GTimers                                  0x200011d0   Data         120  timers.o(.bss)
    GTStates                                 0x20001248   Data          30  timers.o(.bss)
    Messages                                 0x20001266   Data          10  messages.o(.bss)
    Parametrs                                0x20001270   Data          10  messages.o(.bss)
    BroadcastMessages                        0x2000127a   Data          10  messages.o(.bss)
    buf_search                               0x20001284   Data         528  at45db.o(.bss)
    CardInfo                                 0x20001498   Data          96  spi_msd_driver.o(.bss)
    mscObject                                0x200014f8   Data        1160  usbd_msc.o(.bss)
    hpcd_USB_FS                              0x20001980   Data         628  usbd_conf.o(.bss)
    USBD_StrDesc                             0x20001bf4   Data         128  usbd_desc.o(.bss)
    cdcInstance                              0x20001c74   Data          92  usbd_cdc.o(.bss)
    UserRxBufferFS                           0x20001cd0   Data         128  usbd_cdc_if.o(.bss)
    UserTxBufferFS                           0x20001d50   Data         128  usbd_cdc_if.o(.bss)
    __initial_sp                             0x200025d0   Data           0  startup_stm32f072xb.o(STACK)



==============================================================================

Memory Map of the image

  Image Entry point : 0x080040c1

  Load Region LR_IROM1 (Base: 0x08004000, Size: 0x0001346c, Max: 0x0001c000, ABSOLUTE, COMPRESSED[0x000131d8])

    Execution Region ER_IROM1 (Exec base: 0x08004000, Load base: 0x08004000, Size: 0x00012ff4, Max: 0x0001c000, ABSOLUTE)

    Exec Addr    Load Addr    Size         Type   Attr      Idx    E Section Name        Object

    0x08004000   0x08004000   0x000000c0   Data   RO         6368    RESET               startup_stm32f072xb.o
    0x080040c0   0x080040c0   0x00000000   Code   RO         6865  * .ARM.Collect$$$$00000000  mc_p.l(entry.o)
    0x080040c0   0x080040c0   0x00000004   Code   RO         7211    .ARM.Collect$$$$00000001  mc_p.l(entry2.o)
    0x080040c4   0x080040c4   0x00000004   Code   RO         7214    .ARM.Collect$$$$00000004  mc_p.l(entry5.o)
    0x080040c8   0x080040c8   0x00000000   Code   RO         7216    .ARM.Collect$$$$00000008  mc_p.l(entry7b.o)
    0x080040c8   0x080040c8   0x00000000   Code   RO         7218    .ARM.Collect$$$$0000000A  mc_p.l(entry8b.o)
    0x080040c8   0x080040c8   0x00000008   Code   RO         7219    .ARM.Collect$$$$0000000B  mc_p.l(entry9a.o)
    0x080040d0   0x080040d0   0x00000000   Code   RO         7221    .ARM.Collect$$$$0000000D  mc_p.l(entry10a.o)
    0x080040d0   0x080040d0   0x00000000   Code   RO         7223    .ARM.Collect$$$$0000000F  mc_p.l(entry11a.o)
    0x080040d0   0x080040d0   0x00000004   Code   RO         7212    .ARM.Collect$$$$00002712  mc_p.l(entry2.o)
    0x080040d4   0x080040d4   0x0000001c   Code   RO         6369    .text               startup_stm32f072xb.o
    0x080040f0   0x080040f0   0x0000002c   Code   RO         6868    .text               mc_p.l(uidiv.o)
    0x0800411c   0x0800411c   0x00000028   Code   RO         6870    .text               mc_p.l(idiv.o)
    0x08004144   0x08004144   0x00000060   Code   RO         6872    .text               mc_p.l(uldiv.o)
    0x080041a4   0x080041a4   0x0000007a   Code   RO         6874    .text               mc_p.l(llmul.o)
    0x0800421e   0x0800421e   0x00000024   Code   RO         6876    .text               mc_p.l(memcpya.o)
    0x08004242   0x08004242   0x00000024   Code   RO         6878    .text               mc_p.l(memseta.o)
    0x08004266   0x08004266   0x00000018   Code   RO         6880    .text               mc_p.l(strcat.o)
    0x0800427e   0x0800427e   0x00000028   Code   RO         6882    .text               mc_p.l(strstr.o)
    0x080042a6   0x080042a6   0x0000001a   Code   RO         6884    .text               mc_p.l(strncpy.o)
    0x080042c0   0x080042c0   0x00000012   Code   RO         6886    .text               mc_p.l(strcpy.o)
    0x080042d2   0x080042d2   0x0000001a   Code   RO         7151    .text               mc_p.l(atoi.o)
    0x080042ec   0x080042ec   0x000000b2   Code   RO         7153    .text               mf_p.l(fadd.o)
    0x0800439e   0x0800439e   0x0000007a   Code   RO         7155    .text               mf_p.l(fmul.o)
    0x08004418   0x08004418   0x0000007c   Code   RO         7157    .text               mf_p.l(fdiv.o)
    0x08004494   0x08004494   0x00000164   Code   RO         7159    .text               mf_p.l(dadd.o)
    0x080045f8   0x080045f8   0x000000d0   Code   RO         7161    .text               mf_p.l(dmul.o)
    0x080046c8   0x080046c8   0x000000f0   Code   RO         7163    .text               mf_p.l(ddiv.o)
    0x080047b8   0x080047b8   0x00000016   Code   RO         7165    .text               mf_p.l(fflti.o)
    0x080047ce   0x080047ce   0x0000000e   Code   RO         7167    .text               mf_p.l(ffltui.o)
    0x080047dc   0x080047dc   0x0000001c   Code   RO         7169    .text               mf_p.l(dfltui.o)
    0x080047f8   0x080047f8   0x00000032   Code   RO         7171    .text               mf_p.l(ffixi.o)
    0x0800482a   0x0800482a   0x00000028   Code   RO         7173    .text               mf_p.l(ffixui.o)
    0x08004852   0x08004852   0x00000028   Code   RO         7175    .text               mf_p.l(f2d.o)
    0x0800487a   0x0800487a   0x00000038   Code   RO         7177    .text               mf_p.l(d2f.o)
    0x080048b2   0x080048b2   0x00000002   PAD
    0x080048b4   0x080048b4   0x00000014   Code   RO         7179    .text               mf_p.l(cfcmple.o)
    0x080048c8   0x080048c8   0x00000014   Code   RO         7181    .text               mf_p.l(cfrcmple.o)
    0x080048dc   0x080048dc   0x00000020   Code   RO         7228    .text               mc_p.l(llshl.o)
    0x080048fc   0x080048fc   0x00000022   Code   RO         7230    .text               mc_p.l(llushr.o)
    0x0800491e   0x0800491e   0x00000026   Code   RO         7232    .text               mc_p.l(llsshr.o)
    0x08004944   0x08004944   0x00000070   Code   RO         7241    .text               mc_p.l(strtol.o)
    0x080049b4   0x080049b4   0x00000000   Code   RO         7243    .text               mc_p.l(iusefp.o)
    0x080049b4   0x080049b4   0x00000082   Code   RO         7244    .text               mf_p.l(fepilogue.o)
    0x08004a36   0x08004a36   0x000000be   Code   RO         7246    .text               mf_p.l(depilogue.o)
    0x08004af4   0x08004af4   0x00000040   Code   RO         7250    .text               mf_p.l(dfixul.o)
    0x08004b34   0x08004b34   0x00000028   Code   RO         7252    .text               mf_p.l(cdrcmple.o)
    0x08004b5c   0x08004b5c   0x00000024   Code   RO         7258    .text               mc_p.l(init.o)
    0x08004b80   0x08004b80   0x00000008   Code   RO         7261    .text               mc_p.l(ctype_o.o)
    0x08004b88   0x08004b88   0x000000a6   Code   RO         7289    .text               mc_p.l(_strtoul.o)
    0x08004c2e   0x08004c2e   0x0000002c   Code   RO         7292    .text               mf_p.l(dscalb.o)
    0x08004c5a   0x08004c5a   0x00000002   PAD
    0x08004c5c   0x08004c5c   0x00000028   Code   RO         7294    .text               mf_p.l(dflti.o)
    0x08004c84   0x08004c84   0x00000048   Code   RO         7296    .text               mf_p.l(dfixi.o)
    0x08004ccc   0x08004ccc   0x0000001e   Code   RO         7298    .text               mc_p.l(_chval.o)
    0x08004cea   0x08004cea   0x00000056   Code   RO         7308    .text               mc_p.l(__dczerorl2.o)
    0x08004d40   0x08004d40   0x00000018   Code   RO         1703    i.ADC_ChannelConfig  stm32f0xx_adc.o
    0x08004d58   0x08004d58   0x00000018   Code   RO         1707    i.ADC_Cmd           stm32f0xx_adc.o
    0x08004d70   0x08004d70   0x00000018   Code   RO         1709    i.ADC_DMACmd        stm32f0xx_adc.o
    0x08004d88   0x08004d88   0x00000010   Code   RO         1710    i.ADC_DMARequestModeConfig  stm32f0xx_adc.o
    0x08004d98   0x08004d98   0x000000e8   Code   RO         1015    i.ADC_DMA_init      adc.o
    0x08004e80   0x08004e80   0x0000003c   Code   RO         1713    i.ADC_GetCalibrationFactor  stm32f0xx_adc.o
    0x08004ebc   0x08004ebc   0x00000030   Code   RO         1715    i.ADC_GetFlagStatus  stm32f0xx_adc.o
    0x08004eec   0x08004eec   0x0000002c   Code   RO         1718    i.ADC_Init          stm32f0xx_adc.o
    0x08004f18   0x08004f18   0x0000000a   Code   RO         1721    i.ADC_StartOfConversion  stm32f0xx_adc.o
    0x08004f22   0x08004f22   0x00000002   PAD
    0x08004f24   0x08004f24   0x00000130   Code   RO         1511    i.AT45DB161_Init    at45db.o
    0x08005054   0x08005054   0x000000a4   Code   RO         1513    i.AT45DB161_PageProgram_without_BUF  at45db.o
    0x080050f8   0x080050f8   0x00000098   Code   RO         1514    i.AT45DB161_Read_Data  at45db.o
    0x08005190   0x08005190   0x0000003c   Code   RO         1515    i.AT45DB161_Read_Status  at45db.o
    0x080051cc   0x080051cc   0x00000054   Code   RO         1516    i.AT45DB_ChipErase  at45db.o
    0x08005220   0x08005220   0x00000080   Code   RO         1517    i.AT45DB_PageErase  at45db.o
    0x080052a0   0x080052a0   0x0000003c   Code   RO         1518    i.AT45DB_Read_Manufacturer_ID  at45db.o
    0x080052dc   0x080052dc   0x00000054   Code   RO         1519    i.AT45DB_search_adress  at45db.o
    0x08005330   0x08005330   0x000000f0   Code   RO         1520    i.AT45DB_search_data  at45db.o
    0x08005420   0x08005420   0x00000094   Code   RO         1521    i.AT45DB_write_data  at45db.o
    0x080054b4   0x080054b4   0x0000007c   Code   RO         1522    i.AT45DB_write_number_page  at45db.o
    0x08005530   0x08005530   0x00000016   Code   RO            3    i.BCD_to_DEC        main.o
    0x08005546   0x08005546   0x00000002   PAD
    0x08005548   0x08005548   0x00000038   Code   RO         1200    i.Back_Through_Pass  micromenu.o
    0x08005580   0x08005580   0x00000018   Code   RO         1896    i.CAN_DeInit        stm32f0xx_can.o
    0x08005598   0x08005598   0x000000fc   Code   RO         1898    i.CAN_FilterInit    stm32f0xx_can.o
    0x08005694   0x08005694   0x00000138   Code   RO         1900    i.CAN_GetITStatus   stm32f0xx_can.o
    0x080057cc   0x080057cc   0x00000014   Code   RO         1904    i.CAN_ITConfig      stm32f0xx_can.o
    0x080057e0   0x080057e0   0x0000011c   Code   RO         1905    i.CAN_Init          stm32f0xx_can.o
    0x080058fc   0x080058fc   0x00000106   Code   RO         1908    i.CAN_Receive       stm32f0xx_can.o
    0x08005a02   0x08005a02   0x00000002   PAD
    0x08005a04   0x08005a04   0x00000050   Code   RO         1086    i.CAN_Send          can.o
    0x08005a54   0x08005a54   0x00000020   Code   RO         1911    i.CAN_StructInit    stm32f0xx_can.o
    0x08005a74   0x08005a74   0x00000134   Code   RO         1913    i.CAN_Transmit      stm32f0xx_can.o
    0x08005ba8   0x08005ba8   0x00000046   Code   RO         5821    i.CDC_Control_FS    usbd_cdc_if.o
    0x08005bee   0x08005bee   0x00000004   Code   RO         5822    i.CDC_DeInit_FS     usbd_cdc_if.o
    0x08005bf2   0x08005bf2   0x00000002   PAD
    0x08005bf4   0x08005bf4   0x00000024   Code   RO         5823    i.CDC_Init_FS       usbd_cdc_if.o
    0x08005c18   0x08005c18   0x00000024   Code   RO         5824    i.CDC_Receive_FS    usbd_cdc_if.o
    0x08005c3c   0x08005c3c   0x00000034   Code   RO         5825    i.CDC_Transmit_FS   usbd_cdc_if.o
    0x08005c70   0x08005c70   0x000001f8   Code   RO         1087    i.CEC_CAN_IRQHandler  can.o
    0x08005e68   0x08005e68   0x00000026   Code   RO            4    i.CRC32_Config      main.o
    0x08005e8e   0x08005e8e   0x00000022   Code   RO            5    i.CRC_8BitsCompute  main.o
    0x08005eb0   0x08005eb0   0x00000010   Code   RO         4202    i.CRC_CalcCRC8bits  stm32f0xx_crc.o
    0x08005ec0   0x08005ec0   0x00000024   Code   RO            6    i.CRC_Config        main.o
    0x08005ee4   0x08005ee4   0x00000024   Code   RO         4203    i.CRC_DeInit        stm32f0xx_crc.o
    0x08005f08   0x08005f08   0x0000000c   Code   RO         4204    i.CRC_GetCRC        stm32f0xx_crc.o
    0x08005f14   0x08005f14   0x00000020   Code   RO         4206    i.CRC_PolynomialSizeSelect  stm32f0xx_crc.o
    0x08005f34   0x08005f34   0x00000014   Code   RO         4207    i.CRC_ResetDR       stm32f0xx_crc.o
    0x08005f48   0x08005f48   0x0000000c   Code   RO         4211    i.CRC_SetInitRegister  stm32f0xx_crc.o
    0x08005f54   0x08005f54   0x0000000c   Code   RO         4212    i.CRC_SetPolynomial  stm32f0xx_crc.o
    0x08005f60   0x08005f60   0x00000014   Code   RO         1916    i.CheckITStatus     stm32f0xx_can.o
    0x08005f74   0x08005f74   0x00000098   Code   RO            7    i.Check_CRC_program  main.o
    0x0800600c   0x0800600c   0x000000b8   Code   RO            8    i.Check_password    main.o
    0x080060c4   0x080060c4   0x000003cc   Code   RO            9    i.Crane_selection   main.o
    0x08006490   0x08006490   0x0000000c   Code   RO         6482    i.Crypto_DeInit     M0_CryptoFW_2_0_6.lib(crypto.o)
    0x0800649c   0x0800649c   0x0000001c   Code   RO           10    i.DEC_to_BCD        main.o
    0x080064b8   0x080064b8   0x0000001c   Code   RO         2057    i.DMA_Cmd           stm32f0xx_dma.o
    0x080064d4   0x080064d4   0x00000164   Code   RO         2058    i.DMA_DeInit        stm32f0xx_dma.o
    0x08006638   0x08006638   0x00000040   Code   RO         2063    i.DMA_Init          stm32f0xx_dma.o
    0x08006678   0x08006678   0x00000024   Code   RO           11    i.Edit_Number_KBK   main.o
    0x0800669c   0x0800669c   0x00000024   Code   RO           12    i.Edit_Time         main.o
    0x080066c0   0x080066c0   0x0000004c   Code   RO         2143    i.FLASH_ErasePage   stm32f0xx_flash.o
    0x0800670c   0x0800670c   0x0000003c   Code   RO         2146    i.FLASH_GetStatus   stm32f0xx_flash.o
    0x08006748   0x08006748   0x00000014   Code   RO         2148    i.FLASH_Lock        stm32f0xx_flash.o
    0x0800675c   0x0800675c   0x00000024   Code   RO         2166    i.FLASH_PrefetchBufferCmd  stm32f0xx_flash.o
    0x08006780   0x08006780   0x0000006c   Code   RO         2168    i.FLASH_ProgramWord  stm32f0xx_flash.o
    0x080067ec   0x080067ec   0x00000024   Code   RO           13    i.FLASH_Read_erasable_parameters  main.o
    0x08006810   0x08006810   0x0000001c   Code   RO         2169    i.FLASH_SetLatency  stm32f0xx_flash.o
    0x0800682c   0x0800682c   0x00000024   Code   RO         2170    i.FLASH_Unlock      stm32f0xx_flash.o
    0x08006850   0x08006850   0x00000028   Code   RO         2171    i.FLASH_WaitForLastOperation  stm32f0xx_flash.o
    0x08006878   0x08006878   0x00000038   Code   RO           14    i.FLASH_WriteSettings  main.o
    0x080068b0   0x080068b0   0x00000038   Code   RO           15    i.FLASH_Write_erasable_parameters  main.o
    0x080068e8   0x080068e8   0x00000024   Code   RO           16    i.Flash_ReadParams  main.o
    0x0800690c   0x0800690c   0x00000054   Code   RO           17    i.Flash_Write_EepromEmulation  main.o
    0x08006960   0x08006960   0x00000090   Code   RO         2342    i.GPIO_Init         stm32f0xx_gpio.o
    0x080069f0   0x080069f0   0x00000044   Code   RO         2343    i.GPIO_PinAFConfig  stm32f0xx_gpio.o
    0x08006a34   0x08006a34   0x00000014   Code   RO         2346    i.GPIO_ReadInputDataBit  stm32f0xx_gpio.o
    0x08006a48   0x08006a48   0x00000004   Code   RO         2349    i.GPIO_ResetBits    stm32f0xx_gpio.o
    0x08006a4c   0x08006a4c   0x00000004   Code   RO         2350    i.GPIO_SetBits      stm32f0xx_gpio.o
    0x08006a50   0x08006a50   0x00000024   Code   RO           18    i.GPIO_USB_Init     main.o
    0x08006a74   0x08006a74   0x0000000e   Code   RO           19    i.Generic_Write_Menu  main.o
    0x08006a82   0x08006a82   0x00000002   PAD
    0x08006a84   0x08006a84   0x00000010   Code   RO         1381    i.GetGTimer         timers.o
    0x08006a94   0x08006a94   0x0000000a   Code   RO         1036    i.GetKeyCode        buttons.o
    0x08006a9e   0x08006a9e   0x00000002   PAD
    0x08006aa0   0x08006aa0   0x0000001c   Code   RO         1447    i.GetMessage        messages.o
    0x08006abc   0x08006abc   0x0000000c   Code   RO         1448    i.GetMessageParams  messages.o
    0x08006ac8   0x08006ac8   0x00000032   Code   RO         6119    i.HAL_PCDEx_ActivateLPM  stm32f0xx_hal_pcd_ex.o
    0x08006afa   0x08006afa   0x00000002   Code   RO         6123    i.HAL_PCDEx_LPM_Callback  stm32f0xx_hal_pcd_ex.o
    0x08006afc   0x08006afc   0x0000003e   Code   RO         6124    i.HAL_PCDEx_PMAConfig  stm32f0xx_hal_pcd_ex.o
    0x08006b3a   0x08006b3a   0x0000001e   Code   RO         5153    i.HAL_PCD_DataInStageCallback  usbd_conf.o
    0x08006b58   0x08006b58   0x00000020   Code   RO         5154    i.HAL_PCD_DataOutStageCallback  usbd_conf.o
    0x08006b78   0x08006b78   0x0000006c   Code   RO         5888    i.HAL_PCD_EP_Close  stm32f0xx_hal_pcd.o
    0x08006be4   0x08006be4   0x0000007e   Code   RO         5889    i.HAL_PCD_EP_ClrStall  stm32f0xx_hal_pcd.o
    0x08006c62   0x08006c62   0x00000006   Code   RO         5890    i.HAL_PCD_EP_Flush  stm32f0xx_hal_pcd.o
    0x08006c68   0x08006c68   0x00000012   Code   RO         5891    i.HAL_PCD_EP_GetRxCount  stm32f0xx_hal_pcd.o
    0x08006c7a   0x08006c7a   0x0000008e   Code   RO         5892    i.HAL_PCD_EP_Open   stm32f0xx_hal_pcd.o
    0x08006d08   0x08006d08   0x00000048   Code   RO         5893    i.HAL_PCD_EP_Receive  stm32f0xx_hal_pcd.o
    0x08006d50   0x08006d50   0x00000090   Code   RO         5894    i.HAL_PCD_EP_SetStall  stm32f0xx_hal_pcd.o
    0x08006de0   0x08006de0   0x00000048   Code   RO         5895    i.HAL_PCD_EP_Transmit  stm32f0xx_hal_pcd.o
    0x08006e28   0x08006e28   0x00000200   Code   RO         5897    i.HAL_PCD_IRQHandler  stm32f0xx_hal_pcd.o
    0x08007028   0x08007028   0x00000112   Code   RO         5900    i.HAL_PCD_Init      stm32f0xx_hal_pcd.o
    0x0800713a   0x0800713a   0x00000002   PAD
    0x0800713c   0x0800713c   0x0000002c   Code   RO         5159    i.HAL_PCD_MspInit   usbd_conf.o
    0x08007168   0x08007168   0x0000002e   Code   RO         5160    i.HAL_PCD_ResetCallback  usbd_conf.o
    0x08007196   0x08007196   0x00000010   Code   RO         5161    i.HAL_PCD_ResumeCallback  usbd_conf.o
    0x080071a6   0x080071a6   0x00000010   Code   RO         5162    i.HAL_PCD_SOFCallback  usbd_conf.o
    0x080071b6   0x080071b6   0x00000042   Code   RO         5906    i.HAL_PCD_SetAddress  stm32f0xx_hal_pcd.o
    0x080071f8   0x080071f8   0x00000016   Code   RO         5163    i.HAL_PCD_SetupStageCallback  usbd_conf.o
    0x0800720e   0x0800720e   0x00000040   Code   RO         5908    i.HAL_PCD_Start     stm32f0xx_hal_pcd.o
    0x0800724e   0x0800724e   0x00000002   PAD
    0x08007250   0x08007250   0x00000028   Code   RO         5164    i.HAL_PCD_SuspendCallback  usbd_conf.o
    0x08007278   0x08007278   0x00000004   Code   RO         2438    i.I2C_ClearFlag     stm32f0xx_i2c.o
    0x0800727c   0x0800727c   0x00000018   Code   RO         2441    i.I2C_Cmd           stm32f0xx_i2c.o
    0x08007294   0x08007294   0x0000001c   Code   RO         2450    i.I2C_GetFlagStatus  stm32f0xx_i2c.o
    0x080072b0   0x080072b0   0x0000006c   Code   RO         2456    i.I2C_Init          stm32f0xx_i2c.o
    0x0800731c   0x0800731c   0x00000004   Code   RO         2465    i.I2C_SendData      stm32f0xx_i2c.o
    0x08007320   0x08007320   0x0000002c   Code   RO         2474    i.I2C_TransferHandling  stm32f0xx_i2c.o
    0x0800734c   0x0800734c   0x0000008c   Code   RO         1119    i.I2C_init          i2c.o
    0x080073d8   0x080073d8   0x00000010   Code   RO         4071    i.IWDG_ReloadCounter  stm32f0xx_iwdg.o
    0x080073e8   0x080073e8   0x00000018   Code   RO         1382    i.InitGTimers       timers.o
    0x08007400   0x08007400   0x00000124   Code   RO         1088    i.Init_CAN          can.o
    0x08007524   0x08007524   0x000000d4   Code   RO           21    i.Init_RCC          main.o
    0x080075f8   0x080075f8   0x00000028   Code   RO         1037    i.Init_button       buttons.o
    0x08007620   0x08007620   0x00000034   Code   RO           22    i.Init_heater       main.o
    0x08007654   0x08007654   0x000000c0   Code   RO         1170    i.Init_leds         led.o
    0x08007714   0x08007714   0x000000e0   Code   RO           23    i.Init_sound_PWM    main.o
    0x080077f4   0x080077f4   0x00000150   Code   RO         1171    i.Led_show          led.o
    0x08007944   0x08007944   0x0000002c   Code   RO         6547    i.MD5_Append        M0_CryptoFW_2_0_6.lib(crypto.o)
    0x08007970   0x08007970   0x00000094   Code   RO         6548    i.MD5_Finish        M0_CryptoFW_2_0_6.lib(crypto.o)
    0x08007a04   0x08007a04   0x00000040   Code   RO         6549    i.MD5_Init          M0_CryptoFW_2_0_6.lib(crypto.o)
    0x08007a44   0x08007a44   0x00000042   Code   RO         4950    i.MSC_BOT_Abort     usbd_msc_bot.o
    0x08007a86   0x08007a86   0x00000002   PAD
    0x08007a88   0x08007a88   0x000000c8   Code   RO         4951    i.MSC_BOT_CBW_Decode  usbd_msc_bot.o
    0x08007b50   0x08007b50   0x0000003e   Code   RO         4952    i.MSC_BOT_CplClrFeature  usbd_msc_bot.o
    0x08007b8e   0x08007b8e   0x00000048   Code   RO         4953    i.MSC_BOT_DataIn    usbd_msc_bot.o
    0x08007bd6   0x08007bd6   0x00000040   Code   RO         4954    i.MSC_BOT_DataOut   usbd_msc_bot.o
    0x08007c16   0x08007c16   0x0000000c   Code   RO         4955    i.MSC_BOT_DeInit    usbd_msc_bot.o
    0x08007c22   0x08007c22   0x0000004c   Code   RO         4956    i.MSC_BOT_Init      usbd_msc_bot.o
    0x08007c6e   0x08007c6e   0x00000022   Code   RO         4957    i.MSC_BOT_Reset     usbd_msc_bot.o
    0x08007c90   0x08007c90   0x0000003c   Code   RO         4958    i.MSC_BOT_SendCSW   usbd_msc_bot.o
    0x08007ccc   0x08007ccc   0x00000038   Code   RO         4959    i.MSC_BOT_SendData  usbd_msc_bot.o
    0x08007d04   0x08007d04   0x00000382   Code   RO         4297    i.MSD_GetCardInfo   spi_msd_driver.o
    0x08008086   0x08008086   0x00000002   PAD
    0x08008088   0x08008088   0x0000023c   Code   RO         4298    i.MSD_Init          spi_msd_driver.o
    0x080082c4   0x080082c4   0x00000070   Code   RO         4299    i.MSD_ReadMultiBlock  spi_msd_driver.o
    0x08008334   0x08008334   0x00000044   Code   RO         4300    i.MSD_ReadSingleBlock  spi_msd_driver.o
    0x08008378   0x08008378   0x00000058   Code   RO         4301    i.MSD_SPIHighSpeed  spi_msd_driver.o
    0x080083d0   0x080083d0   0x00000120   Code   RO         4303    i.MSD_WriteMultiBlock  spi_msd_driver.o
    0x080084f0   0x080084f0   0x000000bc   Code   RO         4304    i.MSD_WriteSingleBlock  spi_msd_driver.o
    0x080085ac   0x080085ac   0x00000040   Code   RO           24    i.MX_USB_DEVICE_Init  main.o
    0x080085ec   0x080085ec   0x000000f0   Code   RO           25    i.Mass_calculation  main.o
    0x080086dc   0x080086dc   0x00000058   Code   RO         1201    i.Menu_EnterCallback  micromenu.o
    0x08008734   0x08008734   0x0000000c   Code   RO         1202    i.Menu_GetCurrentMenu  micromenu.o
    0x08008740   0x08008740   0x0000002c   Code   RO         1203    i.Menu_InitChildItem  micromenu.o
    0x0800876c   0x0800876c   0x00000034   Code   RO         1204    i.Menu_InitCurrentItem  micromenu.o
    0x080087a0   0x080087a0   0x00000040   Code   RO         1205    i.Menu_Navigate     micromenu.o
    0x080087e0   0x080087e0   0x0000000c   Code   RO         1206    i.Menu_SetGenericWriteCallback  micromenu.o
    0x080087ec   0x080087ec   0x00000070   Code   RO         2699    i.NVIC_Init         stm32f0xx_misc.o
    0x0800885c   0x0800885c   0x00000060   Code   RO         1207    i.NextParam         micromenu.o
    0x080088bc   0x080088bc   0x00000068   Code   RO         1038    i.NumbPressButton   buttons.o
    0x08008924   0x08008924   0x000003d8   Code   RO         5911    i.PCD_EP_ISR_Handler  stm32f0xx_hal_pcd.o
    0x08008cfc   0x08008cfc   0x00000140   Code   RO         1039    i.ProcessKeyFSM     buttons.o
    0x08008e3c   0x08008e3c   0x0000005c   Code   RO         1450    i.ProcessMessages   messages.o
    0x08008e98   0x08008e98   0x0000002c   Code   RO         1384    i.ProcessTimers     timers.o
    0x08008ec4   0x08008ec4   0x00000020   Code   RO         2732    i.RCC_AHBPeriphClockCmd  stm32f0xx_rcc.o
    0x08008ee4   0x08008ee4   0x00000020   Code   RO         2734    i.RCC_APB1PeriphClockCmd  stm32f0xx_rcc.o
    0x08008f04   0x08008f04   0x00000020   Code   RO         2735    i.RCC_APB1PeriphResetCmd  stm32f0xx_rcc.o
    0x08008f24   0x08008f24   0x00000020   Code   RO         2736    i.RCC_APB2PeriphClockCmd  stm32f0xx_rcc.o
    0x08008f44   0x08008f44   0x00000020   Code   RO         2737    i.RCC_APB2PeriphResetCmd  stm32f0xx_rcc.o
    0x08008f64   0x08008f64   0x00000078   Code   RO         2745    i.RCC_DeInit        stm32f0xx_rcc.o
    0x08008fdc   0x08008fdc   0x00000048   Code   RO         2747    i.RCC_GetFlagStatus  stm32f0xx_rcc.o
    0x08009024   0x08009024   0x00000020   Code   RO         2750    i.RCC_HCLKConfig    stm32f0xx_rcc.o
    0x08009044   0x08009044   0x00000010   Code   RO         2751    i.RCC_HSEConfig     stm32f0xx_rcc.o
    0x08009054   0x08009054   0x00000028   Code   RO         2754    i.RCC_HSI48Cmd      stm32f0xx_rcc.o
    0x0800907c   0x0800907c   0x0000001c   Code   RO         2756    i.RCC_I2CCLKConfig  stm32f0xx_rcc.o
    0x08009098   0x08009098   0x00000024   Code   RO         2762    i.RCC_PCLKConfig    stm32f0xx_rcc.o
    0x080090bc   0x080090bc   0x00000028   Code   RO         2763    i.RCC_PLLCmd        stm32f0xx_rcc.o
    0x080090e4   0x080090e4   0x00000024   Code   RO         2764    i.RCC_PLLConfig     stm32f0xx_rcc.o
    0x08009108   0x08009108   0x0000001c   Code   RO         2765    i.RCC_PREDIV1Config  stm32f0xx_rcc.o
    0x08009124   0x08009124   0x0000001c   Code   RO         2768    i.RCC_SYSCLKConfig  stm32f0xx_rcc.o
    0x08009140   0x08009140   0x0000001c   Code   RO         2770    i.RCC_USBCLKConfig  stm32f0xx_rcc.o
    0x0800915c   0x0800915c   0x0000003c   Code   RO         2771    i.RCC_WaitForHSEStartUp  stm32f0xx_rcc.o
    0x08009198   0x08009198   0x00000088   Code   RO           26    i.Read_sensor_DUG1  main.o
    0x08009220   0x08009220   0x00000094   Code   RO           27    i.Read_sensor_DUG2  main.o
    0x080092b4   0x080092b4   0x0000008c   Code   RO           28    i.Read_sensor_LEP   main.o
    0x08009340   0x08009340   0x00000058   Code   RO           29    i.Read_sensor_USILIE  main.o
    0x08009398   0x08009398   0x00000034   Code   RO           30    i.Remap_Table       main.o
    0x080093cc   0x080093cc   0x00000010   Code   RO         1386    i.ResetGTimer       timers.o
    0x080093dc   0x080093dc   0x00000034   Code   RO         5051    i.SCSI_CheckAddressRange  usbd_msc_scsi.o
    0x08009410   0x08009410   0x0000006c   Code   RO         5052    i.SCSI_Inquiry      usbd_msc_scsi.o
    0x0800947c   0x0800947c   0x00000030   Code   RO         5053    i.SCSI_ModeSense10  usbd_msc_scsi.o
    0x080094ac   0x080094ac   0x00000030   Code   RO         5054    i.SCSI_ModeSense6   usbd_msc_scsi.o
    0x080094dc   0x080094dc   0x000000f0   Code   RO         5055    i.SCSI_ProcessCmd   usbd_msc_scsi.o
    0x080095cc   0x080095cc   0x000000dc   Code   RO         5056    i.SCSI_ProcessRead  usbd_msc_scsi.o
    0x080096a8   0x080096a8   0x00000116   Code   RO         5057    i.SCSI_ProcessWrite  usbd_msc_scsi.o
    0x080097be   0x080097be   0x000000e0   Code   RO         5058    i.SCSI_Read10       usbd_msc_scsi.o
    0x0800989e   0x0800989e   0x00000002   PAD
    0x080098a0   0x080098a0   0x000000c0   Code   RO         5059    i.SCSI_ReadCapacity10  usbd_msc_scsi.o
    0x08009960   0x08009960   0x000000a6   Code   RO         5060    i.SCSI_ReadFormatCapacity  usbd_msc_scsi.o
    0x08009a06   0x08009a06   0x000000c4   Code   RO         5061    i.SCSI_RequestSense  usbd_msc_scsi.o
    0x08009aca   0x08009aca   0x0000005c   Code   RO         5062    i.SCSI_SenseCode    usbd_msc_scsi.o
    0x08009b26   0x08009b26   0x00000016   Code   RO         5063    i.SCSI_StartStopUnit  usbd_msc_scsi.o
    0x08009b3c   0x08009b3c   0x00000054   Code   RO         5064    i.SCSI_TestUnitReady  usbd_msc_scsi.o
    0x08009b90   0x08009b90   0x00000056   Code   RO         5065    i.SCSI_Verify10     usbd_msc_scsi.o
    0x08009be6   0x08009be6   0x00000120   Code   RO         5066    i.SCSI_Write10      usbd_msc_scsi.o
    0x08009d06   0x08009d06   0x00000002   PAD
    0x08009d08   0x08009d08   0x00000414   Code   RO           31    i.SD_Card_Handler   main.o
    0x0800a11c   0x0800a11c   0x00000038   Code   RO           32    i.SD_card_enter_f   main.o
    0x0800a154   0x0800a154   0x0000000c   Code   RO           33    i.SD_card_init_f    main.o
    0x0800a160   0x0800a160   0x0000001c   Code   RO         2999    i.SPI_Cmd           stm32f0xx_spi.o
    0x0800a17c   0x0800a17c   0x00000004   Code   RO         3012    i.SPI_I2S_SendData16  stm32f0xx_spi.o
    0x0800a180   0x0800a180   0x00000058   Code   RO         3013    i.SPI_Init          stm32f0xx_spi.o
    0x0800a1d8   0x0800a1d8   0x00000014   Code   RO         3018    i.SPI_RxFIFOThresholdConfig  stm32f0xx_spi.o
    0x0800a1ec   0x0800a1ec   0x0000002c   Code   RO         1523    i.SPI_SendByte      at45db.o
    0x0800a218   0x0800a218   0x00000044   Code   RO           34    i.STM32_MD5_HASH_DigestCompute  main.o
    0x0800a25c   0x0800a25c   0x0000004c   Code   RO         4703    i.STORAGE_GetCapacity_FS  usbd_storage_if.o
    0x0800a2a8   0x0800a2a8   0x00000004   Code   RO         4704    i.STORAGE_GetMaxLun_FS  usbd_storage_if.o
    0x0800a2ac   0x0800a2ac   0x00000028   Code   RO         4705    i.STORAGE_Init_FS   usbd_storage_if.o
    0x0800a2d4   0x0800a2d4   0x00000006   Code   RO         4706    i.STORAGE_IsReady_FS  usbd_storage_if.o
    0x0800a2da   0x0800a2da   0x00000006   Code   RO         4707    i.STORAGE_IsWriteProtected_FS  usbd_storage_if.o
    0x0800a2e0   0x0800a2e0   0x00000040   Code   RO         4708    i.STORAGE_Read_FS   usbd_storage_if.o
    0x0800a320   0x0800a320   0x00000048   Code   RO         4709    i.STORAGE_Write_FS  usbd_storage_if.o
    0x0800a368   0x0800a368   0x0000001c   Code   RO         4134    i.SYSCFG_MemoryRemapConfig  stm32f0xx_syscfg.o
    0x0800a384   0x0800a384   0x0000001c   Code   RO         1452    i.SendMessage       messages.o
    0x0800a3a0   0x0800a3a0   0x0000000c   Code   RO         1453    i.SendParams        messages.o
    0x0800a3ac   0x0800a3ac   0x0000003c   Code   RO         1208    i.Set_Hided_Menu    micromenu.o
    0x0800a3e8   0x0800a3e8   0x0000000c   Code   RO           35    i.Settings_init_f   main.o
    0x0800a3f4   0x0800a3f4   0x000000f8   Code   RO           36    i.Setup_LEP_sample  main.o
    0x0800a4ec   0x0800a4ec   0x00000020   Code   RO         1387    i.StartGTimer       timers.o
    0x0800a50c   0x0800a50c   0x00000024   Code   RO         1388    i.Start_ALL_GTimer  timers.o
    0x0800a530   0x0800a530   0x00000078   Code   RO         6376    i.SystemInit        system_stm32f0xx.o
    0x0800a5a8   0x0800a5a8   0x00000058   Code   RO           37    i.TEST              main.o
    0x0800a600   0x0800a600   0x00000038   Code   RO           38    i.TG_selection_menu  main.o
    0x0800a638   0x0800a638   0x00000020   Code   RO           39    i.TIM3_IRQHandler   main.o
    0x0800a658   0x0800a658   0x00000070   Code   RO           40    i.TIM6_DAC_IRQHandler  main.o
    0x0800a6c8   0x0800a6c8   0x000000d8   Code   RO           41    i.TIME_PRINT        main.o
    0x0800a7a0   0x0800a7a0   0x00000006   Code   RO         3204    i.TIM_ClearITPendingBit  stm32f0xx_tim.o
    0x0800a7a6   0x0800a7a6   0x00000002   PAD
    0x0800a7a8   0x0800a7a8   0x0000001c   Code   RO         3209    i.TIM_Cmd           stm32f0xx_tim.o
    0x0800a7c4   0x0800a7c4   0x00000026   Code   RO         3230    i.TIM_GetITStatus   stm32f0xx_tim.o
    0x0800a7ea   0x0800a7ea   0x00000014   Code   RO         3234    i.TIM_ITConfig      stm32f0xx_tim.o
    0x0800a7fe   0x0800a7fe   0x00000002   PAD
    0x0800a800   0x0800a800   0x000000ac   Code   RO         3243    i.TIM_OC2Init       stm32f0xx_tim.o
    0x0800a8ac   0x0800a8ac   0x0000007c   Code   RO         3282    i.TIM_TimeBaseInit  stm32f0xx_tim.o
    0x0800a928   0x0800a928   0x00000012   Code   RO         3283    i.TIM_TimeBaseStructInit  stm32f0xx_tim.o
    0x0800a93a   0x0800a93a   0x0000001a   Code   RO         5715    i.USBD_CDC_DataIn   usbd_cdc.o
    0x0800a954   0x0800a954   0x00000038   Code   RO         5716    i.USBD_CDC_DataOut  usbd_cdc.o
    0x0800a98c   0x0800a98c   0x00000040   Code   RO         5717    i.USBD_CDC_DeInit   usbd_cdc.o
    0x0800a9cc   0x0800a9cc   0x00000038   Code   RO         5718    i.USBD_CDC_EP0_RxReady  usbd_cdc.o
    0x0800aa04   0x0800aa04   0x00000058   Code   RO         5721    i.USBD_CDC_Init     usbd_cdc.o
    0x0800aa5c   0x0800aa5c   0x00000024   Code   RO         5722    i.USBD_CDC_ReceivePacket  usbd_cdc.o
    0x0800aa80   0x0800aa80   0x00000012   Code   RO         5723    i.USBD_CDC_RegisterInterface  usbd_cdc.o
    0x0800aa92   0x0800aa92   0x0000000e   Code   RO         5724    i.USBD_CDC_SetRxBuffer  usbd_cdc.o
    0x0800aaa0   0x0800aaa0   0x00000012   Code   RO         5725    i.USBD_CDC_SetTxBuffer  usbd_cdc.o
    0x0800aab2   0x0800aab2   0x00000002   PAD
    0x0800aab4   0x0800aab4   0x0000009c   Code   RO         5726    i.USBD_CDC_Setup    usbd_cdc.o
    0x0800ab50   0x0800ab50   0x00000034   Code   RO         5727    i.USBD_CDC_TransmitPacket  usbd_cdc.o
    0x0800ab84   0x0800ab84   0x00000018   Code   RO         5368    i.USBD_ClrClassConfig  usbd_core.o
    0x0800ab9c   0x0800ab9c   0x0000004a   Code   RO         5505    i.USBD_ClrFeature   usbd_ctlreq.o
    0x0800abe6   0x0800abe6   0x00000018   Code   RO         5659    i.USBD_CtlContinueRx  usbd_ioreq.o
    0x0800abfe   0x0800abfe   0x00000018   Code   RO         5660    i.USBD_CtlContinueSendData  usbd_ioreq.o
    0x0800ac16   0x0800ac16   0x00000018   Code   RO         5506    i.USBD_CtlError     usbd_ctlreq.o
    0x0800ac2e   0x0800ac2e   0x0000002a   Code   RO         5661    i.USBD_CtlPrepareRx  usbd_ioreq.o
    0x0800ac58   0x0800ac58   0x0000001c   Code   RO         5662    i.USBD_CtlReceiveStatus  usbd_ioreq.o
    0x0800ac74   0x0800ac74   0x00000024   Code   RO         5663    i.USBD_CtlSendData  usbd_ioreq.o
    0x0800ac98   0x0800ac98   0x0000001c   Code   RO         5664    i.USBD_CtlSendStatus  usbd_ioreq.o
    0x0800acb4   0x0800acb4   0x00000024   Code   RO         5596    i.USBD_FS_ConfigStrDescriptor  usbd_desc.o
    0x0800acd8   0x0800acd8   0x00000010   Code   RO         5597    i.USBD_FS_DeviceDescriptor  usbd_desc.o
    0x0800ace8   0x0800ace8   0x00000028   Code   RO         5598    i.USBD_FS_InterfaceStrDescriptor  usbd_desc.o
    0x0800ad10   0x0800ad10   0x00000010   Code   RO         5599    i.USBD_FS_LangIDStrDescriptor  usbd_desc.o
    0x0800ad20   0x0800ad20   0x0000002c   Code   RO         5600    i.USBD_FS_ManufacturerStrDescriptor  usbd_desc.o
    0x0800ad4c   0x0800ad4c   0x0000002c   Code   RO         5601    i.USBD_FS_ProductStrDescriptor  usbd_desc.o
    0x0800ad78   0x0800ad78   0x00000028   Code   RO         5602    i.USBD_FS_SerialStrDescriptor  usbd_desc.o
    0x0800ada0   0x0800ada0   0x00000052   Code   RO         5507    i.USBD_GetConfig    usbd_ctlreq.o
    0x0800adf2   0x0800adf2   0x0000012e   Code   RO         5508    i.USBD_GetDescriptor  usbd_ctlreq.o
    0x0800af20   0x0800af20   0x00000014   Code   RO         5509    i.USBD_GetLen       usbd_ctlreq.o
    0x0800af34   0x0800af34   0x0000004a   Code   RO         5510    i.USBD_GetStatus    usbd_ctlreq.o
    0x0800af7e   0x0800af7e   0x0000004e   Code   RO         5511    i.USBD_GetString    usbd_ctlreq.o
    0x0800afcc   0x0800afcc   0x00000040   Code   RO         5370    i.USBD_Init         usbd_core.o
    0x0800b00c   0x0800b00c   0x00000044   Code   RO         5165    i.USBD_LL_ClearStallEP  usbd_conf.o
    0x0800b050   0x0800b050   0x00000044   Code   RO         5166    i.USBD_LL_CloseEP   usbd_conf.o
    0x0800b094   0x0800b094   0x000000ee   Code   RO         5371    i.USBD_LL_DataInStage  usbd_core.o
    0x0800b182   0x0800b182   0x00000096   Code   RO         5372    i.USBD_LL_DataOutStage  usbd_core.o
    0x0800b218   0x0800b218   0x00000044   Code   RO         5169    i.USBD_LL_FlushEP   usbd_conf.o
    0x0800b25c   0x0800b25c   0x00000014   Code   RO         5170    i.USBD_LL_GetRxDataSize  usbd_conf.o
    0x0800b270   0x0800b270   0x000000b4   Code   RO         5171    i.USBD_LL_Init      usbd_conf.o
    0x0800b324   0x0800b324   0x00000030   Code   RO         5172    i.USBD_LL_IsStallEP  usbd_conf.o
    0x0800b354   0x0800b354   0x0000005a   Code   RO         5173    i.USBD_LL_OpenEP    usbd_conf.o
    0x0800b3ae   0x0800b3ae   0x0000005a   Code   RO         5174    i.USBD_LL_PrepareReceive  usbd_conf.o
    0x0800b408   0x0800b408   0x0000004c   Code   RO         5377    i.USBD_LL_Reset     usbd_core.o
    0x0800b454   0x0800b454   0x00000010   Code   RO         5378    i.USBD_LL_Resume    usbd_core.o
    0x0800b464   0x0800b464   0x0000002a   Code   RO         5379    i.USBD_LL_SOF       usbd_core.o
    0x0800b48e   0x0800b48e   0x00000008   Code   RO         5380    i.USBD_LL_SetSpeed  usbd_core.o
    0x0800b496   0x0800b496   0x00000044   Code   RO         5175    i.USBD_LL_SetUSBAddress  usbd_conf.o
    0x0800b4da   0x0800b4da   0x00000084   Code   RO         5381    i.USBD_LL_SetupStage  usbd_core.o
    0x0800b55e   0x0800b55e   0x00000044   Code   RO         5176    i.USBD_LL_StallEP   usbd_conf.o
    0x0800b5a2   0x0800b5a2   0x00000040   Code   RO         5177    i.USBD_LL_Start     usbd_conf.o
    0x0800b5e2   0x0800b5e2   0x00000016   Code   RO         5382    i.USBD_LL_Suspend   usbd_core.o
    0x0800b5f8   0x0800b5f8   0x0000005a   Code   RO         5179    i.USBD_LL_Transmit  usbd_conf.o
    0x0800b652   0x0800b652   0x0000001e   Code   RO         4789    i.USBD_MSC_CDC_DataIn  usbd_msc_cdc.o
    0x0800b670   0x0800b670   0x0000001e   Code   RO         4790    i.USBD_MSC_CDC_DataOut  usbd_msc_cdc.o
    0x0800b68e   0x0800b68e   0x0000001a   Code   RO         4791    i.USBD_MSC_CDC_DeInit  usbd_msc_cdc.o
    0x0800b6a8   0x0800b6a8   0x0000000c   Code   RO         4793    i.USBD_MSC_CDC_EP0_RxReady  usbd_msc_cdc.o
    0x0800b6b4   0x0800b6b4   0x00000010   Code   RO         4794    i.USBD_MSC_CDC_GetCfgDesc  usbd_msc_cdc.o
    0x0800b6c4   0x0800b6c4   0x00000010   Code   RO         4795    i.USBD_MSC_CDC_GetDeviceQualifierDesc  usbd_msc_cdc.o
    0x0800b6d4   0x0800b6d4   0x0000002e   Code   RO         4796    i.USBD_MSC_CDC_Init  usbd_msc_cdc.o
    0x0800b702   0x0800b702   0x0000003e   Code   RO         4797    i.USBD_MSC_CDC_Setup  usbd_msc_cdc.o
    0x0800b740   0x0800b740   0x00000012   Code   RO         4871    i.USBD_MSC_DataIn   usbd_msc.o
    0x0800b752   0x0800b752   0x00000012   Code   RO         4872    i.USBD_MSC_DataOut  usbd_msc.o
    0x0800b764   0x0800b764   0x00000032   Code   RO         4873    i.USBD_MSC_DeInit   usbd_msc.o
    0x0800b796   0x0800b796   0x00000002   PAD
    0x0800b798   0x0800b798   0x00000038   Code   RO         4876    i.USBD_MSC_Init     usbd_msc.o
    0x0800b7d0   0x0800b7d0   0x00000010   Code   RO         4877    i.USBD_MSC_RegisterStorage  usbd_msc.o
    0x0800b7e0   0x0800b7e0   0x0000010c   Code   RO         4878    i.USBD_MSC_Setup    usbd_msc.o
    0x0800b8ec   0x0800b8ec   0x00000028   Code   RO         5512    i.USBD_ParseSetupRequest  usbd_ctlreq.o
    0x0800b914   0x0800b914   0x00000014   Code   RO         5383    i.USBD_RegisterClass  usbd_core.o
    0x0800b928   0x0800b928   0x00000006   Code   RO         5384    i.USBD_RunTestMode  usbd_core.o
    0x0800b92e   0x0800b92e   0x00000062   Code   RO         5513    i.USBD_SetAddress   usbd_ctlreq.o
    0x0800b990   0x0800b990   0x0000002a   Code   RO         5385    i.USBD_SetClassConfig  usbd_core.o
    0x0800b9ba   0x0800b9ba   0x00000002   PAD
    0x0800b9bc   0x0800b9bc   0x000000e8   Code   RO         5514    i.USBD_SetConfig    usbd_ctlreq.o
    0x0800baa4   0x0800baa4   0x0000002a   Code   RO         5515    i.USBD_SetFeature   usbd_ctlreq.o
    0x0800bace   0x0800bace   0x0000000e   Code   RO         5386    i.USBD_Start        usbd_core.o
    0x0800badc   0x0800badc   0x00000072   Code   RO         5516    i.USBD_StdDevReq    usbd_ctlreq.o
    0x0800bb4e   0x0800bb4e   0x0000016a   Code   RO         5517    i.USBD_StdEPReq     usbd_ctlreq.o
    0x0800bcb8   0x0800bcb8   0x00000052   Code   RO         5518    i.USBD_StdItfReq    usbd_ctlreq.o
    0x0800bd0a   0x0800bd0a   0x00000002   PAD
    0x0800bd0c   0x0800bd0c   0x00000480   Code   RO         6174    i.USB_ActivateEndpoint  stm32f0xx_ll_usb.o
    0x0800c18c   0x0800c18c   0x00000264   Code   RO         6179    i.USB_DeactivateEndpoint  stm32f0xx_ll_usb.o
    0x0800c3f0   0x0800c3f0   0x00000014   Code   RO         6180    i.USB_DevConnect    stm32f0xx_ll_usb.o
    0x0800c404   0x0800c404   0x00000020   Code   RO         6182    i.USB_DevInit       stm32f0xx_ll_usb.o
    0x0800c424   0x0800c424   0x00000018   Code   RO         6183    i.USB_DisableGlobalInt  stm32f0xx_ll_usb.o
    0x0800c43c   0x0800c43c   0x00000006   Code   RO         6184    i.USB_EP0_OutStart  stm32f0xx_ll_usb.o
    0x0800c442   0x0800c442   0x00000002   PAD
    0x0800c444   0x0800c444   0x000000d8   Code   RO         6185    i.USB_EPClearStall  stm32f0xx_ll_usb.o
    0x0800c51c   0x0800c51c   0x0000005c   Code   RO         6186    i.USB_EPSetStall    stm32f0xx_ll_usb.o
    0x0800c578   0x0800c578   0x00000424   Code   RO         6187    i.USB_EPStartXfer   stm32f0xx_ll_usb.o
    0x0800c99c   0x0800c99c   0x00000018   Code   RO         6188    i.USB_EnableGlobalInt  stm32f0xx_ll_usb.o
    0x0800c9b4   0x0800c9b4   0x00000010   Code   RO           42    i.USB_IRQHandler    main.o
    0x0800c9c4   0x0800c9c4   0x00000008   Code   RO         6195    i.USB_ReadInterrupts  stm32f0xx_ll_usb.o
    0x0800c9cc   0x0800c9cc   0x00000040   Code   RO         6196    i.USB_ReadPMA       stm32f0xx_ll_usb.o
    0x0800ca0c   0x0800ca0c   0x00000010   Code   RO         6199    i.USB_SetDevAddress  stm32f0xx_ll_usb.o
    0x0800ca1c   0x0800ca1c   0x0000003a   Code   RO         6202    i.USB_WritePMA      stm32f0xx_ll_usb.o
    0x0800ca56   0x0800ca56   0x00000002   PAD
    0x0800ca58   0x0800ca58   0x00000018   Code   RO         1209    i.Vise_Versa_Menu   micromenu.o
    0x0800ca70   0x0800ca70   0x00000028   Code   RO         7125    i.__0sprintf        mc_p.l(printfa.o)
    0x0800ca98   0x0800ca98   0x0000002e   Code   RO         7248    i.__ARM_clz         mf_p.l(depilogue.o)
    0x0800cac6   0x0800cac6   0x00000032   Code   RO         6847    i.__ARM_common_ll_muluu  M0_CryptoFW_2_0_6.lib(crypto.o)
    0x0800caf8   0x0800caf8   0x0000001c   Code   RO          630    i.__ARM_common_switch8  main.o
    0x0800cb14   0x0800cb14   0x0000002c   Code   RO         7254    i.__ARM_fpclassify  m_ps.l(fpclassify.o)
    0x0800cb40   0x0800cb40   0x00000010   Code   RO           43    i.__ARM_isnanf      main.o
    0x0800cb50   0x0800cb50   0x00000008   Code   RO         7234    i.__aeabi_errno_addr  mc_p.l(errno.o)
    0x0800cb58   0x0800cb58   0x0000039c   Code   RO         7200    i.__ieee754_rem_pio2  m_ps.l(rred.o)
    0x0800cef4   0x0800cef4   0x000000f4   Code   RO         7183    i.__kernel_cos      m_ps.l(cos_i.o)
    0x0800cfe8   0x0800cfe8   0x000000ac   Code   RO         7256    i.__kernel_poly     m_ps.l(poly.o)
    0x0800d094   0x0800d094   0x000000ec   Code   RO         7205    i.__kernel_sin      m_ps.l(sin_i.o)
    0x0800d180   0x0800d180   0x0000000a   Code   RO         7187    i.__mathlib_dbl_infnan  m_ps.l(dunder.o)
    0x0800d18a   0x0800d18a   0x00000010   Code   RO         7189    i.__mathlib_dbl_invalid  m_ps.l(dunder.o)
    0x0800d19a   0x0800d19a   0x00000002   PAD
    0x0800d19c   0x0800d19c   0x00000014   Code   RO         7192    i.__mathlib_dbl_underflow  m_ps.l(dunder.o)
    0x0800d1b0   0x0800d1b0   0x0000000e   Code   RO         7302    i.__scatterload_copy  mc_p.l(handlers.o)
    0x0800d1be   0x0800d1be   0x00000002   Code   RO         7303    i.__scatterload_null  mc_p.l(handlers.o)
    0x0800d1c0   0x0800d1c0   0x0000000e   Code   RO         7304    i.__scatterload_zeroinit  mc_p.l(handlers.o)
    0x0800d1ce   0x0800d1ce   0x00000002   PAD
    0x0800d1d0   0x0800d1d0   0x0000000c   Code   RO         7236    i.__set_errno       mc_p.l(errno.o)
    0x0800d1dc   0x0800d1dc   0x00000020   Code   RO         4305    i._card_disable     spi_msd_driver.o
    0x0800d1fc   0x0800d1fc   0x00000174   Code   RO         7130    i._fp_digits        mc_p.l(printfa.o)
    0x0800d370   0x0800d370   0x000006ec   Code   RO         7131    i._printf_core      mc_p.l(printfa.o)
    0x0800da5c   0x0800da5c   0x00000020   Code   RO         7132    i._printf_post_padding  mc_p.l(printfa.o)
    0x0800da7c   0x0800da7c   0x0000002c   Code   RO         7133    i._printf_pre_padding  mc_p.l(printfa.o)
    0x0800daa8   0x0800daa8   0x00000076   Code   RO         4306    i._read_buffer      spi_msd_driver.o
    0x0800db1e   0x0800db1e   0x0000006c   Code   RO         4307    i._send_command     spi_msd_driver.o
    0x0800db8a   0x0800db8a   0x00000062   Code   RO         4308    i._send_command_hold  spi_msd_driver.o
    0x0800dbec   0x0800dbec   0x00000040   Code   RO         4309    i._spi_read_write   spi_msd_driver.o
    0x0800dc2c   0x0800dc2c   0x0000000a   Code   RO         7135    i._sputc            mc_p.l(printfa.o)
    0x0800dc36   0x0800dc36   0x00000002   PAD
    0x0800dc38   0x0800dc38   0x00000054   Code   RO           44    i.blink_symbol      main.o
    0x0800dc8c   0x0800dc8c   0x000001f8   Code   RO           45    i.calibration_Q     main.o
    0x0800de84   0x0800de84   0x000000e0   Code   RO           46    i.calibration_R     main.o
    0x0800df64   0x0800df64   0x000000a0   Code   RO         4461    i.check_fs          ff.o
    0x0800e004   0x0800e004   0x00000228   Code   RO           47    i.check_memory_empty_cells  main.o
    0x0800e22c   0x0800e22c   0x00000016   Code   RO         4462    i.chk_chr           ff.o
    0x0800e242   0x0800e242   0x00000002   PAD
    0x0800e244   0x0800e244   0x00000410   Code   RO         4463    i.chk_mounted       ff.o
    0x0800e654   0x0800e654   0x00000016   Code   RO           48    i.clear_RXBuffer    main.o
    0x0800e66a   0x0800e66a   0x00000002   PAD
    0x0800e66c   0x0800e66c   0x000000b0   Code   RO           49    i.clear_flash       main.o
    0x0800e71c   0x0800e71c   0x0000001a   Code   RO         4464    i.clust2sect        ff.o
    0x0800e736   0x0800e736   0x00000002   PAD
    0x0800e738   0x0800e738   0x0000011c   Code   RO           50    i.copy_flash_to_SD  main.o
    0x0800e854   0x0800e854   0x00000098   Code   RO         6850    i.cos               m_ps.l(cos.o)
    0x0800e8ec   0x0800e8ec   0x000000d0   Code   RO         4465    i.create_chain      ff.o
    0x0800e9bc   0x0800e9bc   0x00000150   Code   RO         4466    i.create_name       ff.o
    0x0800eb0c   0x0800eb0c   0x000000c0   Code   RO         6619    i.crl_u_MD5_Finish  M0_CryptoFW_2_0_6.lib(crypto.o)
    0x0800ebcc   0x0800ebcc   0x00000090   Code   RO         6621    i.crl_u_MD5_Update  M0_CryptoFW_2_0_6.lib(crypto.o)
    0x0800ec5c   0x0800ec5c   0x000003d0   Code   RO           51    i.date              main.o
    0x0800f02c   0x0800f02c   0x00000018   Code   RO         1610    i.delay_micros      hd44780.o
    0x0800f044   0x0800f044   0x00000044   Code   RO           52    i.delay_ms          main.o
    0x0800f088   0x0800f088   0x00000062   Code   RO         4467    i.dir_find          ff.o
    0x0800f0ea   0x0800f0ea   0x00000120   Code   RO         4468    i.dir_next          ff.o
    0x0800f20a   0x0800f20a   0x0000005c   Code   RO         4469    i.dir_read          ff.o
    0x0800f266   0x0800f266   0x00000074   Code   RO         4470    i.dir_register      ff.o
    0x0800f2da   0x0800f2da   0x00000030   Code   RO         4471    i.dir_remove        ff.o
    0x0800f30a   0x0800f30a   0x0000009c   Code   RO         4472    i.dir_sdi           ff.o
    0x0800f3a6   0x0800f3a6   0x0000002e   Code   RO         4400    i.disk_initialize   diskio.o
    0x0800f3d4   0x0800f3d4   0x00000070   Code   RO         4401    i.disk_ioctl        diskio.o
    0x0800f444   0x0800f444   0x00000056   Code   RO         4402    i.disk_read         diskio.o
    0x0800f49a   0x0800f49a   0x00000024   Code   RO         4403    i.disk_status       diskio.o
    0x0800f4be   0x0800f4be   0x00000050   Code   RO         4404    i.disk_write        diskio.o
    0x0800f50e   0x0800f50e   0x00000002   PAD
    0x0800f510   0x0800f510   0x00000114   Code   RO         1120    i.ds3231_read       i2c.o
    0x0800f624   0x0800f624   0x00000180   Code   RO         1121    i.ds3231_read_ALL   i2c.o
    0x0800f7a4   0x0800f7a4   0x00000118   Code   RO         1123    i.ds3231_write      i2c.o
    0x0800f8bc   0x0800f8bc   0x00000094   Code   RO           53    i.dunamic_f_TS_KOLONNA  main.o
    0x0800f950   0x0800f950   0x0000011c   Code   RO           54    i.dunamic_f_sample  main.o
    0x0800fa6c   0x0800fa6c   0x000000a8   Code   RO           55    i.edit_var          main.o
    0x0800fb14   0x0800fb14   0x00000028   Code   RO           56    i.enter_f_KOLONNA   main.o
    0x0800fb3c   0x0800fb3c   0x00000014   Code   RO           57    i.enter_f_LEP       main.o
    0x0800fb50   0x0800fb50   0x00000034   Code   RO           58    i.enter_f_TS        main.o
    0x0800fb84   0x0800fb84   0x0000016c   Code   RO           59    i.entry_password    main.o
    0x0800fcf0   0x0800fcf0   0x00000016   Code   RO         4474    i.f_close           ff.o
    0x0800fd06   0x0800fd06   0x0000011c   Code   RO         4475    i.f_getfree         ff.o
    0x0800fe22   0x0800fe22   0x000001de   Code   RO         4476    i.f_lseek           ff.o
    0x08010000   0x08010000   0x00000030   Code   RO         4478    i.f_mount           ff.o
    0x08010030   0x08010030   0x0000018a   Code   RO         4479    i.f_open            ff.o
    0x080101ba   0x080101ba   0x0000007c   Code   RO         4480    i.f_opendir         ff.o
    0x08010236   0x08010236   0x0000005e   Code   RO         4482    i.f_readdir         ff.o
    0x08010294   0x08010294   0x000000c4   Code   RO         4485    i.f_sync            ff.o
    0x08010358   0x08010358   0x000000c6   Code   RO         4487    i.f_unlink          ff.o
    0x0801041e   0x0801041e   0x0000022e   Code   RO         4489    i.f_write           ff.o
    0x0801064c   0x0801064c   0x00000030   Code   RO           60    i.flash_search_adress  main.o
    0x0801067c   0x0801067c   0x000001ac   Code   RO           61    i.flash_to_SD       main.o
    0x08010828   0x08010828   0x000000a6   Code   RO         4490    i.follow_path       ff.o
    0x080108ce   0x080108ce   0x00000002   PAD
    0x080108d0   0x080108d0   0x000001d4   Code   RO           62    i.generatePassword_SN  main.o
    0x08010aa4   0x08010aa4   0x000000e8   Code   RO         4491    i.get_fat           ff.o
    0x08010b8c   0x08010b8c   0x000000cc   Code   RO         4405    i.get_fattime       diskio.o
    0x08010c58   0x08010c58   0x00000090   Code   RO         4492    i.get_fileinfo      ff.o
    0x08010ce8   0x08010ce8   0x00000140   Code   RO           63    i.gorizontal_scr    main.o
    0x08010e28   0x08010e28   0x00000104   Code   RO           64    i.gorizontal_scroll  main.o
    0x08010f2c   0x08010f2c   0x0000005c   Code   RO           66    i.init_TIM3         main.o
    0x08010f88   0x08010f88   0x0000005c   Code   RO           67    i.init_TIM6         main.o
    0x08010fe4   0x08010fe4   0x0000000c   Code   RO           68    i.init_dunamic_func  main.o
    0x08010ff0   0x08010ff0   0x00000074   Code   RO           69    i.item_skroll       main.o
    0x08011064   0x08011064   0x00000030   Code   RO         1611    i.lcd44780_ClearLCD  hd44780.o
    0x08011094   0x08011094   0x00000044   Code   RO         1612    i.lcd44780_GoToLine  hd44780.o
    0x080110d8   0x080110d8   0x00000044   Code   RO         1613    i.lcd44780_SetLCDPosition  hd44780.o
    0x0801111c   0x0801111c   0x00000060   Code   RO         1614    i.lcd44780_ShowChar  hd44780.o
    0x0801117c   0x0801117c   0x00000020   Code   RO         1615    i.lcd44780_ShowStr  hd44780.o
    0x0801119c   0x0801119c   0x00000014   Code   RO         1616    i.lcd44780_WriteByte  hd44780.o
    0x080111b0   0x080111b0   0x00000034   Code   RO         1617    i.lcd44780_WriteNibble  hd44780.o
    0x080111e4   0x080111e4   0x000000d4   Code   RO           70    i.limitations       main.o
    0x080112b8   0x080112b8   0x00000078   Code   RO           71    i.loading_USB       main.o
    0x08011330   0x08011330   0x00000010   Code   RO         1210    i.m_incSelP         micromenu.o
    0x08011340   0x08011340   0x00000010   Code   RO           72    i.m_init_dunamic    main.o
    0x08011350   0x08011350   0x00000010   Code   RO           73    i.m_init_f_sample   main.o
    0x08011360   0x08011360   0x00000010   Code   RO           74    i.m_print_simple    main.o
    0x08011370   0x08011370   0x00000010   Code   RO           75    i.m_print_skroll    main.o
    0x08011380   0x08011380   0x00000120   Code   RO           76    i.main              main.o
    0x080114a0   0x080114a0   0x000001b4   Code   RO           77    i.main_page_0       main.o
    0x08011654   0x08011654   0x000001a8   Code   RO           78    i.main_page_1       main.o
    0x080117fc   0x080117fc   0x00000100   Code   RO           79    i.main_page_2       main.o
    0x080118fc   0x080118fc   0x0000001e   Code   RO           80    i.map               main.o
    0x0801191a   0x0801191a   0x00000002   PAD
    0x0801191c   0x0801191c   0x0000079c   Code   RO         6625    i.md5_process       M0_CryptoFW_2_0_6.lib(crypto.o)
    0x080120b8   0x080120b8   0x0000002a   Code   RO         4493    i.mem_cmp           ff.o
    0x080120e2   0x080120e2   0x0000001a   Code   RO         4494    i.mem_cpy           ff.o
    0x080120fc   0x080120fc   0x00000014   Code   RO         4495    i.mem_set           ff.o
    0x08012110   0x08012110   0x000000c4   Code   RO         1211    i.menu_back_level   micromenu.o
    0x080121d4   0x080121d4   0x0000000c   Code   RO         1213    i.menu_get_pos      micromenu.o
    0x080121e0   0x080121e0   0x0000000c   Code   RO         1214    i.menu_get_ptrGeneric  micromenu.o
    0x080121ec   0x080121ec   0x00000324   Code   RO         1216    i.menu_make_screen  micromenu.o
    0x08012510   0x08012510   0x00000224   Code   RO         1217    i.menu_process      micromenu.o
    0x08012734   0x08012734   0x0000000c   Code   RO         1218    i.menu_set_print_item_callback  micromenu.o
    0x08012740   0x08012740   0x00000034   Code   RO         1219    i.menu_set_ptrGeneric  micromenu.o
    0x08012774   0x08012774   0x0000000c   Code   RO         1220    i.menu_set_repaint  micromenu.o
    0x08012780   0x08012780   0x0000000c   Code   RO         1221    i.menu_set_repaint_newlevel  micromenu.o
    0x0801278c   0x0801278c   0x00000038   Code   RO         1222    i.menu_start        micromenu.o
    0x080127c4   0x080127c4   0x000000ac   Code   RO         1223    i.menu_store_level  micromenu.o
    0x08012870   0x08012870   0x00000076   Code   RO         4496    i.move_window       ff.o
    0x080128e6   0x080128e6   0x00000002   PAD
    0x080128e8   0x080128e8   0x00000114   Code   RO         1224    i.pop_up_window     micromenu.o
    0x080129fc   0x080129fc   0x00000044   Code   RO           81    i.program_CAN_Send  main.o
    0x08012a40   0x08012a40   0x0000006c   Code   RO           82    i.program_CAN_timeout_CRC  main.o
    0x08012aac   0x08012aac   0x000003b0   Code   RO           83    i.program_LED_indication  main.o
    0x08012e5c   0x08012e5c   0x0000002c   Code   RO           84    i.program_USB_Transmit  main.o
    0x08012e88   0x08012e88   0x000000e4   Code   RO           85    i.program_calculation_Qmax_and_Mz  main.o
    0x08012f6c   0x08012f6c   0x0000020c   Code   RO           86    i.program_calculation_R  main.o
    0x08013178   0x08013178   0x000003a0   Code   RO           87    i.program_check_ERROR  main.o
    0x08013518   0x08013518   0x00000048   Code   RO           88    i.program_generate_password  main.o
    0x08013560   0x08013560   0x000000c0   Code   RO         1040    i.program_key_click  buttons.o
    0x08013620   0x08013620   0x00000568   Code   RO           89    i.program_limitations_CAN  main.o
    0x08013b88   0x08013b88   0x000000b4   Code   RO           90    i.program_read_time  main.o
    0x08013c3c   0x08013c3c   0x00000204   Code   RO           91    i.program_sensor_processing  main.o
    0x08013e40   0x08013e40   0x00000028   Code   RO           92    i.program_sound_off  main.o
    0x08013e68   0x08013e68   0x00000034   Code   RO           93    i.program_timeout_SD_USB_Disp  main.o
    0x08013e9c   0x08013e9c   0x00000048   Code   RO           94    i.program_version   main.o
    0x08013ee4   0x08013ee4   0x00000030   Code   RO           95    i.program_work_minutes  main.o
    0x08013f14   0x08013f14   0x00000158   Code   RO           96    i.program_write_params_to_AT45DB  main.o
    0x0801406c   0x0801406c   0x00000146   Code   RO         4497    i.put_fat           ff.o
    0x080141b2   0x080141b2   0x00000002   PAD
    0x080141b4   0x080141b4   0x00000014   Code   RO           97    i.read_flash        main.o
    0x080141c8   0x080141c8   0x0000006c   Code   RO         4498    i.remove_chain      ff.o
    0x08014234   0x08014234   0x00000068   Code   RO           98    i.save_Calib        main.o
    0x0801429c   0x0801429c   0x000000dc   Code   RO           99    i.save_date         main.o
    0x08014378   0x08014378   0x00000054   Code   RO          100    i.save_params       main.o
    0x080143cc   0x080143cc   0x0000001c   Code   RO          101    i.save_range_LEP    main.o
    0x080143e8   0x080143e8   0x000004e0   Code   RO          102    i.service           main.o
    0x080148c8   0x080148c8   0x0000001c   Code   RO         1225    i.show_pop_up_windiw  micromenu.o
    0x080148e4   0x080148e4   0x00000016   Code   RO          103    i.simple_item_print  main.o
    0x080148fa   0x080148fa   0x00000002   PAD
    0x080148fc   0x080148fc   0x0000009c   Code   RO         6858    i.sin               m_ps.l(sin.o)
    0x08014998   0x08014998   0x0000012c   Code   RO         4499    i.sync              ff.o
    0x08014ac4   0x08014ac4   0x000000a8   Code   RO          104    i.temperature_reading  main.o
    0x08014b6c   0x08014b6c   0x00000030   Code   RO         4500    i.validate          ff.o
    0x08014b9c   0x08014b9c   0x0000009c   Code   RO          105    i.vvod_krena        main.o
    0x08014c38   0x08014c38   0x00000547   Data   RO          108    .constdata          main.o
    0x0801517f   0x0801517f   0x00000001   PAD
    0x08015180   0x08015180   0x00000024   Data   RO         1227    .constdata          micromenu.o
    0x080151a4   0x080151a4   0x00000104   Data   RO         1620    .constdata          hd44780.o
    0x080152a8   0x080152a8   0x00000024   Data   RO         4710    .constdata          usbd_storage_if.o
    0x080152cc   0x080152cc   0x00000062   Data   RO         4798    .constdata          usbd_msc_cdc.o
    0x0801532e   0x0801532e   0x00000017   Data   RO         5028    .constdata          usbd_msc_data.o
    0x08015345   0x08015345   0x00000003   PAD
    0x08015348   0x08015348   0x00000034   Data   RO         5604    .constdata          usbd_desc.o
    0x0801537c   0x0801537c   0x00000010   Data   RO         5827    .constdata          usbd_cdc_if.o
    0x0801538c   0x0801538c   0x00001798   Data   RO         6626    .constdata          M0_CryptoFW_2_0_6.lib(crypto.o)
    0x08016b24   0x08016b24   0x00000004   PAD
    0x08016b28   0x08016b28   0x00000030   Data   RO         7184    .constdata          m_ps.l(cos_i.o)
    0x08016b58   0x08016b58   0x000000c8   Data   RO         7202    .constdata          m_ps.l(rred.o)
    0x08016c20   0x08016c20   0x00000028   Data   RO         7206    .constdata          m_ps.l(sin_i.o)
    0x08016c48   0x08016c48   0x00000081   Data   RO         7262    .constdata          mc_p.l(ctype_o.o)
    0x08016cc9   0x08016cc9   0x00000003   PAD
    0x08016ccc   0x08016ccc   0x00000004   Data   RO         7263    .constdata          mc_p.l(ctype_o.o)
    0x08016cd0   0x08016cd0   0x00000301   Data   RO          109    .conststring        main.o
    0x08016fd1   0x08016fd1   0x00000003   PAD
    0x08016fd4   0x08016fd4   0x00000020   Data   RO         7300    Region$$Table       anon$$obj.o


    Execution Region RW_IRAM1 (Exec base: 0x200000c4, Load base: 0x08016ff4, Size: 0x0000250c, Max: 0x00003f3c, ABSOLUTE, COMPRESSED[0x000001e4])

    Exec Addr    Load Addr    Size         Type   Attr      Idx    E Section Name        Object

    0x200000c4   COMPRESSED   0x0000034c   Data   RW          110    .data               main.o
    0x20000410   COMPRESSED   0x0000000a   Data   RW         1041    .data               buttons.o
    0x2000041a   COMPRESSED   0x00000002   PAD
    0x2000041c   COMPRESSED   0x00000008   Data   RW         1124    .data               i2c.o
    0x20000424   COMPRESSED   0x00000002   Data   RW         1172    .data               led.o
    0x20000426   COMPRESSED   0x00000002   PAD
    0x20000428   COMPRESSED   0x00000071   Data   RW         1228    .data               micromenu.o
    0x20000499   COMPRESSED   0x00000001   PAD
    0x2000049a   COMPRESSED   0x00000008   Data   RW         1525    .data               at45db.o
    0x200004a2   COMPRESSED   0x00000002   PAD
    0x200004a4   COMPRESSED   0x0000002c   Data   RW         1621    .data               hd44780.o
    0x200004d0   COMPRESSED   0x00000002   Data   RW         4311    .data               spi_msd_driver.o
    0x200004d2   COMPRESSED   0x00000002   PAD
    0x200004d4   COMPRESSED   0x00000006   Data   RW         4501    .data               ff.o
    0x200004da   COMPRESSED   0x00000002   PAD
    0x200004dc   COMPRESSED   0x00000020   Data   RW         4711    .data               usbd_storage_if.o
    0x200004fc   COMPRESSED   0x0000003a   Data   RW         4799    .data               usbd_msc_cdc.o
    0x20000536   COMPRESSED   0x00000001   Data   RW         5519    .data               usbd_ctlreq.o
    0x20000537   COMPRESSED   0x00000001   Data   RW         5730    .data               usbd_cdc.o
    0x20000538   COMPRESSED   0x00000004   Data   RW         7237    .data               mc_p.l(errno.o)
    0x2000053c        -       0x00000c13   Zero   RW          107    .bss                main.o
    0x2000114f   COMPRESSED   0x00000001   PAD
    0x20001150        -       0x00000080   Zero   RW         1226    .bss                micromenu.o
    0x200011d0        -       0x00000096   Zero   RW         1390    .bss                timers.o
    0x20001266        -       0x0000001e   Zero   RW         1454    .bss                messages.o
    0x20001284        -       0x00000210   Zero   RW         1524    .bss                at45db.o
    0x20001494   COMPRESSED   0x00000004   PAD
    0x20001498        -       0x00000060   Zero   RW         4310    .bss                spi_msd_driver.o
    0x200014f8        -       0x00000488   Zero   RW         4879    .bss                usbd_msc.o
    0x20001980        -       0x00000274   Zero   RW         5180    .bss                usbd_conf.o
    0x20001bf4        -       0x00000080   Zero   RW         5603    .bss                usbd_desc.o
    0x20001c74        -       0x0000005c   Zero   RW         5728    .bss                usbd_cdc.o
    0x20001cd0        -       0x00000100   Zero   RW         5826    .bss                usbd_cdc_if.o
    0x20001dd0        -       0x00000800   Zero   RW         6366    STACK               startup_stm32f072xb.o



  Load Region LR$$.ARM.__AT_0x20000000 (Base: 0x20000000, Size: 0x00000000, Max: 0x000000c0, ABSOLUTE)

    Execution Region ER$$.ARM.__AT_0x20000000 (Exec base: 0x20000000, Load base: 0x20000000, Size: 0x000000c0, Max: 0x000000c0, ABSOLUTE, UNINIT)

    Exec Addr    Load Addr    Size         Type   Attr      Idx    E Section Name        Object

    0x20000000        -       0x000000c0   Zero   RW          106    .ARM.__AT_0x20000000  main.o


==============================================================================

Image component sizes


      Code (inc. data)   RO Data    RW Data    ZI Data      Debug   Object Name

       232         22          0          0          0        639   adc.o
      1592        124          0          8        528       8324   at45db.o
       666         66          0         10          0       3255   buttons.o
       876        170          0          0          0       1939   can.o
       564         26          0          0          0       6211   diskio.o
      6516         66          0          6          0      31206   ff.o
       408         68        260         44          0       5491   hd44780.o
      1080         54          0          8          0       3586   i2c.o
       528         24          0          2          0       1290   led.o
     20450       4268       2120        844       3283     381316   main.o
       172         32          0          0         30       3284   messages.o
      2716        452         36        113        128      19163   micromenu.o
      2634         52          0          2         96      12965   spi_msd_driver.o
        28          8        192          0       2048        660   startup_stm32f072xb.o
       250          4          0          0          0       6276   stm32f0xx_adc.o
      1514         18          0          0          0       7904   stm32f0xx_can.o
       140         44          0          0          0       4244   stm32f0xx_crc.o
       448         24          0          0          0       3974   stm32f0xx_dma.o
       404         40          0          0          0       5954   stm32f0xx_flash.o
       240          0          0          0          0       4231   stm32f0xx_gpio.o
      2588         22          0          0          0     185216   stm32f0xx_hal_pcd.o
       114          0          0          0          0       2351   stm32f0xx_hal_pcd_ex.o
       212         16          0          0          0       5067   stm32f0xx_i2c.o
        16          8          0          0          0        573   stm32f0xx_iwdg.o
      3384         82          0          0          0      14779   stm32f0xx_ll_usb.o
       112          6          0          0          0       1292   stm32f0xx_misc.o
       724         90          0          0          0      12584   stm32f0xx_rcc.o
       140         20          0          0          0       3450   stm32f0xx_spi.o
        28          4          0          0          0        683   stm32f0xx_syscfg.o
       406         68          0          0          0       5761   stm32f0xx_tim.o
       120         18          0          0          0        501   system_stm32f0xx.o
       168         42          0          0        150       3556   timers.o
       584         10          0          1         92      13467   usbd_cdc.o
       198         30         16          0        256       9498   usbd_cdc_if.o
      1168         22          0          0        628      20670   usbd_conf.o
       854          0          0          0          0      13311   usbd_core.o
      1624         34          0          1          0       9320   usbd_ctlreq.o
       236        116         52          0        128       5319   usbd_desc.o
       182          0          0          0          0       4056   usbd_ioreq.o
       426          4          0          0       1160      14018   usbd_msc.o
       702         12          0          0          0      12360   usbd_msc_bot.o
       238         12         98         58          0      12637   usbd_msc_cdc.o
         0          0         23          0          0        837   usbd_msc_data.o
      2344         18          0          0          0      11911   usbd_msc_scsi.o
       268         28         36         32          0      25217   usbd_storage_if.o

    ----------------------------------------------------------------------
     58352       6224       2872       1140       8532     900346   Object Totals
         0          0         32          0          0          0   (incl. Generated)
        58          0          7         11          5          0   (incl. Padding)

    ----------------------------------------------------------------------

      Code (inc. data)   RO Data    RW Data    ZI Data      Debug   Library Member Name

      2602        312       6040          0          0        604   crypto.o
       152         10          0          0          0        104   cos.o
       244         20         48          0          0         92   cos_i.o
        46          6          0          0          0        204   dunder.o
        44          4          0          0          0         60   fpclassify.o
       172          0          0          0          0         76   poly.o
       924         86        200          0          0        120   rred.o
       156         10          0          0          0        104   sin.o
       236         14         40          0          0        100   sin_i.o
        86          0          0          0          0          0   __dczerorl2.o
        30          0          0          0          0         60   _chval.o
       166          0          0          0          0         84   _strtoul.o
        26          0          0          0          0         72   atoi.o
         8          4        133          0          0         60   ctype_o.o
         0          0          0          0          0          0   entry.o
         0          0          0          0          0          0   entry10a.o
         0          0          0          0          0          0   entry11a.o
         8          4          0          0          0          0   entry2.o
         4          0          0          0          0          0   entry5.o
         0          0          0          0          0          0   entry7b.o
         0          0          0          0          0          0   entry8b.o
         8          4          0          0          0          0   entry9a.o
        20         10          0          4          0        120   errno.o
        30          0          0          0          0          0   handlers.o
        40          0          0          0          0         72   idiv.o
        36          8          0          0          0         68   init.o
         0          0          0          0          0          0   iusefp.o
       122          0          0          0          0         84   llmul.o
        32          0          0          0          0         68   llshl.o
        38          0          0          0          0         68   llsshr.o
        34          0          0          0          0         68   llushr.o
        36          0          0          0          0         60   memcpya.o
        36          0          0          0          0        100   memseta.o
      2270         94          0          0          0        472   printfa.o
        24          0          0          0          0         60   strcat.o
        18          0          0          0          0         60   strcpy.o
        26          0          0          0          0         68   strncpy.o
        40          0          0          0          0         72   strstr.o
       112          4          0          0          0         76   strtol.o
        44          0          0          0          0         72   uidiv.o
        96          0          0          0          0         84   uldiv.o
        40          2          0          0          0         68   cdrcmple.o
        20          0          0          0          0         68   cfcmple.o
        20          0          0          0          0         68   cfrcmple.o
        56          0          0          0          0         68   d2f.o
       356          4          0          0          0        140   dadd.o
       240          6          0          0          0         84   ddiv.o
       236          0          0          0          0        216   depilogue.o
        72         10          0          0          0         72   dfixi.o
        64         10          0          0          0         68   dfixul.o
        40          6          0          0          0         68   dflti.o
        28          4          0          0          0         68   dfltui.o
       208          6          0          0          0         88   dmul.o
        44          0          0          0          0         72   dscalb.o
        40          0          0          0          0         60   f2d.o
       178          0          0          0          0        108   fadd.o
       124          0          0          0          0         72   fdiv.o
       130          0          0          0          0        144   fepilogue.o
        50          0          0          0          0         60   ffixi.o
        40          0          0          0          0         60   ffixui.o
        22          0          0          0          0         68   fflti.o
        14          0          0          0          0         68   ffltui.o
       122          0          0          0          0         72   fmul.o

    ----------------------------------------------------------------------
     10120        638       6468          4          0       5272   Library Totals
        10          0          7          0          0          0   (incl. Padding)

    ----------------------------------------------------------------------

      Code (inc. data)   RO Data    RW Data    ZI Data      Debug   Library Name

      2602        312       6040          0          0        604   M0_CryptoFW_2_0_6.lib
      1974        150        288          0          0        860   m_ps.l
      3390        128        133          4          0       1948   mc_p.l
      2144         48          0          0          0       1860   mf_p.l

    ----------------------------------------------------------------------
     10120        638       6468          4          0       5272   Library Totals

    ----------------------------------------------------------------------

==============================================================================


      Code (inc. data)   RO Data    RW Data    ZI Data      Debug   

     68472       6862       9340       1144       8532     883070   Grand Totals
     68472       6862       9340        484       8532     883070   ELF Image Totals (compressed)
     68472       6862       9340        484          0          0   ROM Totals

==============================================================================

    Total RO  Size (Code + RO Data)                77812 (  75.99kB)
    Total RW  Size (RW Data + ZI Data)              9676 (   9.45kB)
    Total ROM Size (Code + RO Data + RW Data)      78296 (  76.46kB)

==============================================================================

